Archive member included to satisfy reference by file (symbol)

C:/ST/STM32CubeIDE_1.14.0/STM32CubeIDE/plugins/com.st.stm32cube.ide.mcu.externaltools.gnu-tools-for-stm32.11.3.rel1.win32_1.1.100.202309141235/tools/bin/../lib/gcc/arm-none-eabi/11.3.1/../../../../arm-none-eabi/lib/thumb/v7-m/nofp\libc_nano.a(libc_a-exit.o)
                              C:/ST/STM32CubeIDE_1.14.0/STM32CubeIDE/plugins/com.st.stm32cube.ide.mcu.externaltools.gnu-tools-for-stm32.11.3.rel1.win32_1.1.100.202309141235/tools/bin/../lib/gcc/arm-none-eabi/11.3.1/../../../../arm-none-eabi/lib/thumb/v7-m/nofp/crt0.o (exit)
C:/ST/STM32CubeIDE_1.14.0/STM32CubeIDE/plugins/com.st.stm32cube.ide.mcu.externaltools.gnu-tools-for-stm32.11.3.rel1.win32_1.1.100.202309141235/tools/bin/../lib/gcc/arm-none-eabi/11.3.1/../../../../arm-none-eabi/lib/thumb/v7-m/nofp\libc_nano.a(libc_a-malloc.o)
                              ./Middlewares/ST/STM32_USB_Device_Library/Class/CDC/Src/usbd_cdc.o (malloc)
C:/ST/STM32CubeIDE_1.14.0/STM32CubeIDE/plugins/com.st.stm32cube.ide.mcu.externaltools.gnu-tools-for-stm32.11.3.rel1.win32_1.1.100.202309141235/tools/bin/../lib/gcc/arm-none-eabi/11.3.1/../../../../arm-none-eabi/lib/thumb/v7-m/nofp\libc_nano.a(libc_a-mallocr.o)
                              C:/ST/STM32CubeIDE_1.14.0/STM32CubeIDE/plugins/com.st.stm32cube.ide.mcu.externaltools.gnu-tools-for-stm32.11.3.rel1.win32_1.1.100.202309141235/tools/bin/../lib/gcc/arm-none-eabi/11.3.1/../../../../arm-none-eabi/lib/thumb/v7-m/nofp\libc_nano.a(libc_a-malloc.o) (_malloc_r)
C:/ST/STM32CubeIDE_1.14.0/STM32CubeIDE/plugins/com.st.stm32cube.ide.mcu.externaltools.gnu-tools-for-stm32.11.3.rel1.win32_1.1.100.202309141235/tools/bin/../lib/gcc/arm-none-eabi/11.3.1/../../../../arm-none-eabi/lib/thumb/v7-m/nofp\libc_nano.a(libc_a-mlock.o)
                              C:/ST/STM32CubeIDE_1.14.0/STM32CubeIDE/plugins/com.st.stm32cube.ide.mcu.externaltools.gnu-tools-for-stm32.11.3.rel1.win32_1.1.100.202309141235/tools/bin/../lib/gcc/arm-none-eabi/11.3.1/../../../../arm-none-eabi/lib/thumb/v7-m/nofp\libc_nano.a(libc_a-mallocr.o) (__malloc_lock)
C:/ST/STM32CubeIDE_1.14.0/STM32CubeIDE/plugins/com.st.stm32cube.ide.mcu.externaltools.gnu-tools-for-stm32.11.3.rel1.win32_1.1.100.202309141235/tools/bin/../lib/gcc/arm-none-eabi/11.3.1/../../../../arm-none-eabi/lib/thumb/v7-m/nofp\libc_nano.a(libc_a-findfp.o)
                              C:/ST/STM32CubeIDE_1.14.0/STM32CubeIDE/plugins/com.st.stm32cube.ide.mcu.externaltools.gnu-tools-for-stm32.11.3.rel1.win32_1.1.100.202309141235/tools/bin/../lib/gcc/arm-none-eabi/11.3.1/../../../../arm-none-eabi/lib/thumb/v7-m/nofp\libc_nano.a(libc_a-exit.o) (__stdio_exit_handler)
C:/ST/STM32CubeIDE_1.14.0/STM32CubeIDE/plugins/com.st.stm32cube.ide.mcu.externaltools.gnu-tools-for-stm32.11.3.rel1.win32_1.1.100.202309141235/tools/bin/../lib/gcc/arm-none-eabi/11.3.1/../../../../arm-none-eabi/lib/thumb/v7-m/nofp\libc_nano.a(libc_a-fwalk.o)
                              C:/ST/STM32CubeIDE_1.14.0/STM32CubeIDE/plugins/com.st.stm32cube.ide.mcu.externaltools.gnu-tools-for-stm32.11.3.rel1.win32_1.1.100.202309141235/tools/bin/../lib/gcc/arm-none-eabi/11.3.1/../../../../arm-none-eabi/lib/thumb/v7-m/nofp\libc_nano.a(libc_a-findfp.o) (_fwalk_sglue)
C:/ST/STM32CubeIDE_1.14.0/STM32CubeIDE/plugins/com.st.stm32cube.ide.mcu.externaltools.gnu-tools-for-stm32.11.3.rel1.win32_1.1.100.202309141235/tools/bin/../lib/gcc/arm-none-eabi/11.3.1/../../../../arm-none-eabi/lib/thumb/v7-m/nofp\libc_nano.a(libc_a-stdio.o)
                              C:/ST/STM32CubeIDE_1.14.0/STM32CubeIDE/plugins/com.st.stm32cube.ide.mcu.externaltools.gnu-tools-for-stm32.11.3.rel1.win32_1.1.100.202309141235/tools/bin/../lib/gcc/arm-none-eabi/11.3.1/../../../../arm-none-eabi/lib/thumb/v7-m/nofp\libc_nano.a(libc_a-findfp.o) (__sread)
C:/ST/STM32CubeIDE_1.14.0/STM32CubeIDE/plugins/com.st.stm32cube.ide.mcu.externaltools.gnu-tools-for-stm32.11.3.rel1.win32_1.1.100.202309141235/tools/bin/../lib/gcc/arm-none-eabi/11.3.1/../../../../arm-none-eabi/lib/thumb/v7-m/nofp\libc_nano.a(libc_a-memset.o)
                              C:/ST/STM32CubeIDE_1.14.0/STM32CubeIDE/plugins/com.st.stm32cube.ide.mcu.externaltools.gnu-tools-for-stm32.11.3.rel1.win32_1.1.100.202309141235/tools/bin/../lib/gcc/arm-none-eabi/11.3.1/../../../../arm-none-eabi/lib/thumb/v7-m/nofp/crt0.o (memset)
C:/ST/STM32CubeIDE_1.14.0/STM32CubeIDE/plugins/com.st.stm32cube.ide.mcu.externaltools.gnu-tools-for-stm32.11.3.rel1.win32_1.1.100.202309141235/tools/bin/../lib/gcc/arm-none-eabi/11.3.1/../../../../arm-none-eabi/lib/thumb/v7-m/nofp\libc_nano.a(libc_a-closer.o)
                              C:/ST/STM32CubeIDE_1.14.0/STM32CubeIDE/plugins/com.st.stm32cube.ide.mcu.externaltools.gnu-tools-for-stm32.11.3.rel1.win32_1.1.100.202309141235/tools/bin/../lib/gcc/arm-none-eabi/11.3.1/../../../../arm-none-eabi/lib/thumb/v7-m/nofp\libc_nano.a(libc_a-stdio.o) (_close_r)
[...]
Memory Configuration

Name             Origin             Length             Attributes
RAM              0x0000000020000000 0x0000000000020000 xrw
FLASH            0x0000000008000000 0x0000000000100000 xr
*default*        0x0000000000000000 0xffffffffffffffff

Linker script and memory map

LOAD C:/ST/STM32CubeIDE_1.14.0/STM32CubeIDE/plugins/com.st.stm32cube.ide.mcu.externaltools.gnu-tools-for-stm32.11.3.rel1.win32_1.1.100.202309141235/tools/bin/../lib/gcc/arm-none-eabi/11.3.1/thumb/v7-m/nofp/crti.o
LOAD C:/ST/STM32CubeIDE_1.14.0/STM32CubeIDE/plugins/com.st.stm32cube.ide.mcu.externaltools.gnu-tools-for-stm32.11.3.rel1.win32_1.1.100.202309141235/tools/bin/../lib/gcc/arm-none-eabi/11.3.1/thumb/v7-m/nofp/crtbegin.o
LOAD C:/ST/STM32CubeIDE_1.14.0/STM32CubeIDE/plugins/com.st.stm32cube.ide.mcu.externaltools.gnu-tools-for-stm32.11.3.rel1.win32_1.1.100.202309141235/tools/bin/../lib/gcc/arm-none-eabi/11.3.1/../../../../arm-none-eabi/lib/thumb/v7-m/nofp/crt0.o
LOAD ./Core/Src/crc.o
LOAD ./Core/Src/dma.o
LOAD ./Core/Src/gpio.o
LOAD ./Core/Src/i2c.o
LOAD ./Core/Src/main.o
LOAD ./Core/Src/rng.o
LOAD ./Core/Src/rtc.o
LOAD ./Core/Src/sdio.o
LOAD ./Core/Src/spi.o
LOAD ./Core/Src/stm32f2xx_hal_msp.o
LOAD ./Core/Src/stm32f2xx_it.o
LOAD ./Core/Src/syscalls.o
LOAD ./Core/Src/sysmem.o
LOAD ./Core/Src/system_stm32f2xx.o
LOAD ./Core/Src/tim.o
LOAD ./Core/Src/usart.o
LOAD ./Core/Startup/startup_stm32f215rgtx.o
LOAD ./Drivers/STM32F2xx_HAL_Driver/Src/stm32f2xx_hal.o
LOAD ./Drivers/STM32F2xx_HAL_Driver/Src/stm32f2xx_hal_cortex.o
LOAD ./Drivers/STM32F2xx_HAL_Driver/Src/stm32f2xx_hal_crc.o
LOAD ./Drivers/STM32F2xx_HAL_Driver/Src/stm32f2xx_hal_dma.o
LOAD ./Drivers/STM32F2xx_HAL_Driver/Src/stm32f2xx_hal_dma_ex.o
LOAD ./Drivers/STM32F2xx_HAL_Driver/Src/stm32f2xx_hal_exti.o
LOAD ./Drivers/STM32F2xx_HAL_Driver/Src/stm32f2xx_hal_flash.o
LOAD ./Drivers/STM32F2xx_HAL_Driver/Src/stm32f2xx_hal_flash_ex.o
LOAD ./Drivers/STM32F2xx_HAL_Driver/Src/stm32f2xx_hal_gpio.o
LOAD ./Drivers/STM32F2xx_HAL_Driver/Src/stm32f2xx_hal_i2c.o
LOAD ./Drivers/STM32F2xx_HAL_Driver/Src/stm32f2xx_hal_pcd.o
LOAD ./Drivers/STM32F2xx_HAL_Driver/Src/stm32f2xx_hal_pcd_ex.o
LOAD ./Drivers/STM32F2xx_HAL_Driver/Src/stm32f2xx_hal_pwr.o
LOAD ./Drivers/STM32F2xx_HAL_Driver/Src/stm32f2xx_hal_pwr_ex.o
LOAD ./Drivers/STM32F2xx_HAL_Driver/Src/stm32f2xx_hal_rcc.o
LOAD ./Drivers/STM32F2xx_HAL_Driver/Src/stm32f2xx_hal_rcc_ex.o
LOAD ./Drivers/STM32F2xx_HAL_Driver/Src/stm32f2xx_hal_rng.o
LOAD ./Drivers/STM32F2xx_HAL_Driver/Src/stm32f2xx_hal_rtc.o
LOAD ./Drivers/STM32F2xx_HAL_Driver/Src/stm32f2xx_hal_rtc_ex.o
LOAD ./Drivers/STM32F2xx_HAL_Driver/Src/stm32f2xx_hal_sd.o
LOAD ./Drivers/STM32F2xx_HAL_Driver/Src/stm32f2xx_hal_spi.o
LOAD ./Drivers/STM32F2xx_HAL_Driver/Src/stm32f2xx_hal_tim.o
LOAD ./Drivers/STM32F2xx_HAL_Driver/Src/stm32f2xx_hal_tim_ex.o
LOAD ./Drivers/STM32F2xx_HAL_Driver/Src/stm32f2xx_hal_uart.o
LOAD ./Drivers/STM32F2xx_HAL_Driver/Src/stm32f2xx_ll_sdmmc.o
LOAD ./Drivers/STM32F2xx_HAL_Driver/Src/stm32f2xx_ll_usb.o
LOAD ./FATFS/App/fatfs.o
LOAD ./FATFS/Target/bsp_driver_sd.o
LOAD ./Middlewares/ST/STM32_USB_Device_Library/Class/CDC/Src/usbd_cdc.o
LOAD ./Middlewares/ST/STM32_USB_Device_Library/Core/Src/usbd_core.o
LOAD ./Middlewares/ST/STM32_USB_Device_Library/Core/Src/usbd_ctlreq.o
LOAD ./Middlewares/ST/STM32_USB_Device_Library/Core/Src/usbd_ioreq.o
LOAD ./Middlewares/Third_Party/FatFs/src/diskio.o
LOAD ./Middlewares/Third_Party/FatFs/src/ff.o
LOAD ./Middlewares/Third_Party/FatFs/src/ff_gen_drv.o
LOAD ./Middlewares/Third_Party/FatFs/src/drivers/sd_diskio.o
LOAD ./Middlewares/Third_Party/FatFs/src/option/syscall.o
LOAD ./Module/Src/buttons.o
LOAD ./Module/Src/debug_LED.o
LOAD ./Module/Src/module.o
LOAD ./Module/Src/out.o
LOAD ./Module/Src/spi_LED.o
LOAD ./USB_DEVICE/App/usb_device.o
LOAD ./USB_DEVICE/App/usbd_cdc_if.o
LOAD ./USB_DEVICE/App/usbd_desc.o
LOAD ./USB_DEVICE/Target/usbd_conf.o
START GROUP
END GROUP
START GROUP
LOAD C:/ST/STM32CubeIDE_1.14.0/STM32CubeIDE/plugins/com.st.stm32cube.ide.mcu.externaltools.gnu-tools-for-stm32.11.3.rel1.win32_1.1.100.202309141235/tools/bin/../lib/gcc/arm-none-eabi/11.3.1/../../../../arm-none-eabi/lib/thumb/v7-m/nofp\libc_nano.a
LOAD C:/ST/STM32CubeIDE_1.14.0/STM32CubeIDE/plugins/com.st.stm32cube.ide.mcu.externaltools.gnu-tools-for-stm32.11.3.rel1.win32_1.1.100.202309141235/tools/bin/../lib/gcc/arm-none-eabi/11.3.1/../../../../arm-none-eabi/lib/thumb/v7-m/nofp\libm.a
END GROUP
START GROUP
LOAD C:/ST/STM32CubeIDE_1.14.0/STM32CubeIDE/plugins/com.st.stm32cube.ide.mcu.externaltools.gnu-tools-for-stm32.11.3.rel1.win32_1.1.100.202309141235/tools/bin/../lib/gcc/arm-none-eabi/11.3.1/thumb/v7-m/nofp\libgcc.a
LOAD C:/ST/STM32CubeIDE_1.14.0/STM32CubeIDE/plugins/com.st.stm32cube.ide.mcu.externaltools.gnu-tools-for-stm32.11.3.rel1.win32_1.1.100.202309141235/tools/bin/../lib/gcc/arm-none-eabi/11.3.1/../../../../arm-none-eabi/lib/thumb/v7-m/nofp\libc_nano.a
END GROUP
START GROUP
LOAD C:/ST/STM32CubeIDE_1.14.0/STM32CubeIDE/plugins/com.st.stm32cube.ide.mcu.externaltools.gnu-tools-for-stm32.11.3.rel1.win32_1.1.100.202309141235/tools/bin/../lib/gcc/arm-none-eabi/11.3.1/thumb/v7-m/nofp\libgcc.a
LOAD C:/ST/STM32CubeIDE_1.14.0/STM32CubeIDE/plugins/com.st.stm32cube.ide.mcu.externaltools.gnu-tools-for-stm32.11.3.rel1.win32_1.1.100.202309141235/tools/bin/../lib/gcc/arm-none-eabi/11.3.1/../../../../arm-none-eabi/lib/thumb/v7-m/nofp\libc_nano.a
LOAD C:/ST/STM32CubeIDE_1.14.0/STM32CubeIDE/plugins/com.st.stm32cube.ide.mcu.externaltools.gnu-tools-for-stm32.11.3.rel1.win32_1.1.100.202309141235/tools/bin/../lib/gcc/arm-none-eabi/11.3.1/../../../../arm-none-eabi/lib/thumb/v7-m/nofp\libnosys.a
END GROUP
START GROUP
LOAD C:/ST/STM32CubeIDE_1.14.0/STM32CubeIDE/plugins/com.st.stm32cube.ide.mcu.externaltools.gnu-tools-for-stm32.11.3.rel1.win32_1.1.100.202309141235/tools/bin/../lib/gcc/arm-none-eabi/11.3.1/thumb/v7-m/nofp\libgcc.a
LOAD C:/ST/STM32CubeIDE_1.14.0/STM32CubeIDE/plugins/com.st.stm32cube.ide.mcu.externaltools.gnu-tools-for-stm32.11.3.rel1.win32_1.1.100.202309141235/tools/bin/../lib/gcc/arm-none-eabi/11.3.1/../../../../arm-none-eabi/lib/thumb/v7-m/nofp\libc_nano.a
LOAD C:/ST/STM32CubeIDE_1.14.0/STM32CubeIDE/plugins/com.st.stm32cube.ide.mcu.externaltools.gnu-tools-for-stm32.11.3.rel1.win32_1.1.100.202309141235/tools/bin/../lib/gcc/arm-none-eabi/11.3.1/../../../../arm-none-eabi/lib/thumb/v7-m/nofp\libnosys.a
END GROUP
LOAD C:/ST/STM32CubeIDE_1.14.0/STM32CubeIDE/plugins/com.st.stm32cube.ide.mcu.externaltools.gnu-tools-for-stm32.11.3.rel1.win32_1.1.100.202309141235/tools/bin/../lib/gcc/arm-none-eabi/11.3.1/thumb/v7-m/nofp/crtend.o
LOAD C:/ST/STM32CubeIDE_1.14.0/STM32CubeIDE/plugins/com.st.stm32cube.ide.mcu.externaltools.gnu-tools-for-stm32.11.3.rel1.win32_1.1.100.202309141235/tools/bin/../lib/gcc/arm-none-eabi/11.3.1/thumb/v7-m/nofp/crtn.o
                0x0000000020020000                _estack = (ORIGIN (RAM) + LENGTH (RAM))
                0x0000000000000200                _Min_Heap_Size = 0x200
                0x0000000000000400                _Min_Stack_Size = 0x400

.isr_vector     0x0000000008000000      0x184
                0x0000000008000000                . = ALIGN (0x4)
 *(.isr_vector)
 .isr_vector    0x0000000008000000      0x184 ./Core/Startup/startup_stm32f215rgtx.o
                0x0000000008000000                g_pfnVectors
                0x0000000008000184                . = ALIGN (0x4)

.text           0x0000000008000184     0xcf98
                0x0000000008000184                . = ALIGN (0x4)
 *(.text)
 .text          0x0000000008000184       0x40 C:/ST/STM32CubeIDE_1.14.0/STM32CubeIDE/plugins/com.st.stm32cube.ide.mcu.externaltools.gnu-tools-for-stm32.11.3.rel1.win32_1.1.100.202309141235/tools/bin/../lib/gcc/arm-none-eabi/11.3.1/thumb/v7-m/nofp/crtbegin.o
 .text          0x00000000080001c4       0x30 C:/ST/STM32CubeIDE_1.14.0/STM32CubeIDE/plugins/com.st.stm32cube.ide.mcu.externaltools.gnu-tools-for-stm32.11.3.rel1.win32_1.1.100.202309141235/tools/bin/../lib/gcc/arm-none-eabi/11.3.1/thumb/v7-m/nofp\libgcc.a(_aeabi_uldivmod.o)
                0x00000000080001c4                __aeabi_uldivmod
 .text          0x00000000080001f4      0x2cc C:/ST/STM32CubeIDE_1.14.0/STM32CubeIDE/plugins/com.st.stm32cube.ide.mcu.externaltools.gnu-tools-for-stm32.11.3.rel1.win32_1.1.100.202309141235/tools/bin/../lib/gcc/arm-none-eabi/11.3.1/thumb/v7-m/nofp\libgcc.a(_udivmoddi4.o)
                0x00000000080001f4                __udivmoddi4
 .text          0x00000000080004c0        0x4 C:/ST/STM32CubeIDE_1.14.0/STM32CubeIDE/plugins/com.st.stm32cube.ide.mcu.externaltools.gnu-tools-for-stm32.11.3.rel1.win32_1.1.100.202309141235/tools/bin/../lib/gcc/arm-none-eabi/11.3.1/thumb/v7-m/nofp\libgcc.a(_dvmd_tls.o)
                0x00000000080004c0                __aeabi_idiv0
                0x00000000080004c0                __aeabi_ldiv0
 *(.text*)
 .text.MX_CRC_Init
                0x00000000080004c4       0x28 ./Core/Src/crc.o
                0x00000000080004c4                MX_CRC_Init
 .text.HAL_CRC_MspInit
                0x00000000080004ec       0x40 ./Core/Src/crc.o
                0x00000000080004ec                HAL_CRC_MspInit
 .text.MX_DMA_Init
                0x000000000800052c       0xe4 ./Core/Src/dma.o
                0x000000000800052c                MX_DMA_Init
 .text.MX_GPIO_Init
                0x0000000008000610      0x16c ./Core/Src/gpio.o
                0x0000000008000610                MX_GPIO_Init
 .text.MX_I2C2_Init
                0x000000000800077c       0x5c ./Core/Src/i2c.o
                0x000000000800077c                MX_I2C2_Init
 .text.HAL_I2C_MspInit
                0x00000000080007d8       0x90 ./Core/Src/i2c.o
                0x00000000080007d8                HAL_I2C_MspInit
 .text.main     0x0000000008000868       0xd8 ./Core/Src/main.o
                0x0000000008000868                main
 .text.SystemClock_Config
                0x0000000008000940       0xca ./Core/Src/main.o
                0x0000000008000940                SystemClock_Config
 .text.HAL_UART_RxCpltCallback
                0x0000000008000a0a       0x12 ./Core/Src/main.o
                0x0000000008000a0a                HAL_UART_RxCpltCallback
 .text.Main_IncTic
                0x0000000008000a1c        0xc ./Core/Src/main.o
                0x0000000008000a1c                Main_IncTic
 .text.Buttons_Handler
                0x0000000008000a28       0x80 ./Core/Src/main.o
                0x0000000008000a28                Buttons_Handler
 .text.Error_Handler
                0x0000000008000aa8       0x10 ./Core/Src/main.o
                0x0000000008000aa8                Error_Handler
 .text.MX_RNG_Init
                0x0000000008000ab8       0x28 ./Core/Src/rng.o
                0x0000000008000ab8                MX_RNG_Init
 .text.HAL_RNG_MspInit
                0x0000000008000ae0       0x40 ./Core/Src/rng.o
                0x0000000008000ae0                HAL_RNG_MspInit
 .text.MX_RTC_Init
                0x0000000008000b20       0xb0 ./Core/Src/rtc.o
                0x0000000008000b20                MX_RTC_Init
 .text.HAL_RTC_MspInit
                0x0000000008000bd0       0x2c ./Core/Src/rtc.o
                0x0000000008000bd0                HAL_RTC_MspInit
 .text.MX_SDIO_SD_Init
                0x0000000008000bfc       0x40 ./Core/Src/sdio.o
                0x0000000008000bfc                MX_SDIO_SD_Init
 .text.HAL_SD_MspInit
                0x0000000008000c3c       0xf4 ./Core/Src/sdio.o
                0x0000000008000c3c                HAL_SD_MspInit
 .text.MX_SPI1_Init
                0x0000000008000d30       0x6c ./Core/Src/spi.o
                0x0000000008000d30                MX_SPI1_Init
 .text.MX_SPI2_Init
                0x0000000008000d9c       0x6c ./Core/Src/spi.o
                0x0000000008000d9c                MX_SPI2_Init
 .text.MX_SPI3_Init
                0x0000000008000e08       0x6c ./Core/Src/spi.o
                0x0000000008000e08                MX_SPI3_Init
 .text.HAL_SPI_MspInit
                0x0000000008000e74      0x270 ./Core/Src/spi.o
                0x0000000008000e74                HAL_SPI_MspInit
 .text.HAL_SPI_MspDeInit
                0x00000000080010e4       0xa8 ./Core/Src/spi.o
                0x00000000080010e4                HAL_SPI_MspDeInit
 .text.HAL_MspInit
                0x000000000800118c       0x4c ./Core/Src/stm32f2xx_hal_msp.o
                0x000000000800118c                HAL_MspInit
 .text.NMI_Handler
                0x00000000080011d8        0x6 ./Core/Src/stm32f2xx_it.o
                0x00000000080011d8                NMI_Handler
 .text.HardFault_Handler
                0x00000000080011de        0x6 ./Core/Src/stm32f2xx_it.o
                0x00000000080011de                HardFault_Handler
 .text.MemManage_Handler
                0x00000000080011e4        0x6 ./Core/Src/stm32f2xx_it.o
                0x00000000080011e4                MemManage_Handler
 .text.BusFault_Handler
                0x00000000080011ea        0x6 ./Core/Src/stm32f2xx_it.o
                0x00000000080011ea                BusFault_Handler
 .text.UsageFault_Handler
                0x00000000080011f0        0x6 ./Core/Src/stm32f2xx_it.o
                0x00000000080011f0                UsageFault_Handler
 .text.SVC_Handler
                0x00000000080011f6        0xc ./Core/Src/stm32f2xx_it.o
                0x00000000080011f6                SVC_Handler
 .text.DebugMon_Handler
                0x0000000008001202        0xc ./Core/Src/stm32f2xx_it.o
                0x0000000008001202                DebugMon_Handler
 .text.PendSV_Handler
                0x000000000800120e        0xc ./Core/Src/stm32f2xx_it.o
                0x000000000800120e                PendSV_Handler
 .text.SysTick_Handler
                0x000000000800121a        0xc ./Core/Src/stm32f2xx_it.o
                0x000000000800121a                SysTick_Handler
 *fill*         0x0000000008001226        0x2 
 .text.DMA1_Stream4_IRQHandler
                0x0000000008001228       0x14 ./Core/Src/stm32f2xx_it.o
                0x0000000008001228                DMA1_Stream4_IRQHandler
 .text.TIM3_IRQHandler
                0x000000000800123c       0x14 ./Core/Src/stm32f2xx_it.o
                0x000000000800123c                TIM3_IRQHandler
 .text.TIM4_IRQHandler
                0x0000000008001250       0x14 ./Core/Src/stm32f2xx_it.o
                0x0000000008001250                TIM4_IRQHandler
 .text.USART2_IRQHandler
                0x0000000008001264       0x14 ./Core/Src/stm32f2xx_it.o
                0x0000000008001264                USART2_IRQHandler
 .text.DMA2_Stream0_IRQHandler
                0x0000000008001278       0x14 ./Core/Src/stm32f2xx_it.o
                0x0000000008001278                DMA2_Stream0_IRQHandler
 .text.DMA2_Stream3_IRQHandler
                0x000000000800128c       0x14 ./Core/Src/stm32f2xx_it.o
                0x000000000800128c                DMA2_Stream3_IRQHandler
 .text.OTG_FS_IRQHandler
                0x00000000080012a0       0x14 ./Core/Src/stm32f2xx_it.o
                0x00000000080012a0                OTG_FS_IRQHandler
 .text._sbrk    0x00000000080012b4       0x6c ./Core/Src/sysmem.o
                0x00000000080012b4                _sbrk
 .text.SystemInit
                0x0000000008001320        0xc ./Core/Src/system_stm32f2xx.o
                0x0000000008001320                SystemInit
 .text.MX_TIM3_Init
                0x000000000800132c       0xe0 ./Core/Src/tim.o
                0x000000000800132c                MX_TIM3_Init
 .text.MX_TIM4_Init
                0x000000000800140c       0xf4 ./Core/Src/tim.o
                0x000000000800140c                MX_TIM4_Init
 .text.HAL_TIM_PWM_MspInit
                0x0000000008001500       0x8c ./Core/Src/tim.o
                0x0000000008001500                HAL_TIM_PWM_MspInit
 .text.HAL_TIM_MspPostInit
                0x000000000800158c      0x100 ./Core/Src/tim.o
                0x000000000800158c                HAL_TIM_MspPostInit
 .text.MX_UART4_Init
                0x000000000800168c       0x54 ./Core/Src/usart.o
                0x000000000800168c                MX_UART4_Init
 .text.MX_USART2_UART_Init
                0x00000000080016e0       0x54 ./Core/Src/usart.o
                0x00000000080016e0                MX_USART2_UART_Init
 .text.HAL_UART_MspInit
                0x0000000008001734      0x108 ./Core/Src/usart.o
                0x0000000008001734                HAL_UART_MspInit
 .text.Reset_Handler
                0x000000000800183c       0x50 ./Core/Startup/startup_stm32f215rgtx.o
                0x000000000800183c                Reset_Handler
 .text.Default_Handler
                0x000000000800188c        0x2 ./Core/Startup/startup_stm32f215rgtx.o
                0x000000000800188c                RTC_Alarm_IRQHandler
                0x000000000800188c                HASH_RNG_IRQHandler
                0x000000000800188c                EXTI2_IRQHandler
                0x000000000800188c                TIM8_CC_IRQHandler
                0x000000000800188c                TIM1_CC_IRQHandler
                0x000000000800188c                DMA2_Stream5_IRQHandler
                0x000000000800188c                DMA1_Stream5_IRQHandler
                0x000000000800188c                PVD_IRQHandler
                0x000000000800188c                SDIO_IRQHandler
                0x000000000800188c                TAMP_STAMP_IRQHandler
                0x000000000800188c                CAN2_RX1_IRQHandler
                0x000000000800188c                EXTI3_IRQHandler
                0x000000000800188c                TIM8_TRG_COM_TIM14_IRQHandler
                0x000000000800188c                TIM1_UP_TIM10_IRQHandler
                0x000000000800188c                TIM8_UP_TIM13_IRQHandler
                0x000000000800188c                I2C3_ER_IRQHandler
                0x000000000800188c                EXTI0_IRQHandler
                0x000000000800188c                I2C2_EV_IRQHandler
                0x000000000800188c                DMA1_Stream2_IRQHandler
                0x000000000800188c                CAN1_RX0_IRQHandler
                0x000000000800188c                OTG_HS_WKUP_IRQHandler
                0x000000000800188c                CAN2_SCE_IRQHandler
                0x000000000800188c                DMA2_Stream2_IRQHandler
                0x000000000800188c                SPI1_IRQHandler
                0x000000000800188c                TIM6_DAC_IRQHandler
                0x000000000800188c                TIM1_BRK_TIM9_IRQHandler
                0x000000000800188c                CAN2_RX0_IRQHandler
                0x000000000800188c                USART6_IRQHandler
                0x000000000800188c                USART3_IRQHandler
                0x000000000800188c                CRYP_IRQHandler
                0x000000000800188c                CAN1_RX1_IRQHandler
                0x000000000800188c                UART5_IRQHandler
                0x000000000800188c                I2C1_EV_IRQHandler
                0x000000000800188c                DMA1_Stream6_IRQHandler
                0x000000000800188c                DMA1_Stream1_IRQHandler
                0x000000000800188c                UART4_IRQHandler
                0x000000000800188c                RCC_IRQHandler
                0x000000000800188c                TIM8_BRK_TIM12_IRQHandler
                0x000000000800188c                Default_Handler
                0x000000000800188c                EXTI15_10_IRQHandler
                0x000000000800188c                ADC_IRQHandler
                0x000000000800188c                DMA1_Stream7_IRQHandler
                0x000000000800188c                TIM7_IRQHandler
                0x000000000800188c                CAN2_TX_IRQHandler
                0x000000000800188c                TIM5_IRQHandler
                0x000000000800188c                DMA2_Stream7_IRQHandler
                0x000000000800188c                I2C3_EV_IRQHandler
                0x000000000800188c                EXTI9_5_IRQHandler
                0x000000000800188c                RTC_WKUP_IRQHandler
                0x000000000800188c                SPI2_IRQHandler
                0x000000000800188c                OTG_HS_EP1_IN_IRQHandler
                0x000000000800188c                DMA1_Stream0_IRQHandler
                0x000000000800188c                CAN1_TX_IRQHandler
                0x000000000800188c                EXTI4_IRQHandler
                0x000000000800188c                FSMC_IRQHandler
                0x000000000800188c                OTG_HS_EP1_OUT_IRQHandler
                0x000000000800188c                WWDG_IRQHandler
                0x000000000800188c                TIM2_IRQHandler
                0x000000000800188c                OTG_FS_WKUP_IRQHandler
                0x000000000800188c                TIM1_TRG_COM_TIM11_IRQHandler
                0x000000000800188c                OTG_HS_IRQHandler
                0x000000000800188c                EXTI1_IRQHandler
                0x000000000800188c                I2C2_ER_IRQHandler
                0x000000000800188c                DMA2_Stream1_IRQHandler
                0x000000000800188c                CAN1_SCE_IRQHandler
                0x000000000800188c                FLASH_IRQHandler
                0x000000000800188c                DMA2_Stream4_IRQHandler
                0x000000000800188c                USART1_IRQHandler
                0x000000000800188c                SPI3_IRQHandler
                0x000000000800188c                I2C1_ER_IRQHandler
                0x000000000800188c                DMA2_Stream6_IRQHandler
                0x000000000800188c                DMA1_Stream3_IRQHandler
 *fill*         0x000000000800188e        0x2 
 .text.HAL_Init
                0x0000000008001890       0x44 ./Drivers/STM32F2xx_HAL_Driver/Src/stm32f2xx_hal.o
                0x0000000008001890                HAL_Init
 .text.HAL_InitTick
                0x00000000080018d4       0x60 ./Drivers/STM32F2xx_HAL_Driver/Src/stm32f2xx_hal.o
                0x00000000080018d4                HAL_InitTick
 .text.HAL_GetTick
                0x0000000008001934       0x14 ./Drivers/STM32F2xx_HAL_Driver/Src/stm32f2xx_hal.o
                0x0000000008001934                HAL_GetTick
 .text.HAL_Delay
                0x0000000008001948       0x48 ./Drivers/STM32F2xx_HAL_Driver/Src/stm32f2xx_hal.o
                0x0000000008001948                HAL_Delay
 .text.__NVIC_SetPriorityGrouping
                0x0000000008001990       0x48 ./Drivers/STM32F2xx_HAL_Driver/Src/stm32f2xx_hal_cortex.o
 .text.__NVIC_GetPriorityGrouping
                0x00000000080019d8       0x1c ./Drivers/STM32F2xx_HAL_Driver/Src/stm32f2xx_hal_cortex.o
 .text.__NVIC_EnableIRQ
                0x00000000080019f4       0x38 ./Drivers/STM32F2xx_HAL_Driver/Src/stm32f2xx_hal_cortex.o
 .text.__NVIC_SetPriority
                0x0000000008001a2c       0x54 ./Drivers/STM32F2xx_HAL_Driver/Src/stm32f2xx_hal_cortex.o
 .text.NVIC_EncodePriority
                0x0000000008001a80       0x64 ./Drivers/STM32F2xx_HAL_Driver/Src/stm32f2xx_hal_cortex.o
 .text.SysTick_Config
                0x0000000008001ae4       0x44 ./Drivers/STM32F2xx_HAL_Driver/Src/stm32f2xx_hal_cortex.o
 .text.HAL_NVIC_SetPriorityGrouping
                0x0000000008001b28       0x16 ./Drivers/STM32F2xx_HAL_Driver/Src/stm32f2xx_hal_cortex.o
                0x0000000008001b28                HAL_NVIC_SetPriorityGrouping
 .text.HAL_NVIC_SetPriority
                0x0000000008001b3e       0x38 ./Drivers/STM32F2xx_HAL_Driver/Src/stm32f2xx_hal_cortex.o
                0x0000000008001b3e                HAL_NVIC_SetPriority
 .text.HAL_NVIC_EnableIRQ
                0x0000000008001b76       0x1c ./Drivers/STM32F2xx_HAL_Driver/Src/stm32f2xx_hal_cortex.o
                0x0000000008001b76                HAL_NVIC_EnableIRQ
 .text.HAL_SYSTICK_Config
                0x0000000008001b92       0x18 ./Drivers/STM32F2xx_HAL_Driver/Src/stm32f2xx_hal_cortex.o
                0x0000000008001b92                HAL_SYSTICK_Config
 .text.HAL_CRC_Init
                0x0000000008001baa       0x38 ./Drivers/STM32F2xx_HAL_Driver/Src/stm32f2xx_hal_crc.o
                0x0000000008001baa                HAL_CRC_Init
 *fill*         0x0000000008001be2        0x2 
 .text.HAL_DMA_Init
                0x0000000008001be4      0x15c ./Drivers/STM32F2xx_HAL_Driver/Src/stm32f2xx_hal_dma.o
                0x0000000008001be4                HAL_DMA_Init
 .text.HAL_DMA_DeInit
                0x0000000008001d40       0xbc ./Drivers/STM32F2xx_HAL_Driver/Src/stm32f2xx_hal_dma.o
                0x0000000008001d40                HAL_DMA_DeInit
 .text.HAL_DMA_Start_IT
                0x0000000008001dfc       0xb0 ./Drivers/STM32F2xx_HAL_Driver/Src/stm32f2xx_hal_dma.o
                0x0000000008001dfc                HAL_DMA_Start_IT
 .text.HAL_DMA_Abort
                0x0000000008001eac       0xe0 ./Drivers/STM32F2xx_HAL_Driver/Src/stm32f2xx_hal_dma.o
                0x0000000008001eac                HAL_DMA_Abort
 .text.HAL_DMA_Abort_IT
                0x0000000008001f8c       0x42 ./Drivers/STM32F2xx_HAL_Driver/Src/stm32f2xx_hal_dma.o
                0x0000000008001f8c                HAL_DMA_Abort_IT
 *fill*         0x0000000008001fce        0x2 
 .text.HAL_DMA_IRQHandler
                0x0000000008001fd0      0x314 ./Drivers/STM32F2xx_HAL_Driver/Src/stm32f2xx_hal_dma.o
                0x0000000008001fd0                HAL_DMA_IRQHandler
 .text.DMA_SetConfig
                0x00000000080022e4       0x5a ./Drivers/STM32F2xx_HAL_Driver/Src/stm32f2xx_hal_dma.o
 *fill*         0x000000000800233e        0x2 
 .text.DMA_CalcBaseAndBitshift
                0x0000000008002340       0x68 ./Drivers/STM32F2xx_HAL_Driver/Src/stm32f2xx_hal_dma.o
 .text.DMA_CheckFifoParam
                0x00000000080023a8       0xf4 ./Drivers/STM32F2xx_HAL_Driver/Src/stm32f2xx_hal_dma.o
 .text.HAL_GPIO_Init
                0x000000000800249c      0x33c ./Drivers/STM32F2xx_HAL_Driver/Src/stm32f2xx_hal_gpio.o
                0x000000000800249c                HAL_GPIO_Init
 .text.HAL_GPIO_DeInit
                0x00000000080027d8      0x1fc ./Drivers/STM32F2xx_HAL_Driver/Src/stm32f2xx_hal_gpio.o
                0x00000000080027d8                HAL_GPIO_DeInit
 .text.HAL_GPIO_ReadPin
                0x00000000080029d4       0x2e ./Drivers/STM32F2xx_HAL_Driver/Src/stm32f2xx_hal_gpio.o
                0x00000000080029d4                HAL_GPIO_ReadPin
 .text.HAL_GPIO_WritePin
                0x0000000008002a02       0x30 ./Drivers/STM32F2xx_HAL_Driver/Src/stm32f2xx_hal_gpio.o
                0x0000000008002a02                HAL_GPIO_WritePin
 *fill*         0x0000000008002a32        0x2 
 .text.HAL_I2C_Init
                0x0000000008002a34      0x288 ./Drivers/STM32F2xx_HAL_Driver/Src/stm32f2xx_hal_i2c.o
                0x0000000008002a34                HAL_I2C_Init
 .text.HAL_PCD_Init
                0x0000000008002cbc      0x23a ./Drivers/STM32F2xx_HAL_Driver/Src/stm32f2xx_hal_pcd.o
                0x0000000008002cbc                HAL_PCD_Init
 .text.HAL_PCD_Start
                0x0000000008002ef6       0x44 ./Drivers/STM32F2xx_HAL_Driver/Src/stm32f2xx_hal_pcd.o
                0x0000000008002ef6                HAL_PCD_Start
 .text.HAL_PCD_IRQHandler
                0x0000000008002f3a      0x748 ./Drivers/STM32F2xx_HAL_Driver/Src/stm32f2xx_hal_pcd.o
                0x0000000008002f3a                HAL_PCD_IRQHandler
 .text.HAL_PCD_SetAddress
                0x0000000008003682       0x4a ./Drivers/STM32F2xx_HAL_Driver/Src/stm32f2xx_hal_pcd.o
                0x0000000008003682                HAL_PCD_SetAddress
 .text.HAL_PCD_EP_Open
                0x00000000080036cc       0xd0 ./Drivers/STM32F2xx_HAL_Driver/Src/stm32f2xx_hal_pcd.o
                0x00000000080036cc                HAL_PCD_EP_Open
 .text.HAL_PCD_EP_Close
                0x000000000800379c       0x94 ./Drivers/STM32F2xx_HAL_Driver/Src/stm32f2xx_hal_pcd.o
                0x000000000800379c                HAL_PCD_EP_Close
 .text.HAL_PCD_EP_Receive
                0x0000000008003830       0x96 ./Drivers/STM32F2xx_HAL_Driver/Src/stm32f2xx_hal_pcd.o
                0x0000000008003830                HAL_PCD_EP_Receive
 .text.HAL_PCD_EP_GetRxCount
                0x00000000080038c6       0x2e ./Drivers/STM32F2xx_HAL_Driver/Src/stm32f2xx_hal_pcd.o
                0x00000000080038c6                HAL_PCD_EP_GetRxCount
 .text.HAL_PCD_EP_Transmit
                0x00000000080038f4       0x94 ./Drivers/STM32F2xx_HAL_Driver/Src/stm32f2xx_hal_pcd.o
                0x00000000080038f4                HAL_PCD_EP_Transmit
 .text.HAL_PCD_EP_SetStall
                0x0000000008003988       0xc8 ./Drivers/STM32F2xx_HAL_Driver/Src/stm32f2xx_hal_pcd.o
                0x0000000008003988                HAL_PCD_EP_SetStall
 .text.HAL_PCD_EP_ClrStall
                0x0000000008003a50       0xac ./Drivers/STM32F2xx_HAL_Driver/Src/stm32f2xx_hal_pcd.o
                0x0000000008003a50                HAL_PCD_EP_ClrStall
 .text.PCD_WriteEmptyTxFifo
                0x0000000008003afc      0x11a ./Drivers/STM32F2xx_HAL_Driver/Src/stm32f2xx_hal_pcd.o
 *fill*         0x0000000008003c16        0x2 
 .text.PCD_EP_OutXfrComplete_int
                0x0000000008003c18      0x218 ./Drivers/STM32F2xx_HAL_Driver/Src/stm32f2xx_hal_pcd.o
 .text.PCD_EP_OutSetupPacket_int
                0x0000000008003e30       0x8c ./Drivers/STM32F2xx_HAL_Driver/Src/stm32f2xx_hal_pcd.o
 .text.HAL_PCDEx_SetTxFiFo
                0x0000000008003ebc       0x8c ./Drivers/STM32F2xx_HAL_Driver/Src/stm32f2xx_hal_pcd_ex.o
                0x0000000008003ebc                HAL_PCDEx_SetTxFiFo
 .text.HAL_PCDEx_SetRxFiFo
                0x0000000008003f48       0x20 ./Drivers/STM32F2xx_HAL_Driver/Src/stm32f2xx_hal_pcd_ex.o
                0x0000000008003f48                HAL_PCDEx_SetRxFiFo
 .text.HAL_RCC_OscConfig
                0x0000000008003f68      0x49c ./Drivers/STM32F2xx_HAL_Driver/Src/stm32f2xx_hal_rcc.o
                0x0000000008003f68                HAL_RCC_OscConfig
 .text.HAL_RCC_ClockConfig
                0x0000000008004404      0x1d8 ./Drivers/STM32F2xx_HAL_Driver/Src/stm32f2xx_hal_rcc.o
                0x0000000008004404                HAL_RCC_ClockConfig
 .text.HAL_RCC_MCOConfig
                0x00000000080045dc       0xd0 ./Drivers/STM32F2xx_HAL_Driver/Src/stm32f2xx_hal_rcc.o
                0x00000000080045dc                HAL_RCC_MCOConfig
 .text.HAL_RCC_GetSysClockFreq
                0x00000000080046ac      0x18c ./Drivers/STM32F2xx_HAL_Driver/Src/stm32f2xx_hal_rcc.o
                0x00000000080046ac                HAL_RCC_GetSysClockFreq
 .text.HAL_RCC_GetHCLKFreq
                0x0000000008004838       0x14 ./Drivers/STM32F2xx_HAL_Driver/Src/stm32f2xx_hal_rcc.o
                0x0000000008004838                HAL_RCC_GetHCLKFreq
 .text.HAL_RCC_GetPCLK1Freq
                0x000000000800484c       0x44 ./Drivers/STM32F2xx_HAL_Driver/Src/stm32f2xx_hal_rcc.o
                0x000000000800484c                HAL_RCC_GetPCLK1Freq
 .text.HAL_RCC_GetPCLK2Freq
                0x0000000008004890       0x44 ./Drivers/STM32F2xx_HAL_Driver/Src/stm32f2xx_hal_rcc.o
                0x0000000008004890                HAL_RCC_GetPCLK2Freq
 .text.HAL_RCCEx_PeriphCLKConfig
                0x00000000080048d4      0x1ec ./Drivers/STM32F2xx_HAL_Driver/Src/stm32f2xx_hal_rcc_ex.o
                0x00000000080048d4                HAL_RCCEx_PeriphCLKConfig
 .text.HAL_RNG_Init
                0x0000000008004ac0       0x54 ./Drivers/STM32F2xx_HAL_Driver/Src/stm32f2xx_hal_rng.o
                0x0000000008004ac0                HAL_RNG_Init
 .text.HAL_RTC_Init
                0x0000000008004b14      0x114 ./Drivers/STM32F2xx_HAL_Driver/Src/stm32f2xx_hal_rtc.o
                0x0000000008004b14                HAL_RTC_Init
 .text.HAL_RTC_SetTime
                0x0000000008004c28      0x16c ./Drivers/STM32F2xx_HAL_Driver/Src/stm32f2xx_hal_rtc.o
                0x0000000008004c28                HAL_RTC_SetTime
 .text.HAL_RTC_SetDate
                0x0000000008004d94      0x140 ./Drivers/STM32F2xx_HAL_Driver/Src/stm32f2xx_hal_rtc.o
                0x0000000008004d94                HAL_RTC_SetDate
 .text.HAL_RTC_WaitForSynchro
                0x0000000008004ed4       0x50 ./Drivers/STM32F2xx_HAL_Driver/Src/stm32f2xx_hal_rtc.o
                0x0000000008004ed4                HAL_RTC_WaitForSynchro
 .text.RTC_EnterInitMode
                0x0000000008004f24       0x58 ./Drivers/STM32F2xx_HAL_Driver/Src/stm32f2xx_hal_rtc.o
                0x0000000008004f24                RTC_EnterInitMode
 .text.RTC_ByteToBcd2
                0x0000000008004f7c       0x3a ./Drivers/STM32F2xx_HAL_Driver/Src/stm32f2xx_hal_rtc.o
                0x0000000008004f7c                RTC_ByteToBcd2
 .text.HAL_SD_Init
                0x0000000008004fb6       0x60 ./Drivers/STM32F2xx_HAL_Driver/Src/stm32f2xx_hal_sd.o
                0x0000000008004fb6                HAL_SD_Init
 *fill*         0x0000000008005016        0x2 
 .text.HAL_SD_InitCard
                0x0000000008005018       0xfc ./Drivers/STM32F2xx_HAL_Driver/Src/stm32f2xx_hal_sd.o
                0x0000000008005018                HAL_SD_InitCard
 .text.HAL_SD_ReadBlocks
                0x0000000008005114      0x3bc ./Drivers/STM32F2xx_HAL_Driver/Src/stm32f2xx_hal_sd.o
                0x0000000008005114                HAL_SD_ReadBlocks
 .text.HAL_SD_WriteBlocks
                0x00000000080054d0      0x30c ./Drivers/STM32F2xx_HAL_Driver/Src/stm32f2xx_hal_sd.o
                0x00000000080054d0                HAL_SD_WriteBlocks
 .text.HAL_SD_GetCardCSD
                0x00000000080057dc      0x348 ./Drivers/STM32F2xx_HAL_Driver/Src/stm32f2xx_hal_sd.o
                0x00000000080057dc                HAL_SD_GetCardCSD
 .text.HAL_SD_GetCardInfo
                0x0000000008005b24       0x56 ./Drivers/STM32F2xx_HAL_Driver/Src/stm32f2xx_hal_sd.o
                0x0000000008005b24                HAL_SD_GetCardInfo
 *fill*         0x0000000008005b7a        0x2 
 .text.HAL_SD_ConfigWideBusOperation
                0x0000000008005b7c      0x134 ./Drivers/STM32F2xx_HAL_Driver/Src/stm32f2xx_hal_sd.o
                0x0000000008005b7c                HAL_SD_ConfigWideBusOperation
 .text.HAL_SD_GetCardState
                0x0000000008005cb0       0x40 ./Drivers/STM32F2xx_HAL_Driver/Src/stm32f2xx_hal_sd.o
                0x0000000008005cb0                HAL_SD_GetCardState
 .text.SD_InitCard
                0x0000000008005cf0      0x19c ./Drivers/STM32F2xx_HAL_Driver/Src/stm32f2xx_hal_sd.o
 .text.SD_PowerON
                0x0000000008005e8c      0x11c ./Drivers/STM32F2xx_HAL_Driver/Src/stm32f2xx_hal_sd.o
 .text.SD_SendStatus
                0x0000000008005fa8       0x50 ./Drivers/STM32F2xx_HAL_Driver/Src/stm32f2xx_hal_sd.o
 .text.SD_WideBus_Enable
                0x0000000008005ff8       0x96 ./Drivers/STM32F2xx_HAL_Driver/Src/stm32f2xx_hal_sd.o
 .text.SD_WideBus_Disable
                0x000000000800608e       0x96 ./Drivers/STM32F2xx_HAL_Driver/Src/stm32f2xx_hal_sd.o
 .text.SD_FindSCR
                0x0000000008006124      0x1a6 ./Drivers/STM32F2xx_HAL_Driver/Src/stm32f2xx_hal_sd.o
 .text.HAL_SPI_Init
                0x00000000080062ca      0x112 ./Drivers/STM32F2xx_HAL_Driver/Src/stm32f2xx_hal_spi.o
                0x00000000080062ca                HAL_SPI_Init
 .text.HAL_SPI_DeInit
                0x00000000080063dc       0x50 ./Drivers/STM32F2xx_HAL_Driver/Src/stm32f2xx_hal_spi.o
                0x00000000080063dc                HAL_SPI_DeInit
 .text.HAL_SPI_Transmit_DMA
                0x000000000800642c      0x16c ./Drivers/STM32F2xx_HAL_Driver/Src/stm32f2xx_hal_spi.o
                0x000000000800642c                HAL_SPI_Transmit_DMA
 .text.HAL_SPI_TxHalfCpltCallback
                0x0000000008006598       0x12 ./Drivers/STM32F2xx_HAL_Driver/Src/stm32f2xx_hal_spi.o
                0x0000000008006598                HAL_SPI_TxHalfCpltCallback
 .text.HAL_SPI_ErrorCallback
                0x00000000080065aa       0x12 ./Drivers/STM32F2xx_HAL_Driver/Src/stm32f2xx_hal_spi.o
                0x00000000080065aa                HAL_SPI_ErrorCallback
 .text.SPI_DMATransmitCplt
                0x00000000080065bc       0xa8 ./Drivers/STM32F2xx_HAL_Driver/Src/stm32f2xx_hal_spi.o
 .text.SPI_DMAHalfTransmitCplt
                0x0000000008006664       0x1c ./Drivers/STM32F2xx_HAL_Driver/Src/stm32f2xx_hal_spi.o
 .text.SPI_DMAError
                0x0000000008006680       0x40 ./Drivers/STM32F2xx_HAL_Driver/Src/stm32f2xx_hal_spi.o
 .text.SPI_WaitFlagStateUntilTimeout
                0x00000000080066c0      0x110 ./Drivers/STM32F2xx_HAL_Driver/Src/stm32f2xx_hal_spi.o
 .text.SPI_EndRxTxTransaction
                0x00000000080067d0       0x3c ./Drivers/STM32F2xx_HAL_Driver/Src/stm32f2xx_hal_spi.o
 .text.HAL_TIM_PWM_Init
                0x000000000800680c       0x9e ./Drivers/STM32F2xx_HAL_Driver/Src/stm32f2xx_hal_tim.o
                0x000000000800680c                HAL_TIM_PWM_Init
 *fill*         0x00000000080068aa        0x2 
 .text.HAL_TIM_PWM_Start
                0x00000000080068ac      0x190 ./Drivers/STM32F2xx_HAL_Driver/Src/stm32f2xx_hal_tim.o
                0x00000000080068ac                HAL_TIM_PWM_Start
 .text.HAL_TIM_IRQHandler
                0x0000000008006a3c      0x210 ./Drivers/STM32F2xx_HAL_Driver/Src/stm32f2xx_hal_tim.o
                0x0000000008006a3c                HAL_TIM_IRQHandler
 .text.HAL_TIM_PWM_ConfigChannel
                0x0000000008006c4c      0x17c ./Drivers/STM32F2xx_HAL_Driver/Src/stm32f2xx_hal_tim.o
                0x0000000008006c4c                HAL_TIM_PWM_ConfigChannel
 .text.HAL_TIM_PeriodElapsedCallback
                0x0000000008006dc8       0x12 ./Drivers/STM32F2xx_HAL_Driver/Src/stm32f2xx_hal_tim.o
                0x0000000008006dc8                HAL_TIM_PeriodElapsedCallback
 .text.HAL_TIM_OC_DelayElapsedCallback
                0x0000000008006dda       0x12 ./Drivers/STM32F2xx_HAL_Driver/Src/stm32f2xx_hal_tim.o
                0x0000000008006dda                HAL_TIM_OC_DelayElapsedCallback
 .text.HAL_TIM_IC_CaptureCallback
                0x0000000008006dec       0x12 ./Drivers/STM32F2xx_HAL_Driver/Src/stm32f2xx_hal_tim.o
                0x0000000008006dec                HAL_TIM_IC_CaptureCallback
 .text.HAL_TIM_PWM_PulseFinishedCallback
                0x0000000008006dfe       0x12 ./Drivers/STM32F2xx_HAL_Driver/Src/stm32f2xx_hal_tim.o
                0x0000000008006dfe                HAL_TIM_PWM_PulseFinishedCallback
 .text.HAL_TIM_TriggerCallback
                0x0000000008006e10       0x12 ./Drivers/STM32F2xx_HAL_Driver/Src/stm32f2xx_hal_tim.o
                0x0000000008006e10                HAL_TIM_TriggerCallback
 *fill*         0x0000000008006e22        0x2 
 .text.TIM_Base_SetConfig
                0x0000000008006e24      0x13c ./Drivers/STM32F2xx_HAL_Driver/Src/stm32f2xx_hal_tim.o
                0x0000000008006e24                TIM_Base_SetConfig
 .text.TIM_OC1_SetConfig
                0x0000000008006f60       0xe0 ./Drivers/STM32F2xx_HAL_Driver/Src/stm32f2xx_hal_tim.o
 .text.TIM_OC2_SetConfig
                0x0000000008007040       0xe8 ./Drivers/STM32F2xx_HAL_Driver/Src/stm32f2xx_hal_tim.o
                0x0000000008007040                TIM_OC2_SetConfig
 .text.TIM_OC3_SetConfig
                0x0000000008007128       0xe8 ./Drivers/STM32F2xx_HAL_Driver/Src/stm32f2xx_hal_tim.o
 .text.TIM_OC4_SetConfig
                0x0000000008007210       0xa8 ./Drivers/STM32F2xx_HAL_Driver/Src/stm32f2xx_hal_tim.o
 .text.TIM_CCxChannelCmd
                0x00000000080072b8       0x48 ./Drivers/STM32F2xx_HAL_Driver/Src/stm32f2xx_hal_tim.o
                0x00000000080072b8                TIM_CCxChannelCmd
 .text.HAL_TIMEx_MasterConfigSynchronization
                0x0000000008007300       0xf4 ./Drivers/STM32F2xx_HAL_Driver/Src/stm32f2xx_hal_tim_ex.o
                0x0000000008007300                HAL_TIMEx_MasterConfigSynchronization
 .text.HAL_TIMEx_CommutCallback
                0x00000000080073f4       0x12 ./Drivers/STM32F2xx_HAL_Driver/Src/stm32f2xx_hal_tim_ex.o
                0x00000000080073f4                HAL_TIMEx_CommutCallback
 .text.HAL_TIMEx_BreakCallback
                0x0000000008007406       0x12 ./Drivers/STM32F2xx_HAL_Driver/Src/stm32f2xx_hal_tim_ex.o
                0x0000000008007406                HAL_TIMEx_BreakCallback
 .text.HAL_UART_Init
                0x0000000008007418       0x9a ./Drivers/STM32F2xx_HAL_Driver/Src/stm32f2xx_hal_uart.o
                0x0000000008007418                HAL_UART_Init
 .text.HAL_UART_Transmit
                0x00000000080074b2      0x124 ./Drivers/STM32F2xx_HAL_Driver/Src/stm32f2xx_hal_uart.o
                0x00000000080074b2                HAL_UART_Transmit
 .text.HAL_UART_Receive_IT
                0x00000000080075d6       0x60 ./Drivers/STM32F2xx_HAL_Driver/Src/stm32f2xx_hal_uart.o
                0x00000000080075d6                HAL_UART_Receive_IT
 *fill*         0x0000000008007636        0x2 
 .text.HAL_UART_IRQHandler
                0x0000000008007638      0x358 ./Drivers/STM32F2xx_HAL_Driver/Src/stm32f2xx_hal_uart.o
                0x0000000008007638                HAL_UART_IRQHandler
 .text.HAL_UART_TxCpltCallback
                0x0000000008007990       0x12 ./Drivers/STM32F2xx_HAL_Driver/Src/stm32f2xx_hal_uart.o
                0x0000000008007990                HAL_UART_TxCpltCallback
 .text.HAL_UART_ErrorCallback
                0x00000000080079a2       0x12 ./Drivers/STM32F2xx_HAL_Driver/Src/stm32f2xx_hal_uart.o
                0x00000000080079a2                HAL_UART_ErrorCallback
 .text.HAL_UARTEx_RxEventCallback
                0x00000000080079b4       0x16 ./Drivers/STM32F2xx_HAL_Driver/Src/stm32f2xx_hal_uart.o
                0x00000000080079b4                HAL_UARTEx_RxEventCallback
 .text.UART_WaitOnFlagUntilTimeout
                0x00000000080079ca       0x94 ./Drivers/STM32F2xx_HAL_Driver/Src/stm32f2xx_hal_uart.o
 .text.UART_Start_Receive_IT
                0x0000000008007a5e       0x72 ./Drivers/STM32F2xx_HAL_Driver/Src/stm32f2xx_hal_uart.o
                0x0000000008007a5e                UART_Start_Receive_IT
 .text.UART_EndRxTransfer
                0x0000000008007ad0       0x58 ./Drivers/STM32F2xx_HAL_Driver/Src/stm32f2xx_hal_uart.o
 .text.UART_DMAAbortOnError
                0x0000000008007b28       0x28 ./Drivers/STM32F2xx_HAL_Driver/Src/stm32f2xx_hal_uart.o
 .text.UART_Transmit_IT
                0x0000000008007b50       0x9e ./Drivers/STM32F2xx_HAL_Driver/Src/stm32f2xx_hal_uart.o
 .text.UART_EndTransmit_IT
                0x0000000008007bee       0x30 ./Drivers/STM32F2xx_HAL_Driver/Src/stm32f2xx_hal_uart.o
 .text.UART_Receive_IT
                0x0000000008007c1e      0x152 ./Drivers/STM32F2xx_HAL_Driver/Src/stm32f2xx_hal_uart.o
 .text.UART_SetConfig
                0x0000000008007d70      0x1d4 ./Drivers/STM32F2xx_HAL_Driver/Src/stm32f2xx_hal_uart.o
 .text.SDIO_Init
                0x0000000008007f44       0x54 ./Drivers/STM32F2xx_HAL_Driver/Src/stm32f2xx_ll_sdmmc.o
                0x0000000008007f44                SDIO_Init
 .text.SDIO_ReadFIFO
                0x0000000008007f98       0x18 ./Drivers/STM32F2xx_HAL_Driver/Src/stm32f2xx_ll_sdmmc.o
                0x0000000008007f98                SDIO_ReadFIFO
 .text.SDIO_WriteFIFO
                0x0000000008007fb0       0x20 ./Drivers/STM32F2xx_HAL_Driver/Src/stm32f2xx_ll_sdmmc.o
                0x0000000008007fb0                SDIO_WriteFIFO
 .text.SDIO_PowerState_ON
                0x0000000008007fd0       0x1e ./Drivers/STM32F2xx_HAL_Driver/Src/stm32f2xx_ll_sdmmc.o
                0x0000000008007fd0                SDIO_PowerState_ON
 .text.SDIO_GetPowerState
                0x0000000008007fee       0x1a ./Drivers/STM32F2xx_HAL_Driver/Src/stm32f2xx_ll_sdmmc.o
                0x0000000008007fee                SDIO_GetPowerState
 .text.SDIO_SendCommand
                0x0000000008008008       0x52 ./Drivers/STM32F2xx_HAL_Driver/Src/stm32f2xx_ll_sdmmc.o
                0x0000000008008008                SDIO_SendCommand
 .text.SDIO_GetCommandResponse
                0x000000000800805a       0x18 ./Drivers/STM32F2xx_HAL_Driver/Src/stm32f2xx_ll_sdmmc.o
                0x000000000800805a                SDIO_GetCommandResponse
 .text.SDIO_GetResponse
                0x0000000008008072       0x24 ./Drivers/STM32F2xx_HAL_Driver/Src/stm32f2xx_ll_sdmmc.o
                0x0000000008008072                SDIO_GetResponse
 .text.SDIO_ConfigData
                0x0000000008008096       0x56 ./Drivers/STM32F2xx_HAL_Driver/Src/stm32f2xx_ll_sdmmc.o
                0x0000000008008096                SDIO_ConfigData
 .text.SDMMC_CmdBlockLength
                0x00000000080080ec       0x44 ./Drivers/STM32F2xx_HAL_Driver/Src/stm32f2xx_ll_sdmmc.o
                0x00000000080080ec                SDMMC_CmdBlockLength
 .text.SDMMC_CmdReadSingleBlock
                0x0000000008008130       0x44 ./Drivers/STM32F2xx_HAL_Driver/Src/stm32f2xx_ll_sdmmc.o
                0x0000000008008130                SDMMC_CmdReadSingleBlock
 .text.SDMMC_CmdReadMultiBlock
                0x0000000008008174       0x44 ./Drivers/STM32F2xx_HAL_Driver/Src/stm32f2xx_ll_sdmmc.o
                0x0000000008008174                SDMMC_CmdReadMultiBlock
 .text.SDMMC_CmdWriteSingleBlock
                0x00000000080081b8       0x44 ./Drivers/STM32F2xx_HAL_Driver/Src/stm32f2xx_ll_sdmmc.o
                0x00000000080081b8                SDMMC_CmdWriteSingleBlock
 .text.SDMMC_CmdWriteMultiBlock
                0x00000000080081fc       0x44 ./Drivers/STM32F2xx_HAL_Driver/Src/stm32f2xx_ll_sdmmc.o
                0x00000000080081fc                SDMMC_CmdWriteMultiBlock
 .text.SDMMC_CmdStopTransfer
                0x0000000008008240       0x44 ./Drivers/STM32F2xx_HAL_Driver/Src/stm32f2xx_ll_sdmmc.o
                0x0000000008008240                SDMMC_CmdStopTransfer
 .text.SDMMC_CmdSelDesel
                0x0000000008008284       0x46 ./Drivers/STM32F2xx_HAL_Driver/Src/stm32f2xx_ll_sdmmc.o
                0x0000000008008284                SDMMC_CmdSelDesel
 .text.SDMMC_CmdGoIdleState
                0x00000000080082ca       0x3c ./Drivers/STM32F2xx_HAL_Driver/Src/stm32f2xx_ll_sdmmc.o
                0x00000000080082ca                SDMMC_CmdGoIdleState
 .text.SDMMC_CmdOperCond
                0x0000000008008306       0x3e ./Drivers/STM32F2xx_HAL_Driver/Src/stm32f2xx_ll_sdmmc.o
                0x0000000008008306                SDMMC_CmdOperCond
 .text.SDMMC_CmdAppCommand
                0x0000000008008344       0x44 ./Drivers/STM32F2xx_HAL_Driver/Src/stm32f2xx_ll_sdmmc.o
                0x0000000008008344                SDMMC_CmdAppCommand
 .text.SDMMC_CmdAppOperCommand
                0x0000000008008388       0x46 ./Drivers/STM32F2xx_HAL_Driver/Src/stm32f2xx_ll_sdmmc.o
                0x0000000008008388                SDMMC_CmdAppOperCommand
 .text.SDMMC_CmdBusWidth
                0x00000000080083ce       0x44 ./Drivers/STM32F2xx_HAL_Driver/Src/stm32f2xx_ll_sdmmc.o
                0x00000000080083ce                SDMMC_CmdBusWidth
 .text.SDMMC_CmdSendSCR
                0x0000000008008412       0x42 ./Drivers/STM32F2xx_HAL_Driver/Src/stm32f2xx_ll_sdmmc.o
                0x0000000008008412                SDMMC_CmdSendSCR
 .text.SDMMC_CmdSendCID
                0x0000000008008454       0x3c ./Drivers/STM32F2xx_HAL_Driver/Src/stm32f2xx_ll_sdmmc.o
                0x0000000008008454                SDMMC_CmdSendCID
 .text.SDMMC_CmdSendCSD
                0x0000000008008490       0x3e ./Drivers/STM32F2xx_HAL_Driver/Src/stm32f2xx_ll_sdmmc.o
                0x0000000008008490                SDMMC_CmdSendCSD
 .text.SDMMC_CmdSetRelAdd
                0x00000000080084ce       0x42 ./Drivers/STM32F2xx_HAL_Driver/Src/stm32f2xx_ll_sdmmc.o
                0x00000000080084ce                SDMMC_CmdSetRelAdd
 .text.SDMMC_CmdSendStatus
                0x0000000008008510       0x44 ./Drivers/STM32F2xx_HAL_Driver/Src/stm32f2xx_ll_sdmmc.o
                0x0000000008008510                SDMMC_CmdSendStatus
 .text.SDMMC_GetCmdError
                0x0000000008008554       0x54 ./Drivers/STM32F2xx_HAL_Driver/Src/stm32f2xx_ll_sdmmc.o
 .text.SDMMC_GetCmdResp1
                0x00000000080085a8      0x1dc ./Drivers/STM32F2xx_HAL_Driver/Src/stm32f2xx_ll_sdmmc.o
 .text.SDMMC_GetCmdResp2
                0x0000000008008784       0x90 ./Drivers/STM32F2xx_HAL_Driver/Src/stm32f2xx_ll_sdmmc.o
 .text.SDMMC_GetCmdResp3
                0x0000000008008814       0x78 ./Drivers/STM32F2xx_HAL_Driver/Src/stm32f2xx_ll_sdmmc.o
 .text.SDMMC_GetCmdResp6
                0x000000000800888c       0xec ./Drivers/STM32F2xx_HAL_Driver/Src/stm32f2xx_ll_sdmmc.o
 .text.SDMMC_GetCmdResp7
                0x0000000008008978       0x9c ./Drivers/STM32F2xx_HAL_Driver/Src/stm32f2xx_ll_sdmmc.o
 .text.USB_CoreInit
                0x0000000008008a14       0xae ./Drivers/STM32F2xx_HAL_Driver/Src/stm32f2xx_ll_usb.o
                0x0000000008008a14                USB_CoreInit
 *fill*         0x0000000008008ac2        0x2 
 .text.USB_SetTurnaroundTime
                0x0000000008008ac4      0x144 ./Drivers/STM32F2xx_HAL_Driver/Src/stm32f2xx_ll_usb.o
                0x0000000008008ac4                USB_SetTurnaroundTime
 .text.USB_EnableGlobalInt
                0x0000000008008c08       0x20 ./Drivers/STM32F2xx_HAL_Driver/Src/stm32f2xx_ll_usb.o
                0x0000000008008c08                USB_EnableGlobalInt
 .text.USB_DisableGlobalInt
                0x0000000008008c28       0x20 ./Drivers/STM32F2xx_HAL_Driver/Src/stm32f2xx_ll_usb.o
                0x0000000008008c28                USB_DisableGlobalInt
 .text.USB_SetCurrentMode
                0x0000000008008c48       0x98 ./Drivers/STM32F2xx_HAL_Driver/Src/stm32f2xx_ll_usb.o
                0x0000000008008c48                USB_SetCurrentMode
 .text.USB_DevInit
                0x0000000008008ce0      0x2c8 ./Drivers/STM32F2xx_HAL_Driver/Src/stm32f2xx_ll_usb.o
                0x0000000008008ce0                USB_DevInit
 .text.USB_FlushTxFifo
                0x0000000008008fa8       0x48 ./Drivers/STM32F2xx_HAL_Driver/Src/stm32f2xx_ll_usb.o
                0x0000000008008fa8                USB_FlushTxFifo
 .text.USB_FlushRxFifo
                0x0000000008008ff0       0x40 ./Drivers/STM32F2xx_HAL_Driver/Src/stm32f2xx_ll_usb.o
                0x0000000008008ff0                USB_FlushRxFifo
 .text.USB_SetDevSpeed
                0x0000000008009030       0x30 ./Drivers/STM32F2xx_HAL_Driver/Src/stm32f2xx_ll_usb.o
                0x0000000008009030                USB_SetDevSpeed
 .text.USB_GetDevSpeed
                0x0000000008009060       0x48 ./Drivers/STM32F2xx_HAL_Driver/Src/stm32f2xx_ll_usb.o
                0x0000000008009060                USB_GetDevSpeed
 .text.USB_ActivateEndpoint
                0x00000000080090a8      0x10c ./Drivers/STM32F2xx_HAL_Driver/Src/stm32f2xx_ll_usb.o
                0x00000000080090a8                USB_ActivateEndpoint
 .text.USB_DeactivateEndpoint
                0x00000000080091b4      0x1b8 ./Drivers/STM32F2xx_HAL_Driver/Src/stm32f2xx_ll_usb.o
                0x00000000080091b4                USB_DeactivateEndpoint
 .text.USB_EPStartXfer
                0x000000000800936c      0x488 ./Drivers/STM32F2xx_HAL_Driver/Src/stm32f2xx_ll_usb.o
                0x000000000800936c                USB_EPStartXfer
 .text.USB_EP0StartXfer
                0x00000000080097f4      0x2a4 ./Drivers/STM32F2xx_HAL_Driver/Src/stm32f2xx_ll_usb.o
                0x00000000080097f4                USB_EP0StartXfer
 .text.USB_WritePacket
                0x0000000008009a98       0x7a ./Drivers/STM32F2xx_HAL_Driver/Src/stm32f2xx_ll_usb.o
                0x0000000008009a98                USB_WritePacket
 .text.USB_ReadPacket
                0x0000000008009b12       0xae ./Drivers/STM32F2xx_HAL_Driver/Src/stm32f2xx_ll_usb.o
                0x0000000008009b12                USB_ReadPacket
 .text.USB_EPSetStall
                0x0000000008009bc0       0xda ./Drivers/STM32F2xx_HAL_Driver/Src/stm32f2xx_ll_usb.o
                0x0000000008009bc0                USB_EPSetStall
 .text.USB_EPClearStall
                0x0000000008009c9a       0xca ./Drivers/STM32F2xx_HAL_Driver/Src/stm32f2xx_ll_usb.o
                0x0000000008009c9a                USB_EPClearStall
 .text.USB_SetDevAddress
                0x0000000008009d64       0x4a ./Drivers/STM32F2xx_HAL_Driver/Src/stm32f2xx_ll_usb.o
                0x0000000008009d64                USB_SetDevAddress
 .text.USB_DevConnect
                0x0000000008009dae       0x40 ./Drivers/STM32F2xx_HAL_Driver/Src/stm32f2xx_ll_usb.o
                0x0000000008009dae                USB_DevConnect
 .text.USB_DevDisconnect
                0x0000000008009dee       0x40 ./Drivers/STM32F2xx_HAL_Driver/Src/stm32f2xx_ll_usb.o
                0x0000000008009dee                USB_DevDisconnect
 .text.USB_ReadInterrupts
                0x0000000008009e2e       0x24 ./Drivers/STM32F2xx_HAL_Driver/Src/stm32f2xx_ll_usb.o
                0x0000000008009e2e                USB_ReadInterrupts
 .text.USB_ReadDevAllOutEpInterrupt
                0x0000000008009e52       0x32 ./Drivers/STM32F2xx_HAL_Driver/Src/stm32f2xx_ll_usb.o
                0x0000000008009e52                USB_ReadDevAllOutEpInterrupt
 .text.USB_ReadDevAllInEpInterrupt
                0x0000000008009e84       0x32 ./Drivers/STM32F2xx_HAL_Driver/Src/stm32f2xx_ll_usb.o
                0x0000000008009e84                USB_ReadDevAllInEpInterrupt
 .text.USB_ReadDevOutEPInterrupt
                0x0000000008009eb6       0x3a ./Drivers/STM32F2xx_HAL_Driver/Src/stm32f2xx_ll_usb.o
                0x0000000008009eb6                USB_ReadDevOutEPInterrupt
 .text.USB_ReadDevInEPInterrupt
                0x0000000008009ef0       0x5a ./Drivers/STM32F2xx_HAL_Driver/Src/stm32f2xx_ll_usb.o
                0x0000000008009ef0                USB_ReadDevInEPInterrupt
 .text.USB_GetMode
                0x0000000008009f4a       0x1a ./Drivers/STM32F2xx_HAL_Driver/Src/stm32f2xx_ll_usb.o
                0x0000000008009f4a                USB_GetMode
 .text.USB_ActivateSetup
                0x0000000008009f64       0x44 ./Drivers/STM32F2xx_HAL_Driver/Src/stm32f2xx_ll_usb.o
                0x0000000008009f64                USB_ActivateSetup
 .text.USB_EP0_OutStart
                0x0000000008009fa8       0xb8 ./Drivers/STM32F2xx_HAL_Driver/Src/stm32f2xx_ll_usb.o
                0x0000000008009fa8                USB_EP0_OutStart
 .text.USB_CoreReset
                0x000000000800a060       0x64 ./Drivers/STM32F2xx_HAL_Driver/Src/stm32f2xx_ll_usb.o
 .text.MX_FATFS_Init
                0x000000000800a0c4       0x24 ./FATFS/App/fatfs.o
                0x000000000800a0c4                MX_FATFS_Init
 .text.BSP_SD_Init
                0x000000000800a0e8       0x4c ./FATFS/Target/bsp_driver_sd.o
                0x000000000800a0e8                BSP_SD_Init
 .text.BSP_SD_ReadBlocks
                0x000000000800a134       0x3c ./FATFS/Target/bsp_driver_sd.o
                0x000000000800a134                BSP_SD_ReadBlocks
 .text.BSP_SD_WriteBlocks
                0x000000000800a170       0x3c ./FATFS/Target/bsp_driver_sd.o
                0x000000000800a170                BSP_SD_WriteBlocks
 .text.BSP_SD_GetCardState
                0x000000000800a1ac       0x20 ./FATFS/Target/bsp_driver_sd.o
                0x000000000800a1ac                BSP_SD_GetCardState
 .text.BSP_SD_GetCardInfo
                0x000000000800a1cc       0x1c ./FATFS/Target/bsp_driver_sd.o
                0x000000000800a1cc                BSP_SD_GetCardInfo
 .text.BSP_SD_IsDetected
                0x000000000800a1e8       0x18 ./FATFS/Target/bsp_driver_sd.o
                0x000000000800a1e8                BSP_SD_IsDetected
 .text.USBD_CDC_Init
                0x000000000800a200       0xf6 ./Middlewares/ST/STM32_USB_Device_Library/Class/CDC/Src/usbd_cdc.o
 .text.USBD_CDC_DeInit
                0x000000000800a2f6       0x6e ./Middlewares/ST/STM32_USB_Device_Library/Class/CDC/Src/usbd_cdc.o
 .text.USBD_CDC_Setup
                0x000000000800a364      0x146 ./Middlewares/ST/STM32_USB_Device_Library/Class/CDC/Src/usbd_cdc.o
 .text.USBD_CDC_DataIn
                0x000000000800a4aa       0xa6 ./Middlewares/ST/STM32_USB_Device_Library/Class/CDC/Src/usbd_cdc.o
 .text.USBD_CDC_DataOut
                0x000000000800a550       0x56 ./Middlewares/ST/STM32_USB_Device_Library/Class/CDC/Src/usbd_cdc.o
 .text.USBD_CDC_EP0_RxReady
                0x000000000800a5a6       0x50 ./Middlewares/ST/STM32_USB_Device_Library/Class/CDC/Src/usbd_cdc.o
 *fill*         0x000000000800a5f6        0x2 
 .text.USBD_CDC_GetFSCfgDesc
                0x000000000800a5f8       0x20 ./Middlewares/ST/STM32_USB_Device_Library/Class/CDC/Src/usbd_cdc.o
 .text.USBD_CDC_GetHSCfgDesc
                0x000000000800a618       0x20 ./Middlewares/ST/STM32_USB_Device_Library/Class/CDC/Src/usbd_cdc.o
 .text.USBD_CDC_GetOtherSpeedCfgDesc
                0x000000000800a638       0x20 ./Middlewares/ST/STM32_USB_Device_Library/Class/CDC/Src/usbd_cdc.o
 .text.USBD_CDC_GetDeviceQualifierDescriptor
                0x000000000800a658       0x20 ./Middlewares/ST/STM32_USB_Device_Library/Class/CDC/Src/usbd_cdc.o
                0x000000000800a658                USBD_CDC_GetDeviceQualifierDescriptor
 .text.USBD_CDC_RegisterInterface
                0x000000000800a678       0x2c ./Middlewares/ST/STM32_USB_Device_Library/Class/CDC/Src/usbd_cdc.o
                0x000000000800a678                USBD_CDC_RegisterInterface
 .text.USBD_CDC_SetTxBuffer
                0x000000000800a6a4       0x32 ./Middlewares/ST/STM32_USB_Device_Library/Class/CDC/Src/usbd_cdc.o
                0x000000000800a6a4                USBD_CDC_SetTxBuffer
 .text.USBD_CDC_SetRxBuffer
                0x000000000800a6d6       0x26 ./Middlewares/ST/STM32_USB_Device_Library/Class/CDC/Src/usbd_cdc.o
                0x000000000800a6d6                USBD_CDC_SetRxBuffer
 .text.USBD_CDC_ReceivePacket
                0x000000000800a6fc       0x54 ./Middlewares/ST/STM32_USB_Device_Library/Class/CDC/Src/usbd_cdc.o
                0x000000000800a6fc                USBD_CDC_ReceivePacket
 .text.USBD_Init
                0x000000000800a750       0x56 ./Middlewares/ST/STM32_USB_Device_Library/Core/Src/usbd_core.o
                0x000000000800a750                USBD_Init
 .text.USBD_RegisterClass
                0x000000000800a7a6       0x32 ./Middlewares/ST/STM32_USB_Device_Library/Core/Src/usbd_core.o
                0x000000000800a7a6                USBD_RegisterClass
 .text.USBD_Start
                0x000000000800a7d8       0x18 ./Middlewares/ST/STM32_USB_Device_Library/Core/Src/usbd_core.o
                0x000000000800a7d8                USBD_Start
 .text.USBD_RunTestMode
                0x000000000800a7f0       0x14 ./Middlewares/ST/STM32_USB_Device_Library/Core/Src/usbd_core.o
                0x000000000800a7f0                USBD_RunTestMode
 .text.USBD_SetClassConfig
                0x000000000800a804       0x3e ./Middlewares/ST/STM32_USB_Device_Library/Core/Src/usbd_core.o
                0x000000000800a804                USBD_SetClassConfig
 .text.USBD_ClrClassConfig
                0x000000000800a842       0x26 ./Middlewares/ST/STM32_USB_Device_Library/Core/Src/usbd_core.o
                0x000000000800a842                USBD_ClrClassConfig
 .text.USBD_LL_SetupStage
                0x000000000800a868       0x9a ./Middlewares/ST/STM32_USB_Device_Library/Core/Src/usbd_core.o
                0x000000000800a868                USBD_LL_SetupStage
 .text.USBD_LL_DataOutStage
                0x000000000800a902       0xe2 ./Middlewares/ST/STM32_USB_Device_Library/Core/Src/usbd_core.o
                0x000000000800a902                USBD_LL_DataOutStage
 .text.USBD_LL_DataInStage
                0x000000000800a9e4      0x14a ./Middlewares/ST/STM32_USB_Device_Library/Core/Src/usbd_core.o
                0x000000000800a9e4                USBD_LL_DataInStage
 .text.USBD_LL_Reset
                0x000000000800ab2e       0x82 ./Middlewares/ST/STM32_USB_Device_Library/Core/Src/usbd_core.o
                0x000000000800ab2e                USBD_LL_Reset
 .text.USBD_LL_SetSpeed
                0x000000000800abb0       0x1e ./Middlewares/ST/STM32_USB_Device_Library/Core/Src/usbd_core.o
                0x000000000800abb0                USBD_LL_SetSpeed
 .text.USBD_LL_Suspend
                0x000000000800abce       0x28 ./Middlewares/ST/STM32_USB_Device_Library/Core/Src/usbd_core.o
                0x000000000800abce                USBD_LL_Suspend
 .text.USBD_LL_Resume
                0x000000000800abf6       0x2a ./Middlewares/ST/STM32_USB_Device_Library/Core/Src/usbd_core.o
                0x000000000800abf6                USBD_LL_Resume
 .text.USBD_LL_SOF
                0x000000000800ac20       0x34 ./Middlewares/ST/STM32_USB_Device_Library/Core/Src/usbd_core.o
                0x000000000800ac20                USBD_LL_SOF
 .text.USBD_LL_IsoINIncomplete
                0x000000000800ac54       0x18 ./Middlewares/ST/STM32_USB_Device_Library/Core/Src/usbd_core.o
                0x000000000800ac54                USBD_LL_IsoINIncomplete
 .text.USBD_LL_IsoOUTIncomplete
                0x000000000800ac6c       0x18 ./Middlewares/ST/STM32_USB_Device_Library/Core/Src/usbd_core.o
                0x000000000800ac6c                USBD_LL_IsoOUTIncomplete
 .text.USBD_LL_DevConnected
                0x000000000800ac84       0x14 ./Middlewares/ST/STM32_USB_Device_Library/Core/Src/usbd_core.o
                0x000000000800ac84                USBD_LL_DevConnected
 .text.USBD_LL_DevDisconnected
                0x000000000800ac98       0x2e ./Middlewares/ST/STM32_USB_Device_Library/Core/Src/usbd_core.o
                0x000000000800ac98                USBD_LL_DevDisconnected
 *fill*         0x000000000800acc6        0x2 
 .text.USBD_StdDevReq
                0x000000000800acc8       0xd4 ./Middlewares/ST/STM32_USB_Device_Library/Core/Src/usbd_ctlreq.o
                0x000000000800acc8                USBD_StdDevReq
 .text.USBD_StdItfReq
                0x000000000800ad9c       0x90 ./Middlewares/ST/STM32_USB_Device_Library/Core/Src/usbd_ctlreq.o
                0x000000000800ad9c                USBD_StdItfReq
 .text.USBD_StdEPReq
                0x000000000800ae2c      0x2c6 ./Middlewares/ST/STM32_USB_Device_Library/Core/Src/usbd_ctlreq.o
                0x000000000800ae2c                USBD_StdEPReq
 *fill*         0x000000000800b0f2        0x2 
 .text.USBD_GetDescriptor
                0x000000000800b0f4      0x2d0 ./Middlewares/ST/STM32_USB_Device_Library/Core/Src/usbd_ctlreq.o
 .text.USBD_SetAddress
                0x000000000800b3c4       0x86 ./Middlewares/ST/STM32_USB_Device_Library/Core/Src/usbd_ctlreq.o
 *fill*         0x000000000800b44a        0x2 
 .text.USBD_SetConfig
                0x000000000800b44c      0x11c ./Middlewares/ST/STM32_USB_Device_Library/Core/Src/usbd_ctlreq.o
 .text.USBD_GetConfig
                0x000000000800b568       0x6a ./Middlewares/ST/STM32_USB_Device_Library/Core/Src/usbd_ctlreq.o
 .text.USBD_GetStatus
                0x000000000800b5d2       0x66 ./Middlewares/ST/STM32_USB_Device_Library/Core/Src/usbd_ctlreq.o
 .text.USBD_SetFeature
                0x000000000800b638       0x28 ./Middlewares/ST/STM32_USB_Device_Library/Core/Src/usbd_ctlreq.o
 .text.USBD_ClrFeature
                0x000000000800b660       0x42 ./Middlewares/ST/STM32_USB_Device_Library/Core/Src/usbd_ctlreq.o
 .text.USBD_ParseSetupRequest
                0x000000000800b6a2       0x78 ./Middlewares/ST/STM32_USB_Device_Library/Core/Src/usbd_ctlreq.o
                0x000000000800b6a2                USBD_ParseSetupRequest
 .text.USBD_CtlError
                0x000000000800b71a       0x22 ./Middlewares/ST/STM32_USB_Device_Library/Core/Src/usbd_ctlreq.o
                0x000000000800b71a                USBD_CtlError
 .text.USBD_GetString
                0x000000000800b73c       0x84 ./Middlewares/ST/STM32_USB_Device_Library/Core/Src/usbd_ctlreq.o
                0x000000000800b73c                USBD_GetString
 .text.USBD_GetLen
                0x000000000800b7c0       0x2e ./Middlewares/ST/STM32_USB_Device_Library/Core/Src/usbd_ctlreq.o
 .text.USBD_CtlSendData
                0x000000000800b7ee       0x38 ./Middlewares/ST/STM32_USB_Device_Library/Core/Src/usbd_ioreq.o
                0x000000000800b7ee                USBD_CtlSendData
 .text.USBD_CtlContinueSendData
                0x000000000800b826       0x24 ./Middlewares/ST/STM32_USB_Device_Library/Core/Src/usbd_ioreq.o
                0x000000000800b826                USBD_CtlContinueSendData
 .text.USBD_CtlPrepareRx
                0x000000000800b84a       0x3c ./Middlewares/ST/STM32_USB_Device_Library/Core/Src/usbd_ioreq.o
                0x000000000800b84a                USBD_CtlPrepareRx
 .text.USBD_CtlContinueRx
                0x000000000800b886       0x24 ./Middlewares/ST/STM32_USB_Device_Library/Core/Src/usbd_ioreq.o
                0x000000000800b886                USBD_CtlContinueRx
 .text.USBD_CtlSendStatus
                0x000000000800b8aa       0x26 ./Middlewares/ST/STM32_USB_Device_Library/Core/Src/usbd_ioreq.o
                0x000000000800b8aa                USBD_CtlSendStatus
 .text.USBD_CtlReceiveStatus
                0x000000000800b8d0       0x26 ./Middlewares/ST/STM32_USB_Device_Library/Core/Src/usbd_ioreq.o
                0x000000000800b8d0                USBD_CtlReceiveStatus
 *fill*         0x000000000800b8f6        0x2 
 .text.FATFS_LinkDriverEx
                0x000000000800b8f8       0x94 ./Middlewares/Third_Party/FatFs/src/ff_gen_drv.o
                0x000000000800b8f8                FATFS_LinkDriverEx
 .text.FATFS_LinkDriver
                0x000000000800b98c       0x1e ./Middlewares/Third_Party/FatFs/src/ff_gen_drv.o
                0x000000000800b98c                FATFS_LinkDriver
 *fill*         0x000000000800b9aa        0x2 
 .text.SD_initialize
                0x000000000800b9ac       0x3c ./Middlewares/Third_Party/FatFs/src/drivers/sd_diskio.o
                0x000000000800b9ac                SD_initialize
 .text.SD_status
                0x000000000800b9e8       0x3c ./Middlewares/Third_Party/FatFs/src/drivers/sd_diskio.o
                0x000000000800b9e8                SD_status
 .text.SD_read  0x000000000800ba24       0x5c ./Middlewares/Third_Party/FatFs/src/drivers/sd_diskio.o
                0x000000000800ba24                SD_read
 .text.SD_write
                0x000000000800ba80       0x5c ./Middlewares/Third_Party/FatFs/src/drivers/sd_diskio.o
                0x000000000800ba80                SD_write
 .text.SD_ioctl
                0x000000000800badc       0xac ./Middlewares/Third_Party/FatFs/src/drivers/sd_diskio.o
                0x000000000800badc                SD_ioctl
 .text.Button_IncTick
                0x000000000800bb88      0x338 ./Module/Src/buttons.o
                0x000000000800bb88                Button_IncTick
 .text.Event_Button
                0x000000000800bec0       0x50 ./Module/Src/buttons.o
                0x000000000800bec0                Event_Button
 .text.Buttons_Init
                0x000000000800bf10      0x128 ./Module/Src/buttons.o
                0x000000000800bf10                Buttons_Init
 .text.Debug_LED_IncTic
                0x000000000800c038      0x1a4 ./Module/Src/debug_LED.o
                0x000000000800c038                Debug_LED_IncTic
 .text.Debug_LED_toggle
                0x000000000800c1dc       0x70 ./Module/Src/debug_LED.o
                0x000000000800c1dc                Debug_LED_toggle
 .text.Debug_LED_Init
                0x000000000800c24c       0x20 ./Module/Src/debug_LED.o
                0x000000000800c24c                Debug_LED_Init
 .text.MM_Init  0x000000000800c26c       0x18 ./Module/Src/module.o
                0x000000000800c26c                MM_Init
 .text.HAL_IncTick
                0x000000000800c284       0x3c ./Module/Src/module.o
                0x000000000800c284                HAL_IncTick
 .text.Out_Init
                0x000000000800c2c0       0x48 ./Module/Src/out.o
                0x000000000800c2c0                Out_Init
 .text.Spi_LED_IncTick
                0x000000000800c308       0x98 ./Module/Src/spi_LED.o
                0x000000000800c308                Spi_LED_IncTick
 .text.Spi_LED_Init
                0x000000000800c3a0       0xd4 ./Module/Src/spi_LED.o
                0x000000000800c3a0                Spi_LED_Init
 .text.HAL_SPI_TxCpltCallback
                0x000000000800c474       0x50 ./Module/Src/spi_LED.o
                0x000000000800c474                HAL_SPI_TxCpltCallback
 .text.MX_USB_DEVICE_Init
                0x000000000800c4c4       0x60 ./USB_DEVICE/App/usb_device.o
                0x000000000800c4c4                MX_USB_DEVICE_Init
 .text.CDC_Init_FS
                0x000000000800c524       0x28 ./USB_DEVICE/App/usbd_cdc_if.o
 .text.CDC_DeInit_FS
                0x000000000800c54c        0xe ./USB_DEVICE/App/usbd_cdc_if.o
 *fill*         0x000000000800c55a        0x2 
 .text.CDC_Control_FS
                0x000000000800c55c       0xbc ./USB_DEVICE/App/usbd_cdc_if.o
 .text.CDC_Receive_FS
                0x000000000800c618       0x28 ./USB_DEVICE/App/usbd_cdc_if.o
 .text.USBD_FS_DeviceDescriptor
                0x000000000800c640       0x24 ./USB_DEVICE/App/usbd_desc.o
                0x000000000800c640                USBD_FS_DeviceDescriptor
 .text.USBD_FS_LangIDStrDescriptor
                0x000000000800c664       0x24 ./USB_DEVICE/App/usbd_desc.o
                0x000000000800c664                USBD_FS_LangIDStrDescriptor
 .text.USBD_FS_ProductStrDescriptor
                0x000000000800c688       0x3c ./USB_DEVICE/App/usbd_desc.o
                0x000000000800c688                USBD_FS_ProductStrDescriptor
 .text.USBD_FS_ManufacturerStrDescriptor
                0x000000000800c6c4       0x28 ./USB_DEVICE/App/usbd_desc.o
                0x000000000800c6c4                USBD_FS_ManufacturerStrDescriptor
 .text.USBD_FS_SerialStrDescriptor
                0x000000000800c6ec       0x24 ./USB_DEVICE/App/usbd_desc.o
                0x000000000800c6ec                USBD_FS_SerialStrDescriptor
 .text.USBD_FS_ConfigStrDescriptor
                0x000000000800c710       0x3c ./USB_DEVICE/App/usbd_desc.o
                0x000000000800c710                USBD_FS_ConfigStrDescriptor
 .text.USBD_FS_InterfaceStrDescriptor
                0x000000000800c74c       0x3c ./USB_DEVICE/App/usbd_desc.o
                0x000000000800c74c                USBD_FS_InterfaceStrDescriptor
 .text.Get_SerialNum
                0x000000000800c788       0x58 ./USB_DEVICE/App/usbd_desc.o
 .text.IntToUnicode
                0x000000000800c7e0       0x7c ./USB_DEVICE/App/usbd_desc.o
 .text.HAL_PCD_MspInit
                0x000000000800c85c       0xc4 ./USB_DEVICE/Target/usbd_conf.o
                0x000000000800c85c                HAL_PCD_MspInit
 .text.HAL_PCD_SetupStageCallback
                0x000000000800c920       0x24 ./USB_DEVICE/Target/usbd_conf.o
                0x000000000800c920                HAL_PCD_SetupStageCallback
 .text.HAL_PCD_DataOutStageCallback
                0x000000000800c944       0x36 ./USB_DEVICE/Target/usbd_conf.o
                0x000000000800c944                HAL_PCD_DataOutStageCallback
 .text.HAL_PCD_DataInStageCallback
                0x000000000800c97a       0x34 ./USB_DEVICE/Target/usbd_conf.o
                0x000000000800c97a                HAL_PCD_DataInStageCallback
 .text.HAL_PCD_SOFCallback
                0x000000000800c9ae       0x1c ./USB_DEVICE/Target/usbd_conf.o
                0x000000000800c9ae                HAL_PCD_SOFCallback
 .text.HAL_PCD_ResetCallback
                0x000000000800c9ca       0x50 ./USB_DEVICE/Target/usbd_conf.o
                0x000000000800c9ca                HAL_PCD_ResetCallback
 *fill*         0x000000000800ca1a        0x2 
 .text.HAL_PCD_SuspendCallback
                0x000000000800ca1c       0x4c ./USB_DEVICE/Target/usbd_conf.o
                0x000000000800ca1c                HAL_PCD_SuspendCallback
 .text.HAL_PCD_ResumeCallback
                0x000000000800ca68       0x1c ./USB_DEVICE/Target/usbd_conf.o
                0x000000000800ca68                HAL_PCD_ResumeCallback
 .text.HAL_PCD_ISOOUTIncompleteCallback
                0x000000000800ca84       0x24 ./USB_DEVICE/Target/usbd_conf.o
                0x000000000800ca84                HAL_PCD_ISOOUTIncompleteCallback
 .text.HAL_PCD_ISOINIncompleteCallback
                0x000000000800caa8       0x24 ./USB_DEVICE/Target/usbd_conf.o
                0x000000000800caa8                HAL_PCD_ISOINIncompleteCallback
 .text.HAL_PCD_ConnectCallback
                0x000000000800cacc       0x1c ./USB_DEVICE/Target/usbd_conf.o
                0x000000000800cacc                HAL_PCD_ConnectCallback
 .text.HAL_PCD_DisconnectCallback
                0x000000000800cae8       0x1c ./USB_DEVICE/Target/usbd_conf.o
                0x000000000800cae8                HAL_PCD_DisconnectCallback
 .text.USBD_LL_Init
                0x000000000800cb04       0x94 ./USB_DEVICE/Target/usbd_conf.o
                0x000000000800cb04                USBD_LL_Init
 .text.USBD_LL_Start
                0x000000000800cb98       0x36 ./USB_DEVICE/Target/usbd_conf.o
                0x000000000800cb98                USBD_LL_Start
 .text.USBD_LL_OpenEP
                0x000000000800cbce       0x4c ./USB_DEVICE/Target/usbd_conf.o
                0x000000000800cbce                USBD_LL_OpenEP
 .text.USBD_LL_CloseEP
                0x000000000800cc1a       0x3e ./USB_DEVICE/Target/usbd_conf.o
                0x000000000800cc1a                USBD_LL_CloseEP
 .text.USBD_LL_StallEP
                0x000000000800cc58       0x3e ./USB_DEVICE/Target/usbd_conf.o
                0x000000000800cc58                USBD_LL_StallEP
 .text.USBD_LL_ClearStallEP
                0x000000000800cc96       0x3e ./USB_DEVICE/Target/usbd_conf.o
                0x000000000800cc96                USBD_LL_ClearStallEP
 .text.USBD_LL_IsStallEP
                0x000000000800ccd4       0x56 ./USB_DEVICE/Target/usbd_conf.o
                0x000000000800ccd4                USBD_LL_IsStallEP
 .text.USBD_LL_SetUSBAddress
                0x000000000800cd2a       0x3e ./USB_DEVICE/Target/usbd_conf.o
                0x000000000800cd2a                USBD_LL_SetUSBAddress
 .text.USBD_LL_Transmit
                0x000000000800cd68       0x46 ./USB_DEVICE/Target/usbd_conf.o
                0x000000000800cd68                USBD_LL_Transmit
 .text.USBD_LL_PrepareReceive
                0x000000000800cdae       0x46 ./USB_DEVICE/Target/usbd_conf.o
                0x000000000800cdae                USBD_LL_PrepareReceive
 .text.USBD_LL_GetRxDataSize
                0x000000000800cdf4       0x26 ./USB_DEVICE/Target/usbd_conf.o
                0x000000000800cdf4                USBD_LL_GetRxDataSize
 *fill*         0x000000000800ce1a        0x2 
 .text.USBD_Get_USB_Status
                0x000000000800ce1c       0x58 ./USB_DEVICE/Target/usbd_conf.o
                0x000000000800ce1c                USBD_Get_USB_Status
 .text.malloc   0x000000000800ce74       0x10 C:/ST/STM32CubeIDE_1.14.0/STM32CubeIDE/plugins/com.st.stm32cube.ide.mcu.externaltools.gnu-tools-for-stm32.11.3.rel1.win32_1.1.100.202309141235/tools/bin/../lib/gcc/arm-none-eabi/11.3.1/../../../../arm-none-eabi/lib/thumb/v7-m/nofp\libc_nano.a(libc_a-malloc.o)
                0x000000000800ce74                malloc
 .text.free     0x000000000800ce84       0x10 C:/ST/STM32CubeIDE_1.14.0/STM32CubeIDE/plugins/com.st.stm32cube.ide.mcu.externaltools.gnu-tools-for-stm32.11.3.rel1.win32_1.1.100.202309141235/tools/bin/../lib/gcc/arm-none-eabi/11.3.1/../../../../arm-none-eabi/lib/thumb/v7-m/nofp\libc_nano.a(libc_a-malloc.o)
                0x000000000800ce84                free
 .text.sbrk_aligned
                0x000000000800ce94       0x40 C:/ST/STM32CubeIDE_1.14.0/STM32CubeIDE/plugins/com.st.stm32cube.ide.mcu.externaltools.gnu-tools-for-stm32.11.3.rel1.win32_1.1.100.202309141235/tools/bin/../lib/gcc/arm-none-eabi/11.3.1/../../../../arm-none-eabi/lib/thumb/v7-m/nofp\libc_nano.a(libc_a-mallocr.o)
 .text._malloc_r
                0x000000000800ced4      0x100 C:/ST/STM32CubeIDE_1.14.0/STM32CubeIDE/plugins/com.st.stm32cube.ide.mcu.externaltools.gnu-tools-for-stm32.11.3.rel1.win32_1.1.100.202309141235/tools/bin/../lib/gcc/arm-none-eabi/11.3.1/../../../../arm-none-eabi/lib/thumb/v7-m/nofp\libc_nano.a(libc_a-mallocr.o)
                0x000000000800ced4                _malloc_r
 .text.__malloc_lock
                0x000000000800cfd4        0xc C:/ST/STM32CubeIDE_1.14.0/STM32CubeIDE/plugins/com.st.stm32cube.ide.mcu.externaltools.gnu-tools-for-stm32.11.3.rel1.win32_1.1.100.202309141235/tools/bin/../lib/gcc/arm-none-eabi/11.3.1/../../../../arm-none-eabi/lib/thumb/v7-m/nofp\libc_nano.a(libc_a-mlock.o)
                0x000000000800cfd4                __malloc_lock
 .text.__malloc_unlock
                0x000000000800cfe0        0xc C:/ST/STM32CubeIDE_1.14.0/STM32CubeIDE/plugins/com.st.stm32cube.ide.mcu.externaltools.gnu-tools-for-stm32.11.3.rel1.win32_1.1.100.202309141235/tools/bin/../lib/gcc/arm-none-eabi/11.3.1/../../../../arm-none-eabi/lib/thumb/v7-m/nofp\libc_nano.a(libc_a-mlock.o)
                0x000000000800cfe0                __malloc_unlock
 .text.memset   0x000000000800cfec       0x10 C:/ST/STM32CubeIDE_1.14.0/STM32CubeIDE/plugins/com.st.stm32cube.ide.mcu.externaltools.gnu-tools-for-stm32.11.3.rel1.win32_1.1.100.202309141235/tools/bin/../lib/gcc/arm-none-eabi/11.3.1/../../../../arm-none-eabi/lib/thumb/v7-m/nofp\libc_nano.a(libc_a-memset.o)
                0x000000000800cfec                memset
 .text._sbrk_r  0x000000000800cffc       0x20 C:/ST/STM32CubeIDE_1.14.0/STM32CubeIDE/plugins/com.st.stm32cube.ide.mcu.externaltools.gnu-tools-for-stm32.11.3.rel1.win32_1.1.100.202309141235/tools/bin/../lib/gcc/arm-none-eabi/11.3.1/../../../../arm-none-eabi/lib/thumb/v7-m/nofp\libc_nano.a(libc_a-sbrkr.o)
                0x000000000800cffc                _sbrk_r
 .text.__errno  0x000000000800d01c        0xc C:/ST/STM32CubeIDE_1.14.0/STM32CubeIDE/plugins/com.st.stm32cube.ide.mcu.externaltools.gnu-tools-for-stm32.11.3.rel1.win32_1.1.100.202309141235/tools/bin/../lib/gcc/arm-none-eabi/11.3.1/../../../../arm-none-eabi/lib/thumb/v7-m/nofp\libc_nano.a(libc_a-errno.o)
                0x000000000800d01c                __errno
 .text.__libc_init_array
                0x000000000800d028       0x48 C:/ST/STM32CubeIDE_1.14.0/STM32CubeIDE/plugins/com.st.stm32cube.ide.mcu.externaltools.gnu-tools-for-stm32.11.3.rel1.win32_1.1.100.202309141235/tools/bin/../lib/gcc/arm-none-eabi/11.3.1/../../../../arm-none-eabi/lib/thumb/v7-m/nofp\libc_nano.a(libc_a-init.o)
                0x000000000800d028                __libc_init_array
 .text.__retarget_lock_acquire_recursive
                0x000000000800d070        0x2 C:/ST/STM32CubeIDE_1.14.0/STM32CubeIDE/plugins/com.st.stm32cube.ide.mcu.externaltools.gnu-tools-for-stm32.11.3.rel1.win32_1.1.100.202309141235/tools/bin/../lib/gcc/arm-none-eabi/11.3.1/../../../../arm-none-eabi/lib/thumb/v7-m/nofp\libc_nano.a(libc_a-lock.o)
                0x000000000800d070                __retarget_lock_acquire_recursive
 .text.__retarget_lock_release_recursive
                0x000000000800d072        0x2 C:/ST/STM32CubeIDE_1.14.0/STM32CubeIDE/plugins/com.st.stm32cube.ide.mcu.externaltools.gnu-tools-for-stm32.11.3.rel1.win32_1.1.100.202309141235/tools/bin/../lib/gcc/arm-none-eabi/11.3.1/../../../../arm-none-eabi/lib/thumb/v7-m/nofp\libc_nano.a(libc_a-lock.o)
                0x000000000800d072                __retarget_lock_release_recursive
 .text._free_r  0x000000000800d074       0x90 C:/ST/STM32CubeIDE_1.14.0/STM32CubeIDE/plugins/com.st.stm32cube.ide.mcu.externaltools.gnu-tools-for-stm32.11.3.rel1.win32_1.1.100.202309141235/tools/bin/../lib/gcc/arm-none-eabi/11.3.1/../../../../arm-none-eabi/lib/thumb/v7-m/nofp\libc_nano.a(libc_a-freer.o)
                0x000000000800d074                _free_r
 *(.glue_7)
 .glue_7        0x000000000800d104        0x0 linker stubs
 *(.glue_7t)
 .glue_7t       0x000000000800d104        0x0 linker stubs
 *(.eh_frame)
 .eh_frame      0x000000000800d104        0x0 C:/ST/STM32CubeIDE_1.14.0/STM32CubeIDE/plugins/com.st.stm32cube.ide.mcu.externaltools.gnu-tools-for-stm32.11.3.rel1.win32_1.1.100.202309141235/tools/bin/../lib/gcc/arm-none-eabi/11.3.1/thumb/v7-m/nofp/crtbegin.o
 *(.init)
 .init          0x000000000800d104        0x4 C:/ST/STM32CubeIDE_1.14.0/STM32CubeIDE/plugins/com.st.stm32cube.ide.mcu.externaltools.gnu-tools-for-stm32.11.3.rel1.win32_1.1.100.202309141235/tools/bin/../lib/gcc/arm-none-eabi/11.3.1/thumb/v7-m/nofp/crti.o
                0x000000000800d104                _init
 .init          0x000000000800d108        0x8 C:/ST/STM32CubeIDE_1.14.0/STM32CubeIDE/plugins/com.st.stm32cube.ide.mcu.externaltools.gnu-tools-for-stm32.11.3.rel1.win32_1.1.100.202309141235/tools/bin/../lib/gcc/arm-none-eabi/11.3.1/thumb/v7-m/nofp/crtn.o
 *(.fini)
 .fini          0x000000000800d110        0x4 C:/ST/STM32CubeIDE_1.14.0/STM32CubeIDE/plugins/com.st.stm32cube.ide.mcu.externaltools.gnu-tools-for-stm32.11.3.rel1.win32_1.1.100.202309141235/tools/bin/../lib/gcc/arm-none-eabi/11.3.1/thumb/v7-m/nofp/crti.o
                0x000000000800d110                _fini
 .fini          0x000000000800d114        0x8 C:/ST/STM32CubeIDE_1.14.0/STM32CubeIDE/plugins/com.st.stm32cube.ide.mcu.externaltools.gnu-tools-for-stm32.11.3.rel1.win32_1.1.100.202309141235/tools/bin/../lib/gcc/arm-none-eabi/11.3.1/thumb/v7-m/nofp/crtn.o
                0x000000000800d11c                . = ALIGN (0x4)
                0x000000000800d11c                _etext = .

.vfp11_veneer   0x000000000800d11c        0x0
 .vfp11_veneer  0x000000000800d11c        0x0 linker stubs

.v4_bx          0x000000000800d11c        0x0
 .v4_bx         0x000000000800d11c        0x0 linker stubs

.iplt           0x000000000800d11c        0x0
 .iplt          0x000000000800d11c        0x0 C:/ST/STM32CubeIDE_1.14.0/STM32CubeIDE/plugins/com.st.stm32cube.ide.mcu.externaltools.gnu-tools-for-stm32.11.3.rel1.win32_1.1.100.202309141235/tools/bin/../lib/gcc/arm-none-eabi/11.3.1/thumb/v7-m/nofp/crtbegin.o

.rodata         0x000000000800d11c       0x84
                0x000000000800d11c                . = ALIGN (0x4)
 *(.rodata)
 .rodata        0x000000000800d11c        0xa ./Core/Src/main.o
 *fill*         0x000000000800d126        0x2 
 .rodata        0x000000000800d128       0x42 ./USB_DEVICE/App/usbd_desc.o
 *(.rodata*)
 *fill*         0x000000000800d16a        0x2 
 .rodata.AHBPrescTable
                0x000000000800d16c       0x10 ./Core/Src/system_stm32f2xx.o
                0x000000000800d16c                AHBPrescTable
 .rodata.APBPrescTable
                0x000000000800d17c        0x8 ./Core/Src/system_stm32f2xx.o
                0x000000000800d17c                APBPrescTable
 .rodata.flagBitshiftOffset.0
                0x000000000800d184        0x8 ./Drivers/STM32F2xx_HAL_Driver/Src/stm32f2xx_hal_dma.o
 .rodata.SD_Driver
                0x000000000800d18c       0x14 ./Middlewares/Third_Party/FatFs/src/drivers/sd_diskio.o
                0x000000000800d18c                SD_Driver
                0x000000000800d1a0                . = ALIGN (0x4)

.ARM.extab      0x000000000800d1a0        0x0
                0x000000000800d1a0                . = ALIGN (0x4)
 *(.ARM.extab* .gnu.linkonce.armextab.*)
                0x000000000800d1a0                . = ALIGN (0x4)

.ARM            0x000000000800d1a0        0x8
                0x000000000800d1a0                . = ALIGN (0x4)
                0x000000000800d1a0                __exidx_start = .
 *(.ARM.exidx*)
 .ARM.exidx     0x000000000800d1a0        0x8 C:/ST/STM32CubeIDE_1.14.0/STM32CubeIDE/plugins/com.st.stm32cube.ide.mcu.externaltools.gnu-tools-for-stm32.11.3.rel1.win32_1.1.100.202309141235/tools/bin/../lib/gcc/arm-none-eabi/11.3.1/thumb/v7-m/nofp\libgcc.a(_udivmoddi4.o)
                0x000000000800d1a8                __exidx_end = .
                0x000000000800d1a8                . = ALIGN (0x4)

.rel.dyn        0x000000000800d1a8        0x0
 .rel.iplt      0x000000000800d1a8        0x0 C:/ST/STM32CubeIDE_1.14.0/STM32CubeIDE/plugins/com.st.stm32cube.ide.mcu.externaltools.gnu-tools-for-stm32.11.3.rel1.win32_1.1.100.202309141235/tools/bin/../lib/gcc/arm-none-eabi/11.3.1/thumb/v7-m/nofp/crtbegin.o

.preinit_array  0x000000000800d1a8        0x0
                0x000000000800d1a8                . = ALIGN (0x4)
                0x000000000800d1a8                PROVIDE (__preinit_array_start = .)
 *(.preinit_array*)
                0x000000000800d1a8                PROVIDE (__preinit_array_end = .)
                0x000000000800d1a8                . = ALIGN (0x4)

.init_array     0x000000000800d1a8        0x4
                0x000000000800d1a8                . = ALIGN (0x4)
                0x000000000800d1a8                PROVIDE (__init_array_start = .)
 *(SORT_BY_NAME(.init_array.*))
 *(.init_array*)
 .init_array    0x000000000800d1a8        0x4 C:/ST/STM32CubeIDE_1.14.0/STM32CubeIDE/plugins/com.st.stm32cube.ide.mcu.externaltools.gnu-tools-for-stm32.11.3.rel1.win32_1.1.100.202309141235/tools/bin/../lib/gcc/arm-none-eabi/11.3.1/thumb/v7-m/nofp/crtbegin.o
                0x000000000800d1ac                PROVIDE (__init_array_end = .)
                0x000000000800d1ac                . = ALIGN (0x4)

.fini_array     0x000000000800d1ac        0x4
                0x000000000800d1ac                . = ALIGN (0x4)
                [!provide]                        PROVIDE (__fini_array_start = .)
 *(SORT_BY_NAME(.fini_array.*))
 *(.fini_array*)
 .fini_array    0x000000000800d1ac        0x4 C:/ST/STM32CubeIDE_1.14.0/STM32CubeIDE/plugins/com.st.stm32cube.ide.mcu.externaltools.gnu-tools-for-stm32.11.3.rel1.win32_1.1.100.202309141235/tools/bin/../lib/gcc/arm-none-eabi/11.3.1/thumb/v7-m/nofp/crtbegin.o
                [!provide]                        PROVIDE (__fini_array_end = .)
                0x000000000800d1b0                . = ALIGN (0x4)
                0x000000000800d1b0                _sidata = LOADADDR (.data)

.data           0x0000000020000000      0x210 load address 0x000000000800d1b0
                0x0000000020000000                . = ALIGN (0x4)
                0x0000000020000000                _sdata = .
 *(.data)
 *(.data*)
 .data.rx_data  0x0000000020000000       0x40 ./Core/Src/main.o
                0x0000000020000000                rx_data
 .data.SystemCoreClock
                0x0000000020000040        0x4 ./Core/Src/system_stm32f2xx.o
                0x0000000020000040                SystemCoreClock
 .data.uwTickPrio
                0x0000000020000044        0x4 ./Drivers/STM32F2xx_HAL_Driver/Src/stm32f2xx_hal.o
                0x0000000020000044                uwTickPrio
 .data.uwTickFreq
                0x0000000020000048        0x1 ./Drivers/STM32F2xx_HAL_Driver/Src/stm32f2xx_hal.o
                0x0000000020000048                uwTickFreq
 *fill*         0x0000000020000049        0x3 
 .data.USBD_CDC_DeviceQualifierDesc
                0x000000002000004c        0xa ./Middlewares/ST/STM32_USB_Device_Library/Class/CDC/Src/usbd_cdc.o
 *fill*         0x0000000020000056        0x2 
 .data.USBD_CDC
                0x0000000020000058       0x38 ./Middlewares/ST/STM32_USB_Device_Library/Class/CDC/Src/usbd_cdc.o
                0x0000000020000058                USBD_CDC
 .data.USBD_CDC_CfgHSDesc
                0x0000000020000090       0x43 ./Middlewares/ST/STM32_USB_Device_Library/Class/CDC/Src/usbd_cdc.o
                0x0000000020000090                USBD_CDC_CfgHSDesc
 *fill*         0x00000000200000d3        0x1 
 .data.USBD_CDC_CfgFSDesc
                0x00000000200000d4       0x43 ./Middlewares/ST/STM32_USB_Device_Library/Class/CDC/Src/usbd_cdc.o
                0x00000000200000d4                USBD_CDC_CfgFSDesc
 *fill*         0x0000000020000117        0x1 
 .data.USBD_CDC_OtherSpeedCfgDesc
                0x0000000020000118       0x43 ./Middlewares/ST/STM32_USB_Device_Library/Class/CDC/Src/usbd_cdc.o
                0x0000000020000118                USBD_CDC_OtherSpeedCfgDesc
 .data.Stat     0x000000002000015b        0x1 ./Middlewares/Third_Party/FatFs/src/drivers/sd_diskio.o
 .data.switch_timer.2
                0x000000002000015c        0x1 ./Module/Src/debug_LED.o
 *fill*         0x000000002000015d        0x1 
 .data.Frame_Delay
                0x000000002000015e        0x2 ./Module/Src/spi_LED.o
                0x000000002000015e                Frame_Delay
 .data.USBD_Interface_fops_FS
                0x0000000020000160       0x10 ./USB_DEVICE/App/usbd_cdc_if.o
                0x0000000020000160                USBD_Interface_fops_FS
 .data.FS_Desc  0x0000000020000170       0x1c ./USB_DEVICE/App/usbd_desc.o
                0x0000000020000170                FS_Desc
 .data.USBD_FS_DeviceDesc
                0x000000002000018c       0x12 ./USB_DEVICE/App/usbd_desc.o
                0x000000002000018c                USBD_FS_DeviceDesc
 *fill*         0x000000002000019e        0x2 
 .data.USBD_LangIDDesc
                0x00000000200001a0        0x4 ./USB_DEVICE/App/usbd_desc.o
                0x00000000200001a0                USBD_LangIDDesc
 .data.USBD_StringSerial
                0x00000000200001a4       0x1a ./USB_DEVICE/App/usbd_desc.o
                0x00000000200001a4                USBD_StringSerial
 *fill*         0x00000000200001be        0x2 
 .data._impure_data
                0x00000000200001c0       0x4c C:/ST/STM32CubeIDE_1.14.0/STM32CubeIDE/plugins/com.st.stm32cube.ide.mcu.externaltools.gnu-tools-for-stm32.11.3.rel1.win32_1.1.100.202309141235/tools/bin/../lib/gcc/arm-none-eabi/11.3.1/../../../../arm-none-eabi/lib/thumb/v7-m/nofp\libc_nano.a(libc_a-impure.o)
                0x00000000200001c0                _impure_data
 .data._impure_ptr
                0x000000002000020c        0x4 C:/ST/STM32CubeIDE_1.14.0/STM32CubeIDE/plugins/com.st.stm32cube.ide.mcu.externaltools.gnu-tools-for-stm32.11.3.rel1.win32_1.1.100.202309141235/tools/bin/../lib/gcc/arm-none-eabi/11.3.1/../../../../arm-none-eabi/lib/thumb/v7-m/nofp\libc_nano.a(libc_a-impure.o)
                0x000000002000020c                _impure_ptr
 *(.RamFunc)
 *(.RamFunc*)
                0x0000000020000210                . = ALIGN (0x4)
                0x0000000020000210                _edata = .

.igot.plt       0x0000000020000210        0x0 load address 0x000000000800d3c0
 .igot.plt      0x0000000020000210        0x0 C:/ST/STM32CubeIDE_1.14.0/STM32CubeIDE/plugins/com.st.stm32cube.ide.mcu.externaltools.gnu-tools-for-stm32.11.3.rel1.win32_1.1.100.202309141235/tools/bin/../lib/gcc/arm-none-eabi/11.3.1/thumb/v7-m/nofp/crtbegin.o
                0x0000000020000210                . = ALIGN (0x4)

.bss            0x0000000020000210     0x3658 load address 0x000000000800d3c0
                0x0000000020000210                _sbss = .
                0x0000000020000210                __bss_start__ = _sbss
 *(.bss)
 .bss           0x0000000020000210       0x1c C:/ST/STM32CubeIDE_1.14.0/STM32CubeIDE/plugins/com.st.stm32cube.ide.mcu.externaltools.gnu-tools-for-stm32.11.3.rel1.win32_1.1.100.202309141235/tools/bin/../lib/gcc/arm-none-eabi/11.3.1/thumb/v7-m/nofp/crtbegin.o
 *(.bss*)
 .bss.hcrc      0x000000002000022c        0x8 ./Core/Src/crc.o
                0x000000002000022c                hcrc
 .bss.hdma_memtomem_dma2_stream0
                0x0000000020000234       0x60 ./Core/Src/dma.o
                0x0000000020000234                hdma_memtomem_dma2_stream0
 .bss.hi2c2     0x0000000020000294       0x54 ./Core/Src/i2c.o
                0x0000000020000294                hi2c2
 .bss.hrng      0x00000000200002e8       0x10 ./Core/Src/rng.o
                0x00000000200002e8                hrng
 .bss.hrtc      0x00000000200002f8       0x20 ./Core/Src/rtc.o
                0x00000000200002f8                hrtc
 .bss.hsd       0x0000000020000318       0x84 ./Core/Src/sdio.o
                0x0000000020000318                hsd
 .bss.hspi1     0x000000002000039c       0x58 ./Core/Src/spi.o
                0x000000002000039c                hspi1
 .bss.hspi2     0x00000000200003f4       0x58 ./Core/Src/spi.o
                0x00000000200003f4                hspi2
 .bss.hspi3     0x000000002000044c       0x58 ./Core/Src/spi.o
                0x000000002000044c                hspi3
 .bss.hdma_spi1_tx
                0x00000000200004a4       0x60 ./Core/Src/spi.o
                0x00000000200004a4                hdma_spi1_tx
 .bss.hdma_spi2_tx
                0x0000000020000504       0x60 ./Core/Src/spi.o
                0x0000000020000504                hdma_spi2_tx
 .bss.__sbrk_heap_end
                0x0000000020000564        0x4 ./Core/Src/sysmem.o
 .bss.htim3     0x0000000020000568       0x48 ./Core/Src/tim.o
                0x0000000020000568                htim3
 .bss.htim4     0x00000000200005b0       0x48 ./Core/Src/tim.o
                0x00000000200005b0                htim4
 .bss.huart4    0x00000000200005f8       0x44 ./Core/Src/usart.o
                0x00000000200005f8                huart4
 .bss.huart2    0x000000002000063c       0x44 ./Core/Src/usart.o
                0x000000002000063c                huart2
 .bss.uwTick    0x0000000020000680        0x4 ./Drivers/STM32F2xx_HAL_Driver/Src/stm32f2xx_hal.o
                0x0000000020000680                uwTick
 .bss.retSD     0x0000000020000684        0x1 ./FATFS/App/fatfs.o
                0x0000000020000684                retSD
 *fill*         0x0000000020000685        0x3 
 .bss.SDPath    0x0000000020000688        0x4 ./FATFS/App/fatfs.o
                0x0000000020000688                SDPath
 .bss.cfgidx.0  0x000000002000068c        0x1 ./Middlewares/ST/STM32_USB_Device_Library/Core/Src/usbd_ctlreq.o
 *fill*         0x000000002000068d        0x3 
 .bss.disk      0x0000000020000690        0xc ./Middlewares/Third_Party/FatFs/src/ff_gen_drv.o
                0x0000000020000690                disk
 .bss.Button    0x000000002000069c       0x48 ./Module/Src/buttons.o
                0x000000002000069c                Button
 .bss.inc_div.0
                0x00000000200006e4        0x1 ./Module/Src/buttons.o
 .bss.Debug_LED1
                0x00000000200006e5        0x1 ./Module/Src/debug_LED.o
                0x00000000200006e5                Debug_LED1
 .bss.Debug_LED2
                0x00000000200006e6        0x1 ./Module/Src/debug_LED.o
                0x00000000200006e6                Debug_LED2
 .bss.old_Debug_LED1.1
                0x00000000200006e7        0x1 ./Module/Src/debug_LED.o
 .bss.old_Debug_LED2.0
                0x00000000200006e8        0x1 ./Module/Src/debug_LED.o