Archive member included to satisfy reference by file (symbol)

C:/ST/STM32CubeIDE_1.14.1/STM32CubeIDE/plugins/com.st.stm32cube.ide.mcu.externaltools.gnu-tools-for-stm32.11.3.rel1.win32_1.1.100.202309141235/tools/bin/../lib/gcc/arm-none-eabi/11.3.1/../../../../arm-none-eabi/lib/thumb/v7-m/nofp\libc_nano.a(libc_a-exit.o)
                              C:/ST/STM32CubeIDE_1.14.1/STM32CubeIDE/plugins/com.st.stm32cube.ide.mcu.externaltools.gnu-tools-for-stm32.11.3.rel1.win32_1.1.100.202309141235/tools/bin/../lib/gcc/arm-none-eabi/11.3.1/../../../../arm-none-eabi/lib/thumb/v7-m/nofp/crt0.o (exit)
C:/ST/STM32CubeIDE_1.14.1/STM32CubeIDE/plugins/com.st.stm32cube.ide.mcu.externaltools.gnu-tools-for-stm32.11.3.rel1.win32_1.1.100.202309141235/tools/bin/../lib/gcc/arm-none-eabi/11.3.1/../../../../arm-none-eabi/lib/thumb/v7-m/nofp\libc_nano.a(libc_a-malloc.o)
                              ./Middlewares/ST/STM32_USB_Device_Library/Class/CDC/Src/usbd_cdc.o (malloc)
C:/ST/STM32CubeIDE_1.14.1/STM32CubeIDE/plugins/com.st.stm32cube.ide.mcu.externaltools.gnu-tools-for-stm32.11.3.rel1.win32_1.1.100.202309141235/tools/bin/../lib/gcc/arm-none-eabi/11.3.1/../../../../arm-none-eabi/lib/thumb/v7-m/nofp\libc_nano.a(libc_a-mallocr.o)
                              C:/ST/STM32CubeIDE_1.14.1/STM32CubeIDE/plugins/com.st.stm32cube.ide.mcu.externaltools.gnu-tools-for-stm32.11.3.rel1.win32_1.1.100.202309141235/tools/bin/../lib/gcc/arm-none-eabi/11.3.1/../../../../arm-none-eabi/lib/thumb/v7-m/nofp\libc_nano.a(libc_a-malloc.o) (_malloc_r)
C:/ST/STM32CubeIDE_1.14.1/STM32CubeIDE/plugins/com.st.stm32cube.ide.mcu.externaltools.gnu-tools-for-stm32.11.3.rel1.win32_1.1.100.202309141235/tools/bin/../lib/gcc/arm-none-eabi/11.3.1/../../../../arm-none-eabi/lib/thumb/v7-m/nofp\libc_nano.a(libc_a-mlock.o)
                              C:/ST/STM32CubeIDE_1.14.1/STM32CubeIDE/plugins/com.st.stm32cube.ide.mcu.externaltools.gnu-tools-for-stm32.11.3.rel1.win32_1.1.100.202309141235/tools/bin/../lib/gcc/arm-none-eabi/11.3.1/../../../../arm-none-eabi/lib/thumb/v7-m/nofp\libc_nano.a(libc_a-mallocr.o) (__malloc_lock)
C:/ST/STM32CubeIDE_1.14.1/STM32CubeIDE/plugins/com.st.stm32cube.ide.mcu.externaltools.gnu-tools-for-stm32.11.3.rel1.win32_1.1.100.202309141235/tools/bin/../lib/gcc/arm-none-eabi/11.3.1/../../../../arm-none-eabi/lib/thumb/v7-m/nofp\libc_nano.a(libc_a-findfp.o)
                              C:/ST/STM32CubeIDE_1.14.1/STM32CubeIDE/plugins/com.st.stm32cube.ide.mcu.externaltools.gnu-tools-for-stm32.11.3.rel1.win32_1.1.100.202309141235/tools/bin/../lib/gcc/arm-none-eabi/11.3.1/../../../../arm-none-eabi/lib/thumb/v7-m/nofp\libc_nano.a(libc_a-exit.o) (__stdio_exit_handler)
C:/ST/STM32CubeIDE_1.14.1/STM32CubeIDE/plugins/com.st.stm32cube.ide.mcu.externaltools.gnu-tools-for-stm32.11.3.rel1.win32_1.1.100.202309141235/tools/bin/../lib/gcc/arm-none-eabi/11.3.1/../../../../arm-none-eabi/lib/thumb/v7-m/nofp\libc_nano.a(libc_a-fwalk.o)
                              C:/ST/STM32CubeIDE_1.14.1/STM32CubeIDE/plugins/com.st.stm32cube.ide.mcu.externaltools.gnu-tools-for-stm32.11.3.rel1.win32_1.1.100.202309141235/tools/bin/../lib/gcc/arm-none-eabi/11.3.1/../../../../arm-none-eabi/lib/thumb/v7-m/nofp\libc_nano.a(libc_a-findfp.o) (_fwalk_sglue)
C:/ST/STM32CubeIDE_1.14.1/STM32CubeIDE/plugins/com.st.stm32cube.ide.mcu.externaltools.gnu-tools-for-stm32.11.3.rel1.win32_1.1.100.202309141235/tools/bin/../lib/gcc/arm-none-eabi/11.3.1/../../../../arm-none-eabi/lib/thumb/v7-m/nofp\libc_nano.a(libc_a-stdio.o)
                              C:/ST/STM32CubeIDE_1.14.1/STM32CubeIDE/plugins/com.st.stm32cube.ide.mcu.externaltools.gnu-tools-for-stm32.11.3.rel1.win32_1.1.100.202309141235/tools/bin/../lib/gcc/arm-none-eabi/11.3.1/../../../../arm-none-eabi/lib/thumb/v7-m/nofp\libc_nano.a(libc_a-findfp.o) (__sread)
C:/ST/STM32CubeIDE_1.14.1/STM32CubeIDE/plugins/com.st.stm32cube.ide.mcu.externaltools.gnu-tools-for-stm32.11.3.rel1.win32_1.1.100.202309141235/tools/bin/../lib/gcc/arm-none-eabi/11.3.1/../../../../arm-none-eabi/lib/thumb/v7-m/nofp\libc_nano.a(libc_a-memset.o)
                              C:/ST/STM32CubeIDE_1.14.1/STM32CubeIDE/plugins/com.st.stm32cube.ide.mcu.externaltools.gnu-tools-for-stm32.11.3.rel1.win32_1.1.100.202309141235/tools/bin/../lib/gcc/arm-none-eabi/11.3.1/../../../../arm-none-eabi/lib/thumb/v7-m/nofp/crt0.o (memset)
C:/ST/STM32CubeIDE_1.14.1/STM32CubeIDE/plugins/com.st.stm32cube.ide.mcu.externaltools.gnu-tools-for-stm32.11.3.rel1.win32_1.1.100.202309141235/tools/bin/../lib/gcc/arm-none-eabi/11.3.1/../../../../arm-none-eabi/lib/thumb/v7-m/nofp\libc_nano.a(libc_a-closer.o)
                              C:/ST/STM32CubeIDE_1.14.1/STM32CubeIDE/plugins/com.st.stm32cube.ide.mcu.externaltools.gnu-tools-for-stm32.11.3.rel1.win32_1.1.100.202309141235/tools/bin/../lib/gcc/arm-none-eabi/11.3.1/../../../../arm-none-eabi/lib/thumb/v7-m/nofp\libc_nano.a(libc_a-stdio.o) (_close_r)
[...]
Memory Configuration

Name             Origin             Length             Attributes
RAM              0x0000000020000000 0x0000000000020000 xrw
FLASH            0x0000000008000000 0x0000000000100000 xr
*default*        0x0000000000000000 0xffffffffffffffff

Linker script and memory map

LOAD C:/ST/STM32CubeIDE_1.14.1/STM32CubeIDE/plugins/com.st.stm32cube.ide.mcu.externaltools.gnu-tools-for-stm32.11.3.rel1.win32_1.1.100.202309141235/tools/bin/../lib/gcc/arm-none-eabi/11.3.1/thumb/v7-m/nofp/crti.o
LOAD C:/ST/STM32CubeIDE_1.14.1/STM32CubeIDE/plugins/com.st.stm32cube.ide.mcu.externaltools.gnu-tools-for-stm32.11.3.rel1.win32_1.1.100.202309141235/tools/bin/../lib/gcc/arm-none-eabi/11.3.1/thumb/v7-m/nofp/crtbegin.o
LOAD C:/ST/STM32CubeIDE_1.14.1/STM32CubeIDE/plugins/com.st.stm32cube.ide.mcu.externaltools.gnu-tools-for-stm32.11.3.rel1.win32_1.1.100.202309141235/tools/bin/../lib/gcc/arm-none-eabi/11.3.1/../../../../arm-none-eabi/lib/thumb/v7-m/nofp/crt0.o
LOAD ./Core/Src/crc.o
LOAD ./Core/Src/dma.o
LOAD ./Core/Src/gpio.o
LOAD ./Core/Src/i2c.o
LOAD ./Core/Src/main.o
LOAD ./Core/Src/rng.o
LOAD ./Core/Src/rtc.o
LOAD ./Core/Src/sdio.o
LOAD ./Core/Src/spi.o
LOAD ./Core/Src/stm32f2xx_hal_msp.o
LOAD ./Core/Src/stm32f2xx_it.o
LOAD ./Core/Src/syscalls.o
LOAD ./Core/Src/sysmem.o
LOAD ./Core/Src/system_stm32f2xx.o
LOAD ./Core/Src/tim.o
LOAD ./Core/Src/usart.o
LOAD ./Core/Startup/startup_stm32f215rgtx.o
LOAD ./Drivers/STM32F2xx_HAL_Driver/Src/stm32f2xx_hal.o
LOAD ./Drivers/STM32F2xx_HAL_Driver/Src/stm32f2xx_hal_cortex.o
LOAD ./Drivers/STM32F2xx_HAL_Driver/Src/stm32f2xx_hal_crc.o
LOAD ./Drivers/STM32F2xx_HAL_Driver/Src/stm32f2xx_hal_dma.o
LOAD ./Drivers/STM32F2xx_HAL_Driver/Src/stm32f2xx_hal_dma_ex.o
LOAD ./Drivers/STM32F2xx_HAL_Driver/Src/stm32f2xx_hal_exti.o
LOAD ./Drivers/STM32F2xx_HAL_Driver/Src/stm32f2xx_hal_flash.o
LOAD ./Drivers/STM32F2xx_HAL_Driver/Src/stm32f2xx_hal_flash_ex.o
LOAD ./Drivers/STM32F2xx_HAL_Driver/Src/stm32f2xx_hal_gpio.o
LOAD ./Drivers/STM32F2xx_HAL_Driver/Src/stm32f2xx_hal_i2c.o
LOAD ./Drivers/STM32F2xx_HAL_Driver/Src/stm32f2xx_hal_pcd.o
LOAD ./Drivers/STM32F2xx_HAL_Driver/Src/stm32f2xx_hal_pcd_ex.o
LOAD ./Drivers/STM32F2xx_HAL_Driver/Src/stm32f2xx_hal_pwr.o
LOAD ./Drivers/STM32F2xx_HAL_Driver/Src/stm32f2xx_hal_pwr_ex.o
LOAD ./Drivers/STM32F2xx_HAL_Driver/Src/stm32f2xx_hal_rcc.o
LOAD ./Drivers/STM32F2xx_HAL_Driver/Src/stm32f2xx_hal_rcc_ex.o
LOAD ./Drivers/STM32F2xx_HAL_Driver/Src/stm32f2xx_hal_rng.o
LOAD ./Drivers/STM32F2xx_HAL_Driver/Src/stm32f2xx_hal_rtc.o
LOAD ./Drivers/STM32F2xx_HAL_Driver/Src/stm32f2xx_hal_rtc_ex.o
LOAD ./Drivers/STM32F2xx_HAL_Driver/Src/stm32f2xx_hal_sd.o
LOAD ./Drivers/STM32F2xx_HAL_Driver/Src/stm32f2xx_hal_spi.o
LOAD ./Drivers/STM32F2xx_HAL_Driver/Src/stm32f2xx_hal_tim.o
LOAD ./Drivers/STM32F2xx_HAL_Driver/Src/stm32f2xx_hal_tim_ex.o
LOAD ./Drivers/STM32F2xx_HAL_Driver/Src/stm32f2xx_hal_uart.o
LOAD ./Drivers/STM32F2xx_HAL_Driver/Src/stm32f2xx_ll_sdmmc.o
LOAD ./Drivers/STM32F2xx_HAL_Driver/Src/stm32f2xx_ll_usb.o
LOAD ./FATFS/App/fatfs.o
LOAD ./FATFS/Target/bsp_driver_sd.o
LOAD ./Middlewares/ST/STM32_USB_Device_Library/Class/CDC/Src/usbd_cdc.o
LOAD ./Middlewares/ST/STM32_USB_Device_Library/Core/Src/usbd_core.o
LOAD ./Middlewares/ST/STM32_USB_Device_Library/Core/Src/usbd_ctlreq.o
LOAD ./Middlewares/ST/STM32_USB_Device_Library/Core/Src/usbd_ioreq.o
LOAD ./Middlewares/Third_Party/FatFs/src/diskio.o
LOAD ./Middlewares/Third_Party/FatFs/src/ff.o
LOAD ./Middlewares/Third_Party/FatFs/src/ff_gen_drv.o
LOAD ./Middlewares/Third_Party/FatFs/src/drivers/sd_diskio.o
LOAD ./Middlewares/Third_Party/FatFs/src/option/syscall.o
LOAD ./Module/Src/buttons.o
LOAD ./Module/Src/debug_LED.o
LOAD ./Module/Src/module.o
LOAD ./Module/Src/out.o
LOAD ./Module/Src/spi_LED.o
LOAD ./USB_DEVICE/App/usb_device.o
LOAD ./USB_DEVICE/App/usbd_cdc_if.o
LOAD ./USB_DEVICE/App/usbd_desc.o
LOAD ./USB_DEVICE/Target/usbd_conf.o
START GROUP
END GROUP
START GROUP
LOAD C:/ST/STM32CubeIDE_1.14.1/STM32CubeIDE/plugins/com.st.stm32cube.ide.mcu.externaltools.gnu-tools-for-stm32.11.3.rel1.win32_1.1.100.202309141235/tools/bin/../lib/gcc/arm-none-eabi/11.3.1/../../../../arm-none-eabi/lib/thumb/v7-m/nofp\libc_nano.a
LOAD C:/ST/STM32CubeIDE_1.14.1/STM32CubeIDE/plugins/com.st.stm32cube.ide.mcu.externaltools.gnu-tools-for-stm32.11.3.rel1.win32_1.1.100.202309141235/tools/bin/../lib/gcc/arm-none-eabi/11.3.1/../../../../arm-none-eabi/lib/thumb/v7-m/nofp\libm.a
END GROUP
START GROUP
LOAD C:/ST/STM32CubeIDE_1.14.1/STM32CubeIDE/plugins/com.st.stm32cube.ide.mcu.externaltools.gnu-tools-for-stm32.11.3.rel1.win32_1.1.100.202309141235/tools/bin/../lib/gcc/arm-none-eabi/11.3.1/thumb/v7-m/nofp\libgcc.a
LOAD C:/ST/STM32CubeIDE_1.14.1/STM32CubeIDE/plugins/com.st.stm32cube.ide.mcu.externaltools.gnu-tools-for-stm32.11.3.rel1.win32_1.1.100.202309141235/tools/bin/../lib/gcc/arm-none-eabi/11.3.1/../../../../arm-none-eabi/lib/thumb/v7-m/nofp\libc_nano.a
END GROUP
START GROUP
LOAD C:/ST/STM32CubeIDE_1.14.1/STM32CubeIDE/plugins/com.st.stm32cube.ide.mcu.externaltools.gnu-tools-for-stm32.11.3.rel1.win32_1.1.100.202309141235/tools/bin/../lib/gcc/arm-none-eabi/11.3.1/thumb/v7-m/nofp\libgcc.a
LOAD C:/ST/STM32CubeIDE_1.14.1/STM32CubeIDE/plugins/com.st.stm32cube.ide.mcu.externaltools.gnu-tools-for-stm32.11.3.rel1.win32_1.1.100.202309141235/tools/bin/../lib/gcc/arm-none-eabi/11.3.1/../../../../arm-none-eabi/lib/thumb/v7-m/nofp\libc_nano.a
LOAD C:/ST/STM32CubeIDE_1.14.1/STM32CubeIDE/plugins/com.st.stm32cube.ide.mcu.externaltools.gnu-tools-for-stm32.11.3.rel1.win32_1.1.100.202309141235/tools/bin/../lib/gcc/arm-none-eabi/11.3.1/../../../../arm-none-eabi/lib/thumb/v7-m/nofp\libnosys.a
END GROUP
START GROUP
LOAD C:/ST/STM32CubeIDE_1.14.1/STM32CubeIDE/plugins/com.st.stm32cube.ide.mcu.externaltools.gnu-tools-for-stm32.11.3.rel1.win32_1.1.100.202309141235/tools/bin/../lib/gcc/arm-none-eabi/11.3.1/thumb/v7-m/nofp\libgcc.a
LOAD C:/ST/STM32CubeIDE_1.14.1/STM32CubeIDE/plugins/com.st.stm32cube.ide.mcu.externaltools.gnu-tools-for-stm32.11.3.rel1.win32_1.1.100.202309141235/tools/bin/../lib/gcc/arm-none-eabi/11.3.1/../../../../arm-none-eabi/lib/thumb/v7-m/nofp\libc_nano.a
LOAD C:/ST/STM32CubeIDE_1.14.1/STM32CubeIDE/plugins/com.st.stm32cube.ide.mcu.externaltools.gnu-tools-for-stm32.11.3.rel1.win32_1.1.100.202309141235/tools/bin/../lib/gcc/arm-none-eabi/11.3.1/../../../../arm-none-eabi/lib/thumb/v7-m/nofp\libnosys.a
END GROUP
LOAD C:/ST/STM32CubeIDE_1.14.1/STM32CubeIDE/plugins/com.st.stm32cube.ide.mcu.externaltools.gnu-tools-for-stm32.11.3.rel1.win32_1.1.100.202309141235/tools/bin/../lib/gcc/arm-none-eabi/11.3.1/thumb/v7-m/nofp/crtend.o
LOAD C:/ST/STM32CubeIDE_1.14.1/STM32CubeIDE/plugins/com.st.stm32cube.ide.mcu.externaltools.gnu-tools-for-stm32.11.3.rel1.win32_1.1.100.202309141235/tools/bin/../lib/gcc/arm-none-eabi/11.3.1/thumb/v7-m/nofp/crtn.o
                0x0000000020020000                _estack = (ORIGIN (RAM) + LENGTH (RAM))
                0x0000000000000200                _Min_Heap_Size = 0x200
                0x0000000000000400                _Min_Stack_Size = 0x400

.isr_vector     0x0000000008000000      0x184
                0x0000000008000000                . = ALIGN (0x4)
 *(.isr_vector)
 .isr_vector    0x0000000008000000      0x184 ./Core/Startup/startup_stm32f215rgtx.o
                0x0000000008000000                g_pfnVectors
                0x0000000008000184                . = ALIGN (0x4)

.text           0x0000000008000184     0xd364
                0x0000000008000184                . = ALIGN (0x4)
 *(.text)
 .text          0x0000000008000184       0x40 C:/ST/STM32CubeIDE_1.14.1/STM32CubeIDE/plugins/com.st.stm32cube.ide.mcu.externaltools.gnu-tools-for-stm32.11.3.rel1.win32_1.1.100.202309141235/tools/bin/../lib/gcc/arm-none-eabi/11.3.1/thumb/v7-m/nofp/crtbegin.o
 .text          0x00000000080001c4       0x30 C:/ST/STM32CubeIDE_1.14.1/STM32CubeIDE/plugins/com.st.stm32cube.ide.mcu.externaltools.gnu-tools-for-stm32.11.3.rel1.win32_1.1.100.202309141235/tools/bin/../lib/gcc/arm-none-eabi/11.3.1/thumb/v7-m/nofp\libgcc.a(_aeabi_uldivmod.o)
                0x00000000080001c4                __aeabi_uldivmod
 .text          0x00000000080001f4      0x2cc C:/ST/STM32CubeIDE_1.14.1/STM32CubeIDE/plugins/com.st.stm32cube.ide.mcu.externaltools.gnu-tools-for-stm32.11.3.rel1.win32_1.1.100.202309141235/tools/bin/../lib/gcc/arm-none-eabi/11.3.1/thumb/v7-m/nofp\libgcc.a(_udivmoddi4.o)
                0x00000000080001f4                __udivmoddi4
 .text          0x00000000080004c0        0x4 C:/ST/STM32CubeIDE_1.14.1/STM32CubeIDE/plugins/com.st.stm32cube.ide.mcu.externaltools.gnu-tools-for-stm32.11.3.rel1.win32_1.1.100.202309141235/tools/bin/../lib/gcc/arm-none-eabi/11.3.1/thumb/v7-m/nofp\libgcc.a(_dvmd_tls.o)
                0x00000000080004c0                __aeabi_idiv0
                0x00000000080004c0                __aeabi_ldiv0
 *(.text*)
 .text.MX_CRC_Init
                0x00000000080004c4       0x28 ./Core/Src/crc.o
                0x00000000080004c4                MX_CRC_Init
 .text.HAL_CRC_MspInit
                0x00000000080004ec       0x40 ./Core/Src/crc.o
                0x00000000080004ec                HAL_CRC_MspInit
 .text.MX_DMA_Init
                0x000000000800052c       0xe4 ./Core/Src/dma.o
                0x000000000800052c                MX_DMA_Init
 .text.MX_GPIO_Init
                0x0000000008000610      0x16c ./Core/Src/gpio.o
                0x0000000008000610                MX_GPIO_Init
 .text.MX_I2C2_Init
                0x000000000800077c       0x5c ./Core/Src/i2c.o
                0x000000000800077c                MX_I2C2_Init
 .text.HAL_I2C_MspInit
                0x00000000080007d8       0x90 ./Core/Src/i2c.o
                0x00000000080007d8                HAL_I2C_MspInit
 .text.main     0x0000000008000868      0x118 ./Core/Src/main.o
                0x0000000008000868                main
 .text.SystemClock_Config
                0x0000000008000980       0xca ./Core/Src/main.o
                0x0000000008000980                SystemClock_Config
 *fill*         0x0000000008000a4a        0x2 
 .text.HAL_UART_RxCpltCallback
                0x0000000008000a4c      0x154 ./Core/Src/main.o
                0x0000000008000a4c                HAL_UART_RxCpltCallback
 .text.Main_IncTic
                0x0000000008000ba0       0x2c ./Core/Src/main.o
                0x0000000008000ba0                Main_IncTic
 .text.Update_reg
                0x0000000008000bcc       0x64 ./Core/Src/main.o
                0x0000000008000bcc                Update_reg
 .text.Buttons_Handler
                0x0000000008000c30       0x4c ./Core/Src/main.o
                0x0000000008000c30                Buttons_Handler
 .text.MRTU_CRC
                0x0000000008000c7c       0x68 ./Core/Src/main.o
                0x0000000008000c7c                MRTU_CRC
 .text.MRTU_Read
                0x0000000008000ce4       0x80 ./Core/Src/main.o
                0x0000000008000ce4                MRTU_Read
 .text.MRTU_Write
                0x0000000008000d64       0x90 ./Core/Src/main.o
                0x0000000008000d64                MRTU_Write
 .text.MRTU_Error
                0x0000000008000df4       0x6c ./Core/Src/main.o
                0x0000000008000df4                MRTU_Error
 .text.Error_Handler
                0x0000000008000e60       0x10 ./Core/Src/main.o
                0x0000000008000e60                Error_Handler
 .text.MX_RNG_Init
                0x0000000008000e70       0x28 ./Core/Src/rng.o
                0x0000000008000e70                MX_RNG_Init
 .text.HAL_RNG_MspInit
                0x0000000008000e98       0x40 ./Core/Src/rng.o
                0x0000000008000e98                HAL_RNG_MspInit
 .text.MX_RTC_Init
                0x0000000008000ed8       0xb0 ./Core/Src/rtc.o
                0x0000000008000ed8                MX_RTC_Init
 .text.HAL_RTC_MspInit
                0x0000000008000f88       0x2c ./Core/Src/rtc.o
                0x0000000008000f88                HAL_RTC_MspInit
 .text.MX_SDIO_SD_Init
                0x0000000008000fb4       0x40 ./Core/Src/sdio.o
                0x0000000008000fb4                MX_SDIO_SD_Init
 .text.HAL_SD_MspInit
                0x0000000008000ff4       0xf4 ./Core/Src/sdio.o
                0x0000000008000ff4                HAL_SD_MspInit
 .text.MX_SPI1_Init
                0x00000000080010e8       0x6c ./Core/Src/spi.o
                0x00000000080010e8                MX_SPI1_Init
 .text.MX_SPI2_Init
                0x0000000008001154       0x6c ./Core/Src/spi.o
                0x0000000008001154                MX_SPI2_Init
 .text.MX_SPI3_Init
                0x00000000080011c0       0x6c ./Core/Src/spi.o
                0x00000000080011c0                MX_SPI3_Init
 .text.HAL_SPI_MspInit
                0x000000000800122c      0x270 ./Core/Src/spi.o
                0x000000000800122c                HAL_SPI_MspInit
 .text.HAL_SPI_MspDeInit
                0x000000000800149c       0xa8 ./Core/Src/spi.o
                0x000000000800149c                HAL_SPI_MspDeInit
 .text.HAL_MspInit
                0x0000000008001544       0x4c ./Core/Src/stm32f2xx_hal_msp.o
                0x0000000008001544                HAL_MspInit
 .text.NMI_Handler
                0x0000000008001590        0x6 ./Core/Src/stm32f2xx_it.o
                0x0000000008001590                NMI_Handler
 .text.HardFault_Handler
                0x0000000008001596        0x6 ./Core/Src/stm32f2xx_it.o
                0x0000000008001596                HardFault_Handler
 .text.MemManage_Handler
                0x000000000800159c        0x6 ./Core/Src/stm32f2xx_it.o
                0x000000000800159c                MemManage_Handler
 .text.BusFault_Handler
                0x00000000080015a2        0x6 ./Core/Src/stm32f2xx_it.o
                0x00000000080015a2                BusFault_Handler
 .text.UsageFault_Handler
                0x00000000080015a8        0x6 ./Core/Src/stm32f2xx_it.o
                0x00000000080015a8                UsageFault_Handler
 .text.SVC_Handler
                0x00000000080015ae        0xc ./Core/Src/stm32f2xx_it.o
                0x00000000080015ae                SVC_Handler
 .text.DebugMon_Handler
                0x00000000080015ba        0xc ./Core/Src/stm32f2xx_it.o
                0x00000000080015ba                DebugMon_Handler
 .text.PendSV_Handler
                0x00000000080015c6        0xc ./Core/Src/stm32f2xx_it.o
                0x00000000080015c6                PendSV_Handler
 .text.SysTick_Handler
                0x00000000080015d2        0xc ./Core/Src/stm32f2xx_it.o
                0x00000000080015d2                SysTick_Handler
 *fill*         0x00000000080015de        0x2 
 .text.DMA1_Stream4_IRQHandler
                0x00000000080015e0       0x14 ./Core/Src/stm32f2xx_it.o
                0x00000000080015e0                DMA1_Stream4_IRQHandler
 .text.TIM3_IRQHandler
                0x00000000080015f4       0x14 ./Core/Src/stm32f2xx_it.o
                0x00000000080015f4                TIM3_IRQHandler
 .text.TIM4_IRQHandler
                0x0000000008001608       0x14 ./Core/Src/stm32f2xx_it.o
                0x0000000008001608                TIM4_IRQHandler
 .text.USART2_IRQHandler
                0x000000000800161c       0x14 ./Core/Src/stm32f2xx_it.o
                0x000000000800161c                USART2_IRQHandler
 .text.DMA2_Stream0_IRQHandler
                0x0000000008001630       0x14 ./Core/Src/stm32f2xx_it.o
                0x0000000008001630                DMA2_Stream0_IRQHandler
 .text.DMA2_Stream3_IRQHandler
                0x0000000008001644       0x14 ./Core/Src/stm32f2xx_it.o
                0x0000000008001644                DMA2_Stream3_IRQHandler
 .text.OTG_FS_IRQHandler
                0x0000000008001658       0x14 ./Core/Src/stm32f2xx_it.o
                0x0000000008001658                OTG_FS_IRQHandler
 .text._sbrk    0x000000000800166c       0x6c ./Core/Src/sysmem.o
                0x000000000800166c                _sbrk
 .text.SystemInit
                0x00000000080016d8        0xc ./Core/Src/system_stm32f2xx.o
                0x00000000080016d8                SystemInit
 .text.MX_TIM3_Init
                0x00000000080016e4       0xe0 ./Core/Src/tim.o
                0x00000000080016e4                MX_TIM3_Init
 .text.MX_TIM4_Init
                0x00000000080017c4       0xf4 ./Core/Src/tim.o
                0x00000000080017c4                MX_TIM4_Init
 .text.HAL_TIM_PWM_MspInit
                0x00000000080018b8       0x8c ./Core/Src/tim.o
                0x00000000080018b8                HAL_TIM_PWM_MspInit
 .text.HAL_TIM_MspPostInit
                0x0000000008001944      0x100 ./Core/Src/tim.o
                0x0000000008001944                HAL_TIM_MspPostInit
 .text.MX_UART4_Init
                0x0000000008001a44       0x54 ./Core/Src/usart.o
                0x0000000008001a44                MX_UART4_Init
 .text.MX_USART2_UART_Init
                0x0000000008001a98       0x54 ./Core/Src/usart.o
                0x0000000008001a98                MX_USART2_UART_Init
 .text.HAL_UART_MspInit
                0x0000000008001aec      0x108 ./Core/Src/usart.o
                0x0000000008001aec                HAL_UART_MspInit
 .text.Reset_Handler
                0x0000000008001bf4       0x50 ./Core/Startup/startup_stm32f215rgtx.o
                0x0000000008001bf4                Reset_Handler
 .text.Default_Handler
                0x0000000008001c44        0x2 ./Core/Startup/startup_stm32f215rgtx.o
                0x0000000008001c44                RTC_Alarm_IRQHandler
                0x0000000008001c44                HASH_RNG_IRQHandler
                0x0000000008001c44                EXTI2_IRQHandler
                0x0000000008001c44                TIM8_CC_IRQHandler
                0x0000000008001c44                TIM1_CC_IRQHandler
                0x0000000008001c44                DMA2_Stream5_IRQHandler
                0x0000000008001c44                DMA1_Stream5_IRQHandler
                0x0000000008001c44                PVD_IRQHandler
                0x0000000008001c44                SDIO_IRQHandler
                0x0000000008001c44                TAMP_STAMP_IRQHandler
                0x0000000008001c44                CAN2_RX1_IRQHandler
                0x0000000008001c44                EXTI3_IRQHandler
                0x0000000008001c44                TIM8_TRG_COM_TIM14_IRQHandler
                0x0000000008001c44                TIM1_UP_TIM10_IRQHandler
                0x0000000008001c44                TIM8_UP_TIM13_IRQHandler
                0x0000000008001c44                I2C3_ER_IRQHandler
                0x0000000008001c44                EXTI0_IRQHandler
                0x0000000008001c44                I2C2_EV_IRQHandler
                0x0000000008001c44                DMA1_Stream2_IRQHandler
                0x0000000008001c44                CAN1_RX0_IRQHandler
                0x0000000008001c44                OTG_HS_WKUP_IRQHandler
                0x0000000008001c44                CAN2_SCE_IRQHandler
                0x0000000008001c44                DMA2_Stream2_IRQHandler
                0x0000000008001c44                SPI1_IRQHandler
                0x0000000008001c44                TIM6_DAC_IRQHandler
                0x0000000008001c44                TIM1_BRK_TIM9_IRQHandler
                0x0000000008001c44                CAN2_RX0_IRQHandler
                0x0000000008001c44                USART6_IRQHandler
                0x0000000008001c44                USART3_IRQHandler
                0x0000000008001c44                CRYP_IRQHandler
                0x0000000008001c44                CAN1_RX1_IRQHandler
                0x0000000008001c44                UART5_IRQHandler
                0x0000000008001c44                I2C1_EV_IRQHandler
                0x0000000008001c44                DMA1_Stream6_IRQHandler
                0x0000000008001c44                DMA1_Stream1_IRQHandler
                0x0000000008001c44                UART4_IRQHandler
                0x0000000008001c44                RCC_IRQHandler
                0x0000000008001c44                TIM8_BRK_TIM12_IRQHandler
                0x0000000008001c44                Default_Handler
                0x0000000008001c44                EXTI15_10_IRQHandler
                0x0000000008001c44                ADC_IRQHandler
                0x0000000008001c44                DMA1_Stream7_IRQHandler
                0x0000000008001c44                TIM7_IRQHandler
                0x0000000008001c44                CAN2_TX_IRQHandler
                0x0000000008001c44                TIM5_IRQHandler
                0x0000000008001c44                DMA2_Stream7_IRQHandler
                0x0000000008001c44                I2C3_EV_IRQHandler
                0x0000000008001c44                EXTI9_5_IRQHandler
                0x0000000008001c44                RTC_WKUP_IRQHandler
                0x0000000008001c44                SPI2_IRQHandler
                0x0000000008001c44                OTG_HS_EP1_IN_IRQHandler
                0x0000000008001c44                DMA1_Stream0_IRQHandler
                0x0000000008001c44                CAN1_TX_IRQHandler
                0x0000000008001c44                EXTI4_IRQHandler
                0x0000000008001c44                FSMC_IRQHandler
                0x0000000008001c44                OTG_HS_EP1_OUT_IRQHandler
                0x0000000008001c44                WWDG_IRQHandler
                0x0000000008001c44                TIM2_IRQHandler
                0x0000000008001c44                OTG_FS_WKUP_IRQHandler
                0x0000000008001c44                TIM1_TRG_COM_TIM11_IRQHandler
                0x0000000008001c44                OTG_HS_IRQHandler
                0x0000000008001c44                EXTI1_IRQHandler
                0x0000000008001c44                I2C2_ER_IRQHandler
                0x0000000008001c44                DMA2_Stream1_IRQHandler
                0x0000000008001c44                CAN1_SCE_IRQHandler
                0x0000000008001c44                FLASH_IRQHandler
                0x0000000008001c44                DMA2_Stream4_IRQHandler
                0x0000000008001c44                USART1_IRQHandler
                0x0000000008001c44                SPI3_IRQHandler
                0x0000000008001c44                I2C1_ER_IRQHandler
                0x0000000008001c44                DMA2_Stream6_IRQHandler
                0x0000000008001c44                DMA1_Stream3_IRQHandler
 *fill*         0x0000000008001c46        0x2 
 .text.HAL_Init
                0x0000000008001c48       0x44 ./Drivers/STM32F2xx_HAL_Driver/Src/stm32f2xx_hal.o
                0x0000000008001c48                HAL_Init
 .text.HAL_InitTick
                0x0000000008001c8c       0x60 ./Drivers/STM32F2xx_HAL_Driver/Src/stm32f2xx_hal.o
                0x0000000008001c8c                HAL_InitTick
 .text.HAL_GetTick
                0x0000000008001cec       0x14 ./Drivers/STM32F2xx_HAL_Driver/Src/stm32f2xx_hal.o
                0x0000000008001cec                HAL_GetTick
 .text.HAL_Delay
                0x0000000008001d00       0x48 ./Drivers/STM32F2xx_HAL_Driver/Src/stm32f2xx_hal.o
                0x0000000008001d00                HAL_Delay
 .text.__NVIC_SetPriorityGrouping
                0x0000000008001d48       0x48 ./Drivers/STM32F2xx_HAL_Driver/Src/stm32f2xx_hal_cortex.o
 .text.__NVIC_GetPriorityGrouping
                0x0000000008001d90       0x1c ./Drivers/STM32F2xx_HAL_Driver/Src/stm32f2xx_hal_cortex.o
 .text.__NVIC_EnableIRQ
                0x0000000008001dac       0x38 ./Drivers/STM32F2xx_HAL_Driver/Src/stm32f2xx_hal_cortex.o
 .text.__NVIC_SetPriority
                0x0000000008001de4       0x54 ./Drivers/STM32F2xx_HAL_Driver/Src/stm32f2xx_hal_cortex.o
 .text.NVIC_EncodePriority
                0x0000000008001e38       0x64 ./Drivers/STM32F2xx_HAL_Driver/Src/stm32f2xx_hal_cortex.o
 .text.SysTick_Config
                0x0000000008001e9c       0x44 ./Drivers/STM32F2xx_HAL_Driver/Src/stm32f2xx_hal_cortex.o
 .text.HAL_NVIC_SetPriorityGrouping
                0x0000000008001ee0       0x16 ./Drivers/STM32F2xx_HAL_Driver/Src/stm32f2xx_hal_cortex.o
                0x0000000008001ee0                HAL_NVIC_SetPriorityGrouping
 .text.HAL_NVIC_SetPriority
                0x0000000008001ef6       0x38 ./Drivers/STM32F2xx_HAL_Driver/Src/stm32f2xx_hal_cortex.o
                0x0000000008001ef6                HAL_NVIC_SetPriority
 .text.HAL_NVIC_EnableIRQ
                0x0000000008001f2e       0x1c ./Drivers/STM32F2xx_HAL_Driver/Src/stm32f2xx_hal_cortex.o
                0x0000000008001f2e                HAL_NVIC_EnableIRQ
 .text.HAL_SYSTICK_Config
                0x0000000008001f4a       0x18 ./Drivers/STM32F2xx_HAL_Driver/Src/stm32f2xx_hal_cortex.o
                0x0000000008001f4a                HAL_SYSTICK_Config
 .text.HAL_CRC_Init
                0x0000000008001f62       0x38 ./Drivers/STM32F2xx_HAL_Driver/Src/stm32f2xx_hal_crc.o
                0x0000000008001f62                HAL_CRC_Init
 *fill*         0x0000000008001f9a        0x2 
 .text.HAL_DMA_Init
                0x0000000008001f9c      0x15c ./Drivers/STM32F2xx_HAL_Driver/Src/stm32f2xx_hal_dma.o
                0x0000000008001f9c                HAL_DMA_Init
 .text.HAL_DMA_DeInit
                0x00000000080020f8       0xbc ./Drivers/STM32F2xx_HAL_Driver/Src/stm32f2xx_hal_dma.o
                0x00000000080020f8                HAL_DMA_DeInit
 .text.HAL_DMA_Start_IT
                0x00000000080021b4       0xb0 ./Drivers/STM32F2xx_HAL_Driver/Src/stm32f2xx_hal_dma.o
                0x00000000080021b4                HAL_DMA_Start_IT
 .text.HAL_DMA_Abort
                0x0000000008002264       0xe0 ./Drivers/STM32F2xx_HAL_Driver/Src/stm32f2xx_hal_dma.o
                0x0000000008002264                HAL_DMA_Abort
 .text.HAL_DMA_Abort_IT
                0x0000000008002344       0x42 ./Drivers/STM32F2xx_HAL_Driver/Src/stm32f2xx_hal_dma.o
                0x0000000008002344                HAL_DMA_Abort_IT
 *fill*         0x0000000008002386        0x2 
 .text.HAL_DMA_IRQHandler
                0x0000000008002388      0x314 ./Drivers/STM32F2xx_HAL_Driver/Src/stm32f2xx_hal_dma.o
                0x0000000008002388                HAL_DMA_IRQHandler
 .text.DMA_SetConfig
                0x000000000800269c       0x5a ./Drivers/STM32F2xx_HAL_Driver/Src/stm32f2xx_hal_dma.o
 *fill*         0x00000000080026f6        0x2 
 .text.DMA_CalcBaseAndBitshift
                0x00000000080026f8       0x68 ./Drivers/STM32F2xx_HAL_Driver/Src/stm32f2xx_hal_dma.o
 .text.DMA_CheckFifoParam
                0x0000000008002760       0xf4 ./Drivers/STM32F2xx_HAL_Driver/Src/stm32f2xx_hal_dma.o
 .text.HAL_GPIO_Init
                0x0000000008002854      0x33c ./Drivers/STM32F2xx_HAL_Driver/Src/stm32f2xx_hal_gpio.o
                0x0000000008002854                HAL_GPIO_Init
 .text.HAL_GPIO_DeInit
                0x0000000008002b90      0x1fc ./Drivers/STM32F2xx_HAL_Driver/Src/stm32f2xx_hal_gpio.o
                0x0000000008002b90                HAL_GPIO_DeInit
 .text.HAL_GPIO_ReadPin
                0x0000000008002d8c       0x2e ./Drivers/STM32F2xx_HAL_Driver/Src/stm32f2xx_hal_gpio.o
                0x0000000008002d8c                HAL_GPIO_ReadPin
 .text.HAL_GPIO_WritePin
                0x0000000008002dba       0x30 ./Drivers/STM32F2xx_HAL_Driver/Src/stm32f2xx_hal_gpio.o
                0x0000000008002dba                HAL_GPIO_WritePin
 *fill*         0x0000000008002dea        0x2 
 .text.HAL_I2C_Init
                0x0000000008002dec      0x288 ./Drivers/STM32F2xx_HAL_Driver/Src/stm32f2xx_hal_i2c.o
                0x0000000008002dec                HAL_I2C_Init
 .text.HAL_PCD_Init
                0x0000000008003074      0x23a ./Drivers/STM32F2xx_HAL_Driver/Src/stm32f2xx_hal_pcd.o
                0x0000000008003074                HAL_PCD_Init
 .text.HAL_PCD_Start
                0x00000000080032ae       0x44 ./Drivers/STM32F2xx_HAL_Driver/Src/stm32f2xx_hal_pcd.o
                0x00000000080032ae                HAL_PCD_Start
 .text.HAL_PCD_IRQHandler
                0x00000000080032f2      0x748 ./Drivers/STM32F2xx_HAL_Driver/Src/stm32f2xx_hal_pcd.o
                0x00000000080032f2                HAL_PCD_IRQHandler
 .text.HAL_PCD_SetAddress
                0x0000000008003a3a       0x4a ./Drivers/STM32F2xx_HAL_Driver/Src/stm32f2xx_hal_pcd.o
                0x0000000008003a3a                HAL_PCD_SetAddress
 .text.HAL_PCD_EP_Open
                0x0000000008003a84       0xd0 ./Drivers/STM32F2xx_HAL_Driver/Src/stm32f2xx_hal_pcd.o
                0x0000000008003a84                HAL_PCD_EP_Open
 .text.HAL_PCD_EP_Close
                0x0000000008003b54       0x94 ./Drivers/STM32F2xx_HAL_Driver/Src/stm32f2xx_hal_pcd.o
                0x0000000008003b54                HAL_PCD_EP_Close
 .text.HAL_PCD_EP_Receive
                0x0000000008003be8       0x96 ./Drivers/STM32F2xx_HAL_Driver/Src/stm32f2xx_hal_pcd.o
                0x0000000008003be8                HAL_PCD_EP_Receive
 .text.HAL_PCD_EP_GetRxCount
                0x0000000008003c7e       0x2e ./Drivers/STM32F2xx_HAL_Driver/Src/stm32f2xx_hal_pcd.o
                0x0000000008003c7e                HAL_PCD_EP_GetRxCount
 .text.HAL_PCD_EP_Transmit
                0x0000000008003cac       0x94 ./Drivers/STM32F2xx_HAL_Driver/Src/stm32f2xx_hal_pcd.o
                0x0000000008003cac                HAL_PCD_EP_Transmit
 .text.HAL_PCD_EP_SetStall
                0x0000000008003d40       0xc8 ./Drivers/STM32F2xx_HAL_Driver/Src/stm32f2xx_hal_pcd.o
                0x0000000008003d40                HAL_PCD_EP_SetStall
 .text.HAL_PCD_EP_ClrStall
                0x0000000008003e08       0xac ./Drivers/STM32F2xx_HAL_Driver/Src/stm32f2xx_hal_pcd.o
                0x0000000008003e08                HAL_PCD_EP_ClrStall
 .text.PCD_WriteEmptyTxFifo
                0x0000000008003eb4      0x11a ./Drivers/STM32F2xx_HAL_Driver/Src/stm32f2xx_hal_pcd.o
 *fill*         0x0000000008003fce        0x2 
 .text.PCD_EP_OutXfrComplete_int
                0x0000000008003fd0      0x218 ./Drivers/STM32F2xx_HAL_Driver/Src/stm32f2xx_hal_pcd.o
 .text.PCD_EP_OutSetupPacket_int
                0x00000000080041e8       0x8c ./Drivers/STM32F2xx_HAL_Driver/Src/stm32f2xx_hal_pcd.o
 .text.HAL_PCDEx_SetTxFiFo
                0x0000000008004274       0x8c ./Drivers/STM32F2xx_HAL_Driver/Src/stm32f2xx_hal_pcd_ex.o
                0x0000000008004274                HAL_PCDEx_SetTxFiFo
 .text.HAL_PCDEx_SetRxFiFo
                0x0000000008004300       0x20 ./Drivers/STM32F2xx_HAL_Driver/Src/stm32f2xx_hal_pcd_ex.o
                0x0000000008004300                HAL_PCDEx_SetRxFiFo
 .text.HAL_RCC_OscConfig
                0x0000000008004320      0x49c ./Drivers/STM32F2xx_HAL_Driver/Src/stm32f2xx_hal_rcc.o
                0x0000000008004320                HAL_RCC_OscConfig
 .text.HAL_RCC_ClockConfig
                0x00000000080047bc      0x1d8 ./Drivers/STM32F2xx_HAL_Driver/Src/stm32f2xx_hal_rcc.o
                0x00000000080047bc                HAL_RCC_ClockConfig
 .text.HAL_RCC_MCOConfig
                0x0000000008004994       0xd0 ./Drivers/STM32F2xx_HAL_Driver/Src/stm32f2xx_hal_rcc.o
                0x0000000008004994                HAL_RCC_MCOConfig
 .text.HAL_RCC_GetSysClockFreq
                0x0000000008004a64      0x18c ./Drivers/STM32F2xx_HAL_Driver/Src/stm32f2xx_hal_rcc.o
                0x0000000008004a64                HAL_RCC_GetSysClockFreq
 .text.HAL_RCC_GetHCLKFreq
                0x0000000008004bf0       0x14 ./Drivers/STM32F2xx_HAL_Driver/Src/stm32f2xx_hal_rcc.o
                0x0000000008004bf0                HAL_RCC_GetHCLKFreq
 .text.HAL_RCC_GetPCLK1Freq
                0x0000000008004c04       0x44 ./Drivers/STM32F2xx_HAL_Driver/Src/stm32f2xx_hal_rcc.o
                0x0000000008004c04                HAL_RCC_GetPCLK1Freq
 .text.HAL_RCC_GetPCLK2Freq
                0x0000000008004c48       0x44 ./Drivers/STM32F2xx_HAL_Driver/Src/stm32f2xx_hal_rcc.o
                0x0000000008004c48                HAL_RCC_GetPCLK2Freq
 .text.HAL_RCCEx_PeriphCLKConfig
                0x0000000008004c8c      0x1ec ./Drivers/STM32F2xx_HAL_Driver/Src/stm32f2xx_hal_rcc_ex.o
                0x0000000008004c8c                HAL_RCCEx_PeriphCLKConfig
 .text.HAL_RNG_Init
                0x0000000008004e78       0x54 ./Drivers/STM32F2xx_HAL_Driver/Src/stm32f2xx_hal_rng.o
                0x0000000008004e78                HAL_RNG_Init
 .text.HAL_RTC_Init
                0x0000000008004ecc      0x114 ./Drivers/STM32F2xx_HAL_Driver/Src/stm32f2xx_hal_rtc.o
                0x0000000008004ecc                HAL_RTC_Init
 .text.HAL_RTC_SetTime
                0x0000000008004fe0      0x16c ./Drivers/STM32F2xx_HAL_Driver/Src/stm32f2xx_hal_rtc.o
                0x0000000008004fe0                HAL_RTC_SetTime
 .text.HAL_RTC_SetDate
                0x000000000800514c      0x140 ./Drivers/STM32F2xx_HAL_Driver/Src/stm32f2xx_hal_rtc.o
                0x000000000800514c                HAL_RTC_SetDate
 .text.HAL_RTC_WaitForSynchro
                0x000000000800528c       0x50 ./Drivers/STM32F2xx_HAL_Driver/Src/stm32f2xx_hal_rtc.o
                0x000000000800528c                HAL_RTC_WaitForSynchro
 .text.RTC_EnterInitMode
                0x00000000080052dc       0x58 ./Drivers/STM32F2xx_HAL_Driver/Src/stm32f2xx_hal_rtc.o
                0x00000000080052dc                RTC_EnterInitMode
 .text.RTC_ByteToBcd2
                0x0000000008005334       0x3a ./Drivers/STM32F2xx_HAL_Driver/Src/stm32f2xx_hal_rtc.o
                0x0000000008005334                RTC_ByteToBcd2
 .text.HAL_SD_Init
                0x000000000800536e       0x60 ./Drivers/STM32F2xx_HAL_Driver/Src/stm32f2xx_hal_sd.o
                0x000000000800536e                HAL_SD_Init
 *fill*         0x00000000080053ce        0x2 
 .text.HAL_SD_InitCard
                0x00000000080053d0       0xfc ./Drivers/STM32F2xx_HAL_Driver/Src/stm32f2xx_hal_sd.o
                0x00000000080053d0                HAL_SD_InitCard
 .text.HAL_SD_ReadBlocks
                0x00000000080054cc      0x3bc ./Drivers/STM32F2xx_HAL_Driver/Src/stm32f2xx_hal_sd.o
                0x00000000080054cc                HAL_SD_ReadBlocks
 .text.HAL_SD_WriteBlocks
                0x0000000008005888      0x30c ./Drivers/STM32F2xx_HAL_Driver/Src/stm32f2xx_hal_sd.o
                0x0000000008005888                HAL_SD_WriteBlocks
 .text.HAL_SD_GetCardCSD
                0x0000000008005b94      0x348 ./Drivers/STM32F2xx_HAL_Driver/Src/stm32f2xx_hal_sd.o
                0x0000000008005b94                HAL_SD_GetCardCSD
 .text.HAL_SD_GetCardInfo
                0x0000000008005edc       0x56 ./Drivers/STM32F2xx_HAL_Driver/Src/stm32f2xx_hal_sd.o
                0x0000000008005edc                HAL_SD_GetCardInfo
 *fill*         0x0000000008005f32        0x2 
 .text.HAL_SD_ConfigWideBusOperation
                0x0000000008005f34      0x134 ./Drivers/STM32F2xx_HAL_Driver/Src/stm32f2xx_hal_sd.o
                0x0000000008005f34                HAL_SD_ConfigWideBusOperation
 .text.HAL_SD_GetCardState
                0x0000000008006068       0x40 ./Drivers/STM32F2xx_HAL_Driver/Src/stm32f2xx_hal_sd.o
                0x0000000008006068                HAL_SD_GetCardState
 .text.SD_InitCard
                0x00000000080060a8      0x19c ./Drivers/STM32F2xx_HAL_Driver/Src/stm32f2xx_hal_sd.o
 .text.SD_PowerON
                0x0000000008006244      0x11c ./Drivers/STM32F2xx_HAL_Driver/Src/stm32f2xx_hal_sd.o
 .text.SD_SendStatus
                0x0000000008006360       0x50 ./Drivers/STM32F2xx_HAL_Driver/Src/stm32f2xx_hal_sd.o
 .text.SD_WideBus_Enable
                0x00000000080063b0       0x96 ./Drivers/STM32F2xx_HAL_Driver/Src/stm32f2xx_hal_sd.o
 .text.SD_WideBus_Disable
                0x0000000008006446       0x96 ./Drivers/STM32F2xx_HAL_Driver/Src/stm32f2xx_hal_sd.o
 .text.SD_FindSCR
                0x00000000080064dc      0x1a6 ./Drivers/STM32F2xx_HAL_Driver/Src/stm32f2xx_hal_sd.o
 .text.HAL_SPI_Init
                0x0000000008006682      0x112 ./Drivers/STM32F2xx_HAL_Driver/Src/stm32f2xx_hal_spi.o
                0x0000000008006682                HAL_SPI_Init
 .text.HAL_SPI_DeInit
                0x0000000008006794       0x50 ./Drivers/STM32F2xx_HAL_Driver/Src/stm32f2xx_hal_spi.o
                0x0000000008006794                HAL_SPI_DeInit
 .text.HAL_SPI_Transmit_DMA
                0x00000000080067e4      0x16c ./Drivers/STM32F2xx_HAL_Driver/Src/stm32f2xx_hal_spi.o
                0x00000000080067e4                HAL_SPI_Transmit_DMA
 .text.HAL_SPI_TxHalfCpltCallback
                0x0000000008006950       0x12 ./Drivers/STM32F2xx_HAL_Driver/Src/stm32f2xx_hal_spi.o
                0x0000000008006950                HAL_SPI_TxHalfCpltCallback
 .text.HAL_SPI_ErrorCallback
                0x0000000008006962       0x12 ./Drivers/STM32F2xx_HAL_Driver/Src/stm32f2xx_hal_spi.o
                0x0000000008006962                HAL_SPI_ErrorCallback
 .text.SPI_DMATransmitCplt
                0x0000000008006974       0xa8 ./Drivers/STM32F2xx_HAL_Driver/Src/stm32f2xx_hal_spi.o
 .text.SPI_DMAHalfTransmitCplt
                0x0000000008006a1c       0x1c ./Drivers/STM32F2xx_HAL_Driver/Src/stm32f2xx_hal_spi.o
 .text.SPI_DMAError
                0x0000000008006a38       0x40 ./Drivers/STM32F2xx_HAL_Driver/Src/stm32f2xx_hal_spi.o
 .text.SPI_WaitFlagStateUntilTimeout
                0x0000000008006a78      0x110 ./Drivers/STM32F2xx_HAL_Driver/Src/stm32f2xx_hal_spi.o
 .text.SPI_EndRxTxTransaction
                0x0000000008006b88       0x3c ./Drivers/STM32F2xx_HAL_Driver/Src/stm32f2xx_hal_spi.o
 .text.HAL_TIM_PWM_Init
                0x0000000008006bc4       0x9e ./Drivers/STM32F2xx_HAL_Driver/Src/stm32f2xx_hal_tim.o
                0x0000000008006bc4                HAL_TIM_PWM_Init
 *fill*         0x0000000008006c62        0x2 
 .text.HAL_TIM_PWM_Start
                0x0000000008006c64      0x190 ./Drivers/STM32F2xx_HAL_Driver/Src/stm32f2xx_hal_tim.o
                0x0000000008006c64                HAL_TIM_PWM_Start
 .text.HAL_TIM_IRQHandler
                0x0000000008006df4      0x210 ./Drivers/STM32F2xx_HAL_Driver/Src/stm32f2xx_hal_tim.o
                0x0000000008006df4                HAL_TIM_IRQHandler
 .text.HAL_TIM_PWM_ConfigChannel
                0x0000000008007004      0x17c ./Drivers/STM32F2xx_HAL_Driver/Src/stm32f2xx_hal_tim.o
                0x0000000008007004                HAL_TIM_PWM_ConfigChannel
 .text.HAL_TIM_PeriodElapsedCallback
                0x0000000008007180       0x12 ./Drivers/STM32F2xx_HAL_Driver/Src/stm32f2xx_hal_tim.o
                0x0000000008007180                HAL_TIM_PeriodElapsedCallback
 .text.HAL_TIM_OC_DelayElapsedCallback
                0x0000000008007192       0x12 ./Drivers/STM32F2xx_HAL_Driver/Src/stm32f2xx_hal_tim.o
                0x0000000008007192                HAL_TIM_OC_DelayElapsedCallback
 .text.HAL_TIM_IC_CaptureCallback
                0x00000000080071a4       0x12 ./Drivers/STM32F2xx_HAL_Driver/Src/stm32f2xx_hal_tim.o
                0x00000000080071a4                HAL_TIM_IC_CaptureCallback
 .text.HAL_TIM_PWM_PulseFinishedCallback
                0x00000000080071b6       0x12 ./Drivers/STM32F2xx_HAL_Driver/Src/stm32f2xx_hal_tim.o
                0x00000000080071b6                HAL_TIM_PWM_PulseFinishedCallback
 .text.HAL_TIM_TriggerCallback
                0x00000000080071c8       0x12 ./Drivers/STM32F2xx_HAL_Driver/Src/stm32f2xx_hal_tim.o
                0x00000000080071c8                HAL_TIM_TriggerCallback
 *fill*         0x00000000080071da        0x2 
 .text.TIM_Base_SetConfig
                0x00000000080071dc      0x13c ./Drivers/STM32F2xx_HAL_Driver/Src/stm32f2xx_hal_tim.o
                0x00000000080071dc                TIM_Base_SetConfig
 .text.TIM_OC1_SetConfig
                0x0000000008007318       0xe0 ./Drivers/STM32F2xx_HAL_Driver/Src/stm32f2xx_hal_tim.o
 .text.TIM_OC2_SetConfig
                0x00000000080073f8       0xe8 ./Drivers/STM32F2xx_HAL_Driver/Src/stm32f2xx_hal_tim.o
                0x00000000080073f8                TIM_OC2_SetConfig
 .text.TIM_OC3_SetConfig
                0x00000000080074e0       0xe8 ./Drivers/STM32F2xx_HAL_Driver/Src/stm32f2xx_hal_tim.o
 .text.TIM_OC4_SetConfig
                0x00000000080075c8       0xa8 ./Drivers/STM32F2xx_HAL_Driver/Src/stm32f2xx_hal_tim.o
 .text.TIM_CCxChannelCmd
                0x0000000008007670       0x48 ./Drivers/STM32F2xx_HAL_Driver/Src/stm32f2xx_hal_tim.o
                0x0000000008007670                TIM_CCxChannelCmd
 .text.HAL_TIMEx_MasterConfigSynchronization
                0x00000000080076b8       0xf4 ./Drivers/STM32F2xx_HAL_Driver/Src/stm32f2xx_hal_tim_ex.o
                0x00000000080076b8                HAL_TIMEx_MasterConfigSynchronization
 .text.HAL_TIMEx_CommutCallback
                0x00000000080077ac       0x12 ./Drivers/STM32F2xx_HAL_Driver/Src/stm32f2xx_hal_tim_ex.o
                0x00000000080077ac                HAL_TIMEx_CommutCallback
 .text.HAL_TIMEx_BreakCallback
                0x00000000080077be       0x12 ./Drivers/STM32F2xx_HAL_Driver/Src/stm32f2xx_hal_tim_ex.o
                0x00000000080077be                HAL_TIMEx_BreakCallback
 .text.HAL_UART_Init
                0x00000000080077d0       0x9a ./Drivers/STM32F2xx_HAL_Driver/Src/stm32f2xx_hal_uart.o
                0x00000000080077d0                HAL_UART_Init
 .text.HAL_UART_Transmit
                0x000000000800786a      0x124 ./Drivers/STM32F2xx_HAL_Driver/Src/stm32f2xx_hal_uart.o
                0x000000000800786a                HAL_UART_Transmit
 .text.HAL_UART_Receive_IT
                0x000000000800798e       0x60 ./Drivers/STM32F2xx_HAL_Driver/Src/stm32f2xx_hal_uart.o
                0x000000000800798e                HAL_UART_Receive_IT
 *fill*         0x00000000080079ee        0x2 
 .text.HAL_UART_IRQHandler
                0x00000000080079f0      0x358 ./Drivers/STM32F2xx_HAL_Driver/Src/stm32f2xx_hal_uart.o
                0x00000000080079f0                HAL_UART_IRQHandler
 .text.HAL_UART_TxCpltCallback
                0x0000000008007d48       0x12 ./Drivers/STM32F2xx_HAL_Driver/Src/stm32f2xx_hal_uart.o
                0x0000000008007d48                HAL_UART_TxCpltCallback
 .text.HAL_UART_ErrorCallback
                0x0000000008007d5a       0x12 ./Drivers/STM32F2xx_HAL_Driver/Src/stm32f2xx_hal_uart.o
                0x0000000008007d5a                HAL_UART_ErrorCallback
 .text.HAL_UARTEx_RxEventCallback
                0x0000000008007d6c       0x16 ./Drivers/STM32F2xx_HAL_Driver/Src/stm32f2xx_hal_uart.o
                0x0000000008007d6c                HAL_UARTEx_RxEventCallback
 .text.UART_WaitOnFlagUntilTimeout
                0x0000000008007d82       0x94 ./Drivers/STM32F2xx_HAL_Driver/Src/stm32f2xx_hal_uart.o
 .text.UART_Start_Receive_IT
                0x0000000008007e16       0x72 ./Drivers/STM32F2xx_HAL_Driver/Src/stm32f2xx_hal_uart.o
                0x0000000008007e16                UART_Start_Receive_IT
 .text.UART_EndRxTransfer
                0x0000000008007e88       0x58 ./Drivers/STM32F2xx_HAL_Driver/Src/stm32f2xx_hal_uart.o
 .text.UART_DMAAbortOnError
                0x0000000008007ee0       0x28 ./Drivers/STM32F2xx_HAL_Driver/Src/stm32f2xx_hal_uart.o
 .text.UART_Transmit_IT
                0x0000000008007f08       0x9e ./Drivers/STM32F2xx_HAL_Driver/Src/stm32f2xx_hal_uart.o
 .text.UART_EndTransmit_IT
                0x0000000008007fa6       0x30 ./Drivers/STM32F2xx_HAL_Driver/Src/stm32f2xx_hal_uart.o
 .text.UART_Receive_IT
                0x0000000008007fd6      0x152 ./Drivers/STM32F2xx_HAL_Driver/Src/stm32f2xx_hal_uart.o
 .text.UART_SetConfig
                0x0000000008008128      0x1d4 ./Drivers/STM32F2xx_HAL_Driver/Src/stm32f2xx_hal_uart.o
 .text.SDIO_Init
                0x00000000080082fc       0x54 ./Drivers/STM32F2xx_HAL_Driver/Src/stm32f2xx_ll_sdmmc.o
                0x00000000080082fc                SDIO_Init
 .text.SDIO_ReadFIFO
                0x0000000008008350       0x18 ./Drivers/STM32F2xx_HAL_Driver/Src/stm32f2xx_ll_sdmmc.o
                0x0000000008008350                SDIO_ReadFIFO
 .text.SDIO_WriteFIFO
                0x0000000008008368       0x20 ./Drivers/STM32F2xx_HAL_Driver/Src/stm32f2xx_ll_sdmmc.o
                0x0000000008008368                SDIO_WriteFIFO
 .text.SDIO_PowerState_ON
                0x0000000008008388       0x1e ./Drivers/STM32F2xx_HAL_Driver/Src/stm32f2xx_ll_sdmmc.o
                0x0000000008008388                SDIO_PowerState_ON
 .text.SDIO_GetPowerState
                0x00000000080083a6       0x1a ./Drivers/STM32F2xx_HAL_Driver/Src/stm32f2xx_ll_sdmmc.o
                0x00000000080083a6                SDIO_GetPowerState
 .text.SDIO_SendCommand
                0x00000000080083c0       0x52 ./Drivers/STM32F2xx_HAL_Driver/Src/stm32f2xx_ll_sdmmc.o
                0x00000000080083c0                SDIO_SendCommand
 .text.SDIO_GetCommandResponse
                0x0000000008008412       0x18 ./Drivers/STM32F2xx_HAL_Driver/Src/stm32f2xx_ll_sdmmc.o
                0x0000000008008412                SDIO_GetCommandResponse
 .text.SDIO_GetResponse
                0x000000000800842a       0x24 ./Drivers/STM32F2xx_HAL_Driver/Src/stm32f2xx_ll_sdmmc.o
                0x000000000800842a                SDIO_GetResponse
 .text.SDIO_ConfigData
                0x000000000800844e       0x56 ./Drivers/STM32F2xx_HAL_Driver/Src/stm32f2xx_ll_sdmmc.o
                0x000000000800844e                SDIO_ConfigData
 .text.SDMMC_CmdBlockLength
                0x00000000080084a4       0x44 ./Drivers/STM32F2xx_HAL_Driver/Src/stm32f2xx_ll_sdmmc.o
                0x00000000080084a4                SDMMC_CmdBlockLength
 .text.SDMMC_CmdReadSingleBlock
                0x00000000080084e8       0x44 ./Drivers/STM32F2xx_HAL_Driver/Src/stm32f2xx_ll_sdmmc.o
                0x00000000080084e8                SDMMC_CmdReadSingleBlock
 .text.SDMMC_CmdReadMultiBlock
                0x000000000800852c       0x44 ./Drivers/STM32F2xx_HAL_Driver/Src/stm32f2xx_ll_sdmmc.o
                0x000000000800852c                SDMMC_CmdReadMultiBlock
 .text.SDMMC_CmdWriteSingleBlock
                0x0000000008008570       0x44 ./Drivers/STM32F2xx_HAL_Driver/Src/stm32f2xx_ll_sdmmc.o
                0x0000000008008570                SDMMC_CmdWriteSingleBlock
 .text.SDMMC_CmdWriteMultiBlock
                0x00000000080085b4       0x44 ./Drivers/STM32F2xx_HAL_Driver/Src/stm32f2xx_ll_sdmmc.o
                0x00000000080085b4                SDMMC_CmdWriteMultiBlock
 .text.SDMMC_CmdStopTransfer
                0x00000000080085f8       0x44 ./Drivers/STM32F2xx_HAL_Driver/Src/stm32f2xx_ll_sdmmc.o
                0x00000000080085f8                SDMMC_CmdStopTransfer
 .text.SDMMC_CmdSelDesel
                0x000000000800863c       0x46 ./Drivers/STM32F2xx_HAL_Driver/Src/stm32f2xx_ll_sdmmc.o
                0x000000000800863c                SDMMC_CmdSelDesel
 .text.SDMMC_CmdGoIdleState
                0x0000000008008682       0x3c ./Drivers/STM32F2xx_HAL_Driver/Src/stm32f2xx_ll_sdmmc.o
                0x0000000008008682                SDMMC_CmdGoIdleState
 .text.SDMMC_CmdOperCond
                0x00000000080086be       0x3e ./Drivers/STM32F2xx_HAL_Driver/Src/stm32f2xx_ll_sdmmc.o
                0x00000000080086be                SDMMC_CmdOperCond
 .text.SDMMC_CmdAppCommand
                0x00000000080086fc       0x44 ./Drivers/STM32F2xx_HAL_Driver/Src/stm32f2xx_ll_sdmmc.o
                0x00000000080086fc                SDMMC_CmdAppCommand
 .text.SDMMC_CmdAppOperCommand
                0x0000000008008740       0x46 ./Drivers/STM32F2xx_HAL_Driver/Src/stm32f2xx_ll_sdmmc.o
                0x0000000008008740                SDMMC_CmdAppOperCommand
 .text.SDMMC_CmdBusWidth
                0x0000000008008786       0x44 ./Drivers/STM32F2xx_HAL_Driver/Src/stm32f2xx_ll_sdmmc.o
                0x0000000008008786                SDMMC_CmdBusWidth
 .text.SDMMC_CmdSendSCR
                0x00000000080087ca       0x42 ./Drivers/STM32F2xx_HAL_Driver/Src/stm32f2xx_ll_sdmmc.o
                0x00000000080087ca                SDMMC_CmdSendSCR
 .text.SDMMC_CmdSendCID
                0x000000000800880c       0x3c ./Drivers/STM32F2xx_HAL_Driver/Src/stm32f2xx_ll_sdmmc.o
                0x000000000800880c                SDMMC_CmdSendCID
 .text.SDMMC_CmdSendCSD
                0x0000000008008848       0x3e ./Drivers/STM32F2xx_HAL_Driver/Src/stm32f2xx_ll_sdmmc.o
                0x0000000008008848                SDMMC_CmdSendCSD
 .text.SDMMC_CmdSetRelAdd
                0x0000000008008886       0x42 ./Drivers/STM32F2xx_HAL_Driver/Src/stm32f2xx_ll_sdmmc.o
                0x0000000008008886                SDMMC_CmdSetRelAdd
 .text.SDMMC_CmdSendStatus
                0x00000000080088c8       0x44 ./Drivers/STM32F2xx_HAL_Driver/Src/stm32f2xx_ll_sdmmc.o
                0x00000000080088c8                SDMMC_CmdSendStatus
 .text.SDMMC_GetCmdError
                0x000000000800890c       0x54 ./Drivers/STM32F2xx_HAL_Driver/Src/stm32f2xx_ll_sdmmc.o
 .text.SDMMC_GetCmdResp1
                0x0000000008008960      0x1dc ./Drivers/STM32F2xx_HAL_Driver/Src/stm32f2xx_ll_sdmmc.o
 .text.SDMMC_GetCmdResp2
                0x0000000008008b3c       0x90 ./Drivers/STM32F2xx_HAL_Driver/Src/stm32f2xx_ll_sdmmc.o
 .text.SDMMC_GetCmdResp3
                0x0000000008008bcc       0x78 ./Drivers/STM32F2xx_HAL_Driver/Src/stm32f2xx_ll_sdmmc.o
 .text.SDMMC_GetCmdResp6
                0x0000000008008c44       0xec ./Drivers/STM32F2xx_HAL_Driver/Src/stm32f2xx_ll_sdmmc.o
 .text.SDMMC_GetCmdResp7
                0x0000000008008d30       0x9c ./Drivers/STM32F2xx_HAL_Driver/Src/stm32f2xx_ll_sdmmc.o
 .text.USB_CoreInit
                0x0000000008008dcc       0xae ./Drivers/STM32F2xx_HAL_Driver/Src/stm32f2xx_ll_usb.o
                0x0000000008008dcc                USB_CoreInit
 *fill*         0x0000000008008e7a        0x2 
 .text.USB_SetTurnaroundTime
                0x0000000008008e7c      0x144 ./Drivers/STM32F2xx_HAL_Driver/Src/stm32f2xx_ll_usb.o
                0x0000000008008e7c                USB_SetTurnaroundTime
 .text.USB_EnableGlobalInt
                0x0000000008008fc0       0x20 ./Drivers/STM32F2xx_HAL_Driver/Src/stm32f2xx_ll_usb.o
                0x0000000008008fc0                USB_EnableGlobalInt
 .text.USB_DisableGlobalInt
                0x0000000008008fe0       0x20 ./Drivers/STM32F2xx_HAL_Driver/Src/stm32f2xx_ll_usb.o
                0x0000000008008fe0                USB_DisableGlobalInt
 .text.USB_SetCurrentMode
                0x0000000008009000       0x98 ./Drivers/STM32F2xx_HAL_Driver/Src/stm32f2xx_ll_usb.o
                0x0000000008009000                USB_SetCurrentMode
 .text.USB_DevInit
                0x0000000008009098      0x2c8 ./Drivers/STM32F2xx_HAL_Driver/Src/stm32f2xx_ll_usb.o
                0x0000000008009098                USB_DevInit
 .text.USB_FlushTxFifo
                0x0000000008009360       0x48 ./Drivers/STM32F2xx_HAL_Driver/Src/stm32f2xx_ll_usb.o
                0x0000000008009360                USB_FlushTxFifo
 .text.USB_FlushRxFifo
                0x00000000080093a8       0x40 ./Drivers/STM32F2xx_HAL_Driver/Src/stm32f2xx_ll_usb.o
                0x00000000080093a8                USB_FlushRxFifo
 .text.USB_SetDevSpeed
                0x00000000080093e8       0x30 ./Drivers/STM32F2xx_HAL_Driver/Src/stm32f2xx_ll_usb.o
                0x00000000080093e8                USB_SetDevSpeed
 .text.USB_GetDevSpeed
                0x0000000008009418       0x48 ./Drivers/STM32F2xx_HAL_Driver/Src/stm32f2xx_ll_usb.o
                0x0000000008009418                USB_GetDevSpeed
 .text.USB_ActivateEndpoint
                0x0000000008009460      0x10c ./Drivers/STM32F2xx_HAL_Driver/Src/stm32f2xx_ll_usb.o
                0x0000000008009460                USB_ActivateEndpoint
 .text.USB_DeactivateEndpoint
                0x000000000800956c      0x1b8 ./Drivers/STM32F2xx_HAL_Driver/Src/stm32f2xx_ll_usb.o
                0x000000000800956c                USB_DeactivateEndpoint
 .text.USB_EPStartXfer
                0x0000000008009724      0x488 ./Drivers/STM32F2xx_HAL_Driver/Src/stm32f2xx_ll_usb.o
                0x0000000008009724                USB_EPStartXfer
 .text.USB_EP0StartXfer
                0x0000000008009bac      0x2a4 ./Drivers/STM32F2xx_HAL_Driver/Src/stm32f2xx_ll_usb.o
                0x0000000008009bac                USB_EP0StartXfer
 .text.USB_WritePacket
                0x0000000008009e50       0x7a ./Drivers/STM32F2xx_HAL_Driver/Src/stm32f2xx_ll_usb.o
                0x0000000008009e50                USB_WritePacket
 .text.USB_ReadPacket
                0x0000000008009eca       0xae ./Drivers/STM32F2xx_HAL_Driver/Src/stm32f2xx_ll_usb.o
                0x0000000008009eca                USB_ReadPacket
 .text.USB_EPSetStall
                0x0000000008009f78       0xda ./Drivers/STM32F2xx_HAL_Driver/Src/stm32f2xx_ll_usb.o
                0x0000000008009f78                USB_EPSetStall
 .text.USB_EPClearStall
                0x000000000800a052       0xca ./Drivers/STM32F2xx_HAL_Driver/Src/stm32f2xx_ll_usb.o
                0x000000000800a052                USB_EPClearStall
 .text.USB_SetDevAddress
                0x000000000800a11c       0x4a ./Drivers/STM32F2xx_HAL_Driver/Src/stm32f2xx_ll_usb.o
                0x000000000800a11c                USB_SetDevAddress
 .text.USB_DevConnect
                0x000000000800a166       0x40 ./Drivers/STM32F2xx_HAL_Driver/Src/stm32f2xx_ll_usb.o
                0x000000000800a166                USB_DevConnect
 .text.USB_DevDisconnect
                0x000000000800a1a6       0x40 ./Drivers/STM32F2xx_HAL_Driver/Src/stm32f2xx_ll_usb.o
                0x000000000800a1a6                USB_DevDisconnect
 .text.USB_ReadInterrupts
                0x000000000800a1e6       0x24 ./Drivers/STM32F2xx_HAL_Driver/Src/stm32f2xx_ll_usb.o
                0x000000000800a1e6                USB_ReadInterrupts
 .text.USB_ReadDevAllOutEpInterrupt
                0x000000000800a20a       0x32 ./Drivers/STM32F2xx_HAL_Driver/Src/stm32f2xx_ll_usb.o
                0x000000000800a20a                USB_ReadDevAllOutEpInterrupt
 .text.USB_ReadDevAllInEpInterrupt
                0x000000000800a23c       0x32 ./Drivers/STM32F2xx_HAL_Driver/Src/stm32f2xx_ll_usb.o
                0x000000000800a23c                USB_ReadDevAllInEpInterrupt
 .text.USB_ReadDevOutEPInterrupt
                0x000000000800a26e       0x3a ./Drivers/STM32F2xx_HAL_Driver/Src/stm32f2xx_ll_usb.o
                0x000000000800a26e                USB_ReadDevOutEPInterrupt
 .text.USB_ReadDevInEPInterrupt
                0x000000000800a2a8       0x5a ./Drivers/STM32F2xx_HAL_Driver/Src/stm32f2xx_ll_usb.o
                0x000000000800a2a8                USB_ReadDevInEPInterrupt
 .text.USB_GetMode
                0x000000000800a302       0x1a ./Drivers/STM32F2xx_HAL_Driver/Src/stm32f2xx_ll_usb.o
                0x000000000800a302                USB_GetMode
 .text.USB_ActivateSetup
                0x000000000800a31c       0x44 ./Drivers/STM32F2xx_HAL_Driver/Src/stm32f2xx_ll_usb.o
                0x000000000800a31c                USB_ActivateSetup
 .text.USB_EP0_OutStart
                0x000000000800a360       0xb8 ./Drivers/STM32F2xx_HAL_Driver/Src/stm32f2xx_ll_usb.o
                0x000000000800a360                USB_EP0_OutStart
 .text.USB_CoreReset
                0x000000000800a418       0x64 ./Drivers/STM32F2xx_HAL_Driver/Src/stm32f2xx_ll_usb.o
 .text.MX_FATFS_Init
                0x000000000800a47c       0x24 ./FATFS/App/fatfs.o
                0x000000000800a47c                MX_FATFS_Init
 .text.BSP_SD_Init
                0x000000000800a4a0       0x4c ./FATFS/Target/bsp_driver_sd.o
                0x000000000800a4a0                BSP_SD_Init
 .text.BSP_SD_ReadBlocks
                0x000000000800a4ec       0x3c ./FATFS/Target/bsp_driver_sd.o
                0x000000000800a4ec                BSP_SD_ReadBlocks
 .text.BSP_SD_WriteBlocks
                0x000000000800a528       0x3c ./FATFS/Target/bsp_driver_sd.o
                0x000000000800a528                BSP_SD_WriteBlocks
 .text.BSP_SD_GetCardState
                0x000000000800a564       0x20 ./FATFS/Target/bsp_driver_sd.o
                0x000000000800a564                BSP_SD_GetCardState
 .text.BSP_SD_GetCardInfo
                0x000000000800a584       0x1c ./FATFS/Target/bsp_driver_sd.o
                0x000000000800a584                BSP_SD_GetCardInfo
 .text.BSP_SD_IsDetected
                0x000000000800a5a0       0x18 ./FATFS/Target/bsp_driver_sd.o
                0x000000000800a5a0                BSP_SD_IsDetected
 .text.USBD_CDC_Init
                0x000000000800a5b8       0xf6 ./Middlewares/ST/STM32_USB_Device_Library/Class/CDC/Src/usbd_cdc.o
 .text.USBD_CDC_DeInit
                0x000000000800a6ae       0x6e ./Middlewares/ST/STM32_USB_Device_Library/Class/CDC/Src/usbd_cdc.o
 .text.USBD_CDC_Setup
                0x000000000800a71c      0x146 ./Middlewares/ST/STM32_USB_Device_Library/Class/CDC/Src/usbd_cdc.o
 .text.USBD_CDC_DataIn
                0x000000000800a862       0xa6 ./Middlewares/ST/STM32_USB_Device_Library/Class/CDC/Src/usbd_cdc.o
 .text.USBD_CDC_DataOut
                0x000000000800a908       0x56 ./Middlewares/ST/STM32_USB_Device_Library/Class/CDC/Src/usbd_cdc.o
 .text.USBD_CDC_EP0_RxReady
                0x000000000800a95e       0x50 ./Middlewares/ST/STM32_USB_Device_Library/Class/CDC/Src/usbd_cdc.o
 *fill*         0x000000000800a9ae        0x2 
 .text.USBD_CDC_GetFSCfgDesc
                0x000000000800a9b0       0x20 ./Middlewares/ST/STM32_USB_Device_Library/Class/CDC/Src/usbd_cdc.o
 .text.USBD_CDC_GetHSCfgDesc
                0x000000000800a9d0       0x20 ./Middlewares/ST/STM32_USB_Device_Library/Class/CDC/Src/usbd_cdc.o
 .text.USBD_CDC_GetOtherSpeedCfgDesc
                0x000000000800a9f0       0x20 ./Middlewares/ST/STM32_USB_Device_Library/Class/CDC/Src/usbd_cdc.o
 .text.USBD_CDC_GetDeviceQualifierDescriptor
                0x000000000800aa10       0x20 ./Middlewares/ST/STM32_USB_Device_Library/Class/CDC/Src/usbd_cdc.o
                0x000000000800aa10                USBD_CDC_GetDeviceQualifierDescriptor
 .text.USBD_CDC_RegisterInterface
                0x000000000800aa30       0x2c ./Middlewares/ST/STM32_USB_Device_Library/Class/CDC/Src/usbd_cdc.o
                0x000000000800aa30                USBD_CDC_RegisterInterface
 .text.USBD_CDC_SetTxBuffer
                0x000000000800aa5c       0x32 ./Middlewares/ST/STM32_USB_Device_Library/Class/CDC/Src/usbd_cdc.o
                0x000000000800aa5c                USBD_CDC_SetTxBuffer
 .text.USBD_CDC_SetRxBuffer
                0x000000000800aa8e       0x26 ./Middlewares/ST/STM32_USB_Device_Library/Class/CDC/Src/usbd_cdc.o
                0x000000000800aa8e                USBD_CDC_SetRxBuffer
 .text.USBD_CDC_ReceivePacket
                0x000000000800aab4       0x54 ./Middlewares/ST/STM32_USB_Device_Library/Class/CDC/Src/usbd_cdc.o
                0x000000000800aab4                USBD_CDC_ReceivePacket
 .text.USBD_Init
                0x000000000800ab08       0x56 ./Middlewares/ST/STM32_USB_Device_Library/Core/Src/usbd_core.o
                0x000000000800ab08                USBD_Init
 .text.USBD_RegisterClass
                0x000000000800ab5e       0x32 ./Middlewares/ST/STM32_USB_Device_Library/Core/Src/usbd_core.o
                0x000000000800ab5e                USBD_RegisterClass
 .text.USBD_Start
                0x000000000800ab90       0x18 ./Middlewares/ST/STM32_USB_Device_Library/Core/Src/usbd_core.o
                0x000000000800ab90                USBD_Start
 .text.USBD_RunTestMode
                0x000000000800aba8       0x14 ./Middlewares/ST/STM32_USB_Device_Library/Core/Src/usbd_core.o
                0x000000000800aba8                USBD_RunTestMode
 .text.USBD_SetClassConfig
                0x000000000800abbc       0x3e ./Middlewares/ST/STM32_USB_Device_Library/Core/Src/usbd_core.o
                0x000000000800abbc                USBD_SetClassConfig
 .text.USBD_ClrClassConfig
                0x000000000800abfa       0x26 ./Middlewares/ST/STM32_USB_Device_Library/Core/Src/usbd_core.o
                0x000000000800abfa                USBD_ClrClassConfig
 .text.USBD_LL_SetupStage
                0x000000000800ac20       0x9a ./Middlewares/ST/STM32_USB_Device_Library/Core/Src/usbd_core.o
                0x000000000800ac20                USBD_LL_SetupStage
 .text.USBD_LL_DataOutStage
                0x000000000800acba       0xe2 ./Middlewares/ST/STM32_USB_Device_Library/Core/Src/usbd_core.o
                0x000000000800acba                USBD_LL_DataOutStage
 .text.USBD_LL_DataInStage
                0x000000000800ad9c      0x14a ./Middlewares/ST/STM32_USB_Device_Library/Core/Src/usbd_core.o
                0x000000000800ad9c                USBD_LL_DataInStage
 .text.USBD_LL_Reset
                0x000000000800aee6       0x82 ./Middlewares/ST/STM32_USB_Device_Library/Core/Src/usbd_core.o
                0x000000000800aee6                USBD_LL_Reset
 .text.USBD_LL_SetSpeed
                0x000000000800af68       0x1e ./Middlewares/ST/STM32_USB_Device_Library/Core/Src/usbd_core.o
                0x000000000800af68                USBD_LL_SetSpeed
 .text.USBD_LL_Suspend
                0x000000000800af86       0x28 ./Middlewares/ST/STM32_USB_Device_Library/Core/Src/usbd_core.o
                0x000000000800af86                USBD_LL_Suspend
 .text.USBD_LL_Resume
                0x000000000800afae       0x2a ./Middlewares/ST/STM32_USB_Device_Library/Core/Src/usbd_core.o
                0x000000000800afae                USBD_LL_Resume
 .text.USBD_LL_SOF
                0x000000000800afd8       0x34 ./Middlewares/ST/STM32_USB_Device_Library/Core/Src/usbd_core.o
                0x000000000800afd8                USBD_LL_SOF
 .text.USBD_LL_IsoINIncomplete
                0x000000000800b00c       0x18 ./Middlewares/ST/STM32_USB_Device_Library/Core/Src/usbd_core.o
                0x000000000800b00c                USBD_LL_IsoINIncomplete
 .text.USBD_LL_IsoOUTIncomplete
                0x000000000800b024       0x18 ./Middlewares/ST/STM32_USB_Device_Library/Core/Src/usbd_core.o
                0x000000000800b024                USBD_LL_IsoOUTIncomplete
 .text.USBD_LL_DevConnected
                0x000000000800b03c       0x14 ./Middlewares/ST/STM32_USB_Device_Library/Core/Src/usbd_core.o
                0x000000000800b03c                USBD_LL_DevConnected
 .text.USBD_LL_DevDisconnected
                0x000000000800b050       0x2e ./Middlewares/ST/STM32_USB_Device_Library/Core/Src/usbd_core.o
                0x000000000800b050                USBD_LL_DevDisconnected
 *fill*         0x000000000800b07e        0x2 
 .text.USBD_StdDevReq
                0x000000000800b080       0xd4 ./Middlewares/ST/STM32_USB_Device_Library/Core/Src/usbd_ctlreq.o
                0x000000000800b080                USBD_StdDevReq
 .text.USBD_StdItfReq
                0x000000000800b154       0x90 ./Middlewares/ST/STM32_USB_Device_Library/Core/Src/usbd_ctlreq.o
                0x000000000800b154                USBD_StdItfReq
 .text.USBD_StdEPReq
                0x000000000800b1e4      0x2c6 ./Middlewares/ST/STM32_USB_Device_Library/Core/Src/usbd_ctlreq.o
                0x000000000800b1e4                USBD_StdEPReq
 *fill*         0x000000000800b4aa        0x2 
 .text.USBD_GetDescriptor
                0x000000000800b4ac      0x2d0 ./Middlewares/ST/STM32_USB_Device_Library/Core/Src/usbd_ctlreq.o
 .text.USBD_SetAddress
                0x000000000800b77c       0x86 ./Middlewares/ST/STM32_USB_Device_Library/Core/Src/usbd_ctlreq.o
 *fill*         0x000000000800b802        0x2 
 .text.USBD_SetConfig
                0x000000000800b804      0x11c ./Middlewares/ST/STM32_USB_Device_Library/Core/Src/usbd_ctlreq.o
 .text.USBD_GetConfig
                0x000000000800b920       0x6a ./Middlewares/ST/STM32_USB_Device_Library/Core/Src/usbd_ctlreq.o
 .text.USBD_GetStatus
                0x000000000800b98a       0x66 ./Middlewares/ST/STM32_USB_Device_Library/Core/Src/usbd_ctlreq.o
 .text.USBD_SetFeature
                0x000000000800b9f0       0x28 ./Middlewares/ST/STM32_USB_Device_Library/Core/Src/usbd_ctlreq.o
 .text.USBD_ClrFeature
                0x000000000800ba18       0x42 ./Middlewares/ST/STM32_USB_Device_Library/Core/Src/usbd_ctlreq.o
 .text.USBD_ParseSetupRequest
                0x000000000800ba5a       0x78 ./Middlewares/ST/STM32_USB_Device_Library/Core/Src/usbd_ctlreq.o
                0x000000000800ba5a                USBD_ParseSetupRequest
 .text.USBD_CtlError
                0x000000000800bad2       0x22 ./Middlewares/ST/STM32_USB_Device_Library/Core/Src/usbd_ctlreq.o
                0x000000000800bad2                USBD_CtlError
 .text.USBD_GetString
                0x000000000800baf4       0x84 ./Middlewares/ST/STM32_USB_Device_Library/Core/Src/usbd_ctlreq.o
                0x000000000800baf4                USBD_GetString
 .text.USBD_GetLen
                0x000000000800bb78       0x2e ./Middlewares/ST/STM32_USB_Device_Library/Core/Src/usbd_ctlreq.o
 .text.USBD_CtlSendData
                0x000000000800bba6       0x38 ./Middlewares/ST/STM32_USB_Device_Library/Core/Src/usbd_ioreq.o
                0x000000000800bba6                USBD_CtlSendData
 .text.USBD_CtlContinueSendData
                0x000000000800bbde       0x24 ./Middlewares/ST/STM32_USB_Device_Library/Core/Src/usbd_ioreq.o
                0x000000000800bbde                USBD_CtlContinueSendData
 .text.USBD_CtlPrepareRx
                0x000000000800bc02       0x3c ./Middlewares/ST/STM32_USB_Device_Library/Core/Src/usbd_ioreq.o
                0x000000000800bc02                USBD_CtlPrepareRx
 .text.USBD_CtlContinueRx
                0x000000000800bc3e       0x24 ./Middlewares/ST/STM32_USB_Device_Library/Core/Src/usbd_ioreq.o
                0x000000000800bc3e                USBD_CtlContinueRx
 .text.USBD_CtlSendStatus
                0x000000000800bc62       0x26 ./Middlewares/ST/STM32_USB_Device_Library/Core/Src/usbd_ioreq.o
                0x000000000800bc62                USBD_CtlSendStatus
 .text.USBD_CtlReceiveStatus
                0x000000000800bc88       0x26 ./Middlewares/ST/STM32_USB_Device_Library/Core/Src/usbd_ioreq.o
                0x000000000800bc88                USBD_CtlReceiveStatus
 *fill*         0x000000000800bcae        0x2 
 .text.FATFS_LinkDriverEx
                0x000000000800bcb0       0x94 ./Middlewares/Third_Party/FatFs/src/ff_gen_drv.o
                0x000000000800bcb0                FATFS_LinkDriverEx
 .text.FATFS_LinkDriver
                0x000000000800bd44       0x1e ./Middlewares/Third_Party/FatFs/src/ff_gen_drv.o
                0x000000000800bd44                FATFS_LinkDriver
 *fill*         0x000000000800bd62        0x2 
 .text.SD_initialize
                0x000000000800bd64       0x3c ./Middlewares/Third_Party/FatFs/src/drivers/sd_diskio.o
                0x000000000800bd64                SD_initialize
 .text.SD_status
                0x000000000800bda0       0x3c ./Middlewares/Third_Party/FatFs/src/drivers/sd_diskio.o
                0x000000000800bda0                SD_status
 .text.SD_read  0x000000000800bddc       0x5c ./Middlewares/Third_Party/FatFs/src/drivers/sd_diskio.o
                0x000000000800bddc                SD_read
 .text.SD_write
                0x000000000800be38       0x5c ./Middlewares/Third_Party/FatFs/src/drivers/sd_diskio.o
                0x000000000800be38                SD_write
 .text.SD_ioctl
                0x000000000800be94       0xac ./Middlewares/Third_Party/FatFs/src/drivers/sd_diskio.o
                0x000000000800be94                SD_ioctl
 .text.Button_IncTick
                0x000000000800bf40      0x338 ./Module/Src/buttons.o
                0x000000000800bf40                Button_IncTick
 .text.Event_Button
                0x000000000800c278       0x50 ./Module/Src/buttons.o
                0x000000000800c278                Event_Button
 .text.Buttons_Init
                0x000000000800c2c8      0x128 ./Module/Src/buttons.o
                0x000000000800c2c8                Buttons_Init
 .text.Debug_LED_IncTic
                0x000000000800c3f0      0x1a4 ./Module/Src/debug_LED.o
                0x000000000800c3f0                Debug_LED_IncTic
 .text.Debug_LED_Init
                0x000000000800c594       0x20 ./Module/Src/debug_LED.o
                0x000000000800c594                Debug_LED_Init
 .text.MM_Init  0x000000000800c5b4       0x18 ./Module/Src/module.o
                0x000000000800c5b4                MM_Init
 .text.HAL_IncTick
                0x000000000800c5cc       0x3c ./Module/Src/module.o
                0x000000000800c5cc                HAL_IncTick
 .text.Set_Out  0x000000000800c608       0x84 ./Module/Src/out.o
                0x000000000800c608                Set_Out
 .text.Out_Init
                0x000000000800c68c       0x48 ./Module/Src/out.o
                0x000000000800c68c                Out_Init
 .text.Spi_LED_IncTick
                0x000000000800c6d4       0x98 ./Module/Src/spi_LED.o
                0x000000000800c6d4                Spi_LED_IncTick
 .text.Spi_LED_Init
                0x000000000800c76c       0xd4 ./Module/Src/spi_LED.o
                0x000000000800c76c                Spi_LED_Init
 .text.HAL_SPI_TxCpltCallback
                0x000000000800c840       0x50 ./Module/Src/spi_LED.o
                0x000000000800c840                HAL_SPI_TxCpltCallback
 .text.MX_USB_DEVICE_Init
                0x000000000800c890       0x60 ./USB_DEVICE/App/usb_device.o
                0x000000000800c890                MX_USB_DEVICE_Init
 .text.CDC_Init_FS
                0x000000000800c8f0       0x28 ./USB_DEVICE/App/usbd_cdc_if.o
 .text.CDC_DeInit_FS
                0x000000000800c918        0xe ./USB_DEVICE/App/usbd_cdc_if.o
 *fill*         0x000000000800c926        0x2 
 .text.CDC_Control_FS
                0x000000000800c928       0xbc ./USB_DEVICE/App/usbd_cdc_if.o
 .text.CDC_Receive_FS
                0x000000000800c9e4       0x28 ./USB_DEVICE/App/usbd_cdc_if.o
 .text.USBD_FS_DeviceDescriptor
                0x000000000800ca0c       0x24 ./USB_DEVICE/App/usbd_desc.o
                0x000000000800ca0c                USBD_FS_DeviceDescriptor
 .text.USBD_FS_LangIDStrDescriptor
                0x000000000800ca30       0x24 ./USB_DEVICE/App/usbd_desc.o
                0x000000000800ca30                USBD_FS_LangIDStrDescriptor
 .text.USBD_FS_ProductStrDescriptor
                0x000000000800ca54       0x3c ./USB_DEVICE/App/usbd_desc.o
                0x000000000800ca54                USBD_FS_ProductStrDescriptor
 .text.USBD_FS_ManufacturerStrDescriptor
                0x000000000800ca90       0x28 ./USB_DEVICE/App/usbd_desc.o
                0x000000000800ca90                USBD_FS_ManufacturerStrDescriptor
 .text.USBD_FS_SerialStrDescriptor
                0x000000000800cab8       0x24 ./USB_DEVICE/App/usbd_desc.o
                0x000000000800cab8                USBD_FS_SerialStrDescriptor
 .text.USBD_FS_ConfigStrDescriptor
                0x000000000800cadc       0x3c ./USB_DEVICE/App/usbd_desc.o
                0x000000000800cadc                USBD_FS_ConfigStrDescriptor
 .text.USBD_FS_InterfaceStrDescriptor
                0x000000000800cb18       0x3c ./USB_DEVICE/App/usbd_desc.o
                0x000000000800cb18                USBD_FS_InterfaceStrDescriptor
 .text.Get_SerialNum
                0x000000000800cb54       0x58 ./USB_DEVICE/App/usbd_desc.o
 .text.IntToUnicode
                0x000000000800cbac       0x7c ./USB_DEVICE/App/usbd_desc.o
 .text.HAL_PCD_MspInit
                0x000000000800cc28       0xc4 ./USB_DEVICE/Target/usbd_conf.o
                0x000000000800cc28                HAL_PCD_MspInit
 .text.HAL_PCD_SetupStageCallback
                0x000000000800ccec       0x24 ./USB_DEVICE/Target/usbd_conf.o
                0x000000000800ccec                HAL_PCD_SetupStageCallback
 .text.HAL_PCD_DataOutStageCallback
                0x000000000800cd10       0x36 ./USB_DEVICE/Target/usbd_conf.o
                0x000000000800cd10                HAL_PCD_DataOutStageCallback
 .text.HAL_PCD_DataInStageCallback
                0x000000000800cd46       0x34 ./USB_DEVICE/Target/usbd_conf.o
                0x000000000800cd46                HAL_PCD_DataInStageCallback
 .text.HAL_PCD_SOFCallback
                0x000000000800cd7a       0x1c ./USB_DEVICE/Target/usbd_conf.o
                0x000000000800cd7a                HAL_PCD_SOFCallback
 .text.HAL_PCD_ResetCallback
                0x000000000800cd96       0x50 ./USB_DEVICE/Target/usbd_conf.o
                0x000000000800cd96                HAL_PCD_ResetCallback
 *fill*         0x000000000800cde6        0x2 
 .text.HAL_PCD_SuspendCallback
                0x000000000800cde8       0x4c ./USB_DEVICE/Target/usbd_conf.o
                0x000000000800cde8                HAL_PCD_SuspendCallback
 .text.HAL_PCD_ResumeCallback
                0x000000000800ce34       0x1c ./USB_DEVICE/Target/usbd_conf.o
                0x000000000800ce34                HAL_PCD_ResumeCallback
 .text.HAL_PCD_ISOOUTIncompleteCallback
                0x000000000800ce50       0x24 ./USB_DEVICE/Target/usbd_conf.o
                0x000000000800ce50                HAL_PCD_ISOOUTIncompleteCallback
 .text.HAL_PCD_ISOINIncompleteCallback
                0x000000000800ce74       0x24 ./USB_DEVICE/Target/usbd_conf.o
                0x000000000800ce74                HAL_PCD_ISOINIncompleteCallback
 .text.HAL_PCD_ConnectCallback
                0x000000000800ce98       0x1c ./USB_DEVICE/Target/usbd_conf.o
                0x000000000800ce98                HAL_PCD_ConnectCallback
 .text.HAL_PCD_DisconnectCallback
                0x000000000800ceb4       0x1c ./USB_DEVICE/Target/usbd_conf.o
                0x000000000800ceb4                HAL_PCD_DisconnectCallback
 .text.USBD_LL_Init
                0x000000000800ced0       0x94 ./USB_DEVICE/Target/usbd_conf.o
                0x000000000800ced0                USBD_LL_Init
 .text.USBD_LL_Start
                0x000000000800cf64       0x36 ./USB_DEVICE/Target/usbd_conf.o
                0x000000000800cf64                USBD_LL_Start
 .text.USBD_LL_OpenEP
                0x000000000800cf9a       0x4c ./USB_DEVICE/Target/usbd_conf.o
                0x000000000800cf9a                USBD_LL_OpenEP
 .text.USBD_LL_CloseEP
                0x000000000800cfe6       0x3e ./USB_DEVICE/Target/usbd_conf.o
                0x000000000800cfe6                USBD_LL_CloseEP
 .text.USBD_LL_StallEP
                0x000000000800d024       0x3e ./USB_DEVICE/Target/usbd_conf.o
                0x000000000800d024                USBD_LL_StallEP
 .text.USBD_LL_ClearStallEP
                0x000000000800d062       0x3e ./USB_DEVICE/Target/usbd_conf.o
                0x000000000800d062                USBD_LL_ClearStallEP
 .text.USBD_LL_IsStallEP
                0x000000000800d0a0       0x56 ./USB_DEVICE/Target/usbd_conf.o
                0x000000000800d0a0                USBD_LL_IsStallEP
 .text.USBD_LL_SetUSBAddress
                0x000000000800d0f6       0x3e ./USB_DEVICE/Target/usbd_conf.o
                0x000000000800d0f6                USBD_LL_SetUSBAddress
 .text.USBD_LL_Transmit
                0x000000000800d134       0x46 ./USB_DEVICE/Target/usbd_conf.o
                0x000000000800d134                USBD_LL_Transmit
 .text.USBD_LL_PrepareReceive
                0x000000000800d17a       0x46 ./USB_DEVICE/Target/usbd_conf.o
                0x000000000800d17a                USBD_LL_PrepareReceive
 .text.USBD_LL_GetRxDataSize
                0x000000000800d1c0       0x26 ./USB_DEVICE/Target/usbd_conf.o
                0x000000000800d1c0                USBD_LL_GetRxDataSize
 *fill*         0x000000000800d1e6        0x2 
 .text.USBD_Get_USB_Status
                0x000000000800d1e8       0x58 ./USB_DEVICE/Target/usbd_conf.o
                0x000000000800d1e8                USBD_Get_USB_Status
 .text.malloc   0x000000000800d240       0x10 C:/ST/STM32CubeIDE_1.14.1/STM32CubeIDE/plugins/com.st.stm32cube.ide.mcu.externaltools.gnu-tools-for-stm32.11.3.rel1.win32_1.1.100.202309141235/tools/bin/../lib/gcc/arm-none-eabi/11.3.1/../../../../arm-none-eabi/lib/thumb/v7-m/nofp\libc_nano.a(libc_a-malloc.o)
                0x000000000800d240                malloc
 .text.free     0x000000000800d250       0x10 C:/ST/STM32CubeIDE_1.14.1/STM32CubeIDE/plugins/com.st.stm32cube.ide.mcu.externaltools.gnu-tools-for-stm32.11.3.rel1.win32_1.1.100.202309141235/tools/bin/../lib/gcc/arm-none-eabi/11.3.1/../../../../arm-none-eabi/lib/thumb/v7-m/nofp\libc_nano.a(libc_a-malloc.o)
                0x000000000800d250                free
 .text.sbrk_aligned
                0x000000000800d260       0x40 C:/ST/STM32CubeIDE_1.14.1/STM32CubeIDE/plugins/com.st.stm32cube.ide.mcu.externaltools.gnu-tools-for-stm32.11.3.rel1.win32_1.1.100.202309141235/tools/bin/../lib/gcc/arm-none-eabi/11.3.1/../../../../arm-none-eabi/lib/thumb/v7-m/nofp\libc_nano.a(libc_a-mallocr.o)
 .text._malloc_r
                0x000000000800d2a0      0x100 C:/ST/STM32CubeIDE_1.14.1/STM32CubeIDE/plugins/com.st.stm32cube.ide.mcu.externaltools.gnu-tools-for-stm32.11.3.rel1.win32_1.1.100.202309141235/tools/bin/../lib/gcc/arm-none-eabi/11.3.1/../../../../arm-none-eabi/lib/thumb/v7-m/nofp\libc_nano.a(libc_a-mallocr.o)
                0x000000000800d2a0                _malloc_r
 .text.__malloc_lock
                0x000000000800d3a0        0xc C:/ST/STM32CubeIDE_1.14.1/STM32CubeIDE/plugins/com.st.stm32cube.ide.mcu.externaltools.gnu-tools-for-stm32.11.3.rel1.win32_1.1.100.202309141235/tools/bin/../lib/gcc/arm-none-eabi/11.3.1/../../../../arm-none-eabi/lib/thumb/v7-m/nofp\libc_nano.a(libc_a-mlock.o)
                0x000000000800d3a0                __malloc_lock
 .text.__malloc_unlock
                0x000000000800d3ac        0xc C:/ST/STM32CubeIDE_1.14.1/STM32CubeIDE/plugins/com.st.stm32cube.ide.mcu.externaltools.gnu-tools-for-stm32.11.3.rel1.win32_1.1.100.202309141235/tools/bin/../lib/gcc/arm-none-eabi/11.3.1/../../../../arm-none-eabi/lib/thumb/v7-m/nofp\libc_nano.a(libc_a-mlock.o)
                0x000000000800d3ac                __malloc_unlock
 .text.memset   0x000000000800d3b8       0x10 C:/ST/STM32CubeIDE_1.14.1/STM32CubeIDE/plugins/com.st.stm32cube.ide.mcu.externaltools.gnu-tools-for-stm32.11.3.rel1.win32_1.1.100.202309141235/tools/bin/../lib/gcc/arm-none-eabi/11.3.1/../../../../arm-none-eabi/lib/thumb/v7-m/nofp\libc_nano.a(libc_a-memset.o)
                0x000000000800d3b8                memset
 .text._sbrk_r  0x000000000800d3c8       0x20 C:/ST/STM32CubeIDE_1.14.1/STM32CubeIDE/plugins/com.st.stm32cube.ide.mcu.externaltools.gnu-tools-for-stm32.11.3.rel1.win32_1.1.100.202309141235/tools/bin/../lib/gcc/arm-none-eabi/11.3.1/../../../../arm-none-eabi/lib/thumb/v7-m/nofp\libc_nano.a(libc_a-sbrkr.o)
                0x000000000800d3c8                _sbrk_r
 .text.__errno  0x000000000800d3e8        0xc C:/ST/STM32CubeIDE_1.14.1/STM32CubeIDE/plugins/com.st.stm32cube.ide.mcu.externaltools.gnu-tools-for-stm32.11.3.rel1.win32_1.1.100.202309141235/tools/bin/../lib/gcc/arm-none-eabi/11.3.1/../../../../arm-none-eabi/lib/thumb/v7-m/nofp\libc_nano.a(libc_a-errno.o)
                0x000000000800d3e8                __errno
 .text.__libc_init_array
                0x000000000800d3f4       0x48 C:/ST/STM32CubeIDE_1.14.1/STM32CubeIDE/plugins/com.st.stm32cube.ide.mcu.externaltools.gnu-tools-for-stm32.11.3.rel1.win32_1.1.100.202309141235/tools/bin/../lib/gcc/arm-none-eabi/11.3.1/../../../../arm-none-eabi/lib/thumb/v7-m/nofp\libc_nano.a(libc_a-init.o)
                0x000000000800d3f4                __libc_init_array
 .text.__retarget_lock_acquire_recursive
                0x000000000800d43c        0x2 C:/ST/STM32CubeIDE_1.14.1/STM32CubeIDE/plugins/com.st.stm32cube.ide.mcu.externaltools.gnu-tools-for-stm32.11.3.rel1.win32_1.1.100.202309141235/tools/bin/../lib/gcc/arm-none-eabi/11.3.1/../../../../arm-none-eabi/lib/thumb/v7-m/nofp\libc_nano.a(libc_a-lock.o)
                0x000000000800d43c                __retarget_lock_acquire_recursive
 .text.__retarget_lock_release_recursive
                0x000000000800d43e        0x2 C:/ST/STM32CubeIDE_1.14.1/STM32CubeIDE/plugins/com.st.stm32cube.ide.mcu.externaltools.gnu-tools-for-stm32.11.3.rel1.win32_1.1.100.202309141235/tools/bin/../lib/gcc/arm-none-eabi/11.3.1/../../../../arm-none-eabi/lib/thumb/v7-m/nofp\libc_nano.a(libc_a-lock.o)
                0x000000000800d43e                __retarget_lock_release_recursive
 .text._free_r  0x000000000800d440       0x90 C:/ST/STM32CubeIDE_1.14.1/STM32CubeIDE/plugins/com.st.stm32cube.ide.mcu.externaltools.gnu-tools-for-stm32.11.3.rel1.win32_1.1.100.202309141235/tools/bin/../lib/gcc/arm-none-eabi/11.3.1/../../../../arm-none-eabi/lib/thumb/v7-m/nofp\libc_nano.a(libc_a-freer.o)
                0x000000000800d440                _free_r
 *(.glue_7)
 .glue_7        0x000000000800d4d0        0x0 linker stubs
 *(.glue_7t)
 .glue_7t       0x000000000800d4d0        0x0 linker stubs
 *(.eh_frame)
 .eh_frame      0x000000000800d4d0        0x0 C:/ST/STM32CubeIDE_1.14.1/STM32CubeIDE/plugins/com.st.stm32cube.ide.mcu.externaltools.gnu-tools-for-stm32.11.3.rel1.win32_1.1.100.202309141235/tools/bin/../lib/gcc/arm-none-eabi/11.3.1/thumb/v7-m/nofp/crtbegin.o
 *(.init)
 .init          0x000000000800d4d0        0x4 C:/ST/STM32CubeIDE_1.14.1/STM32CubeIDE/plugins/com.st.stm32cube.ide.mcu.externaltools.gnu-tools-for-stm32.11.3.rel1.win32_1.1.100.202309141235/tools/bin/../lib/gcc/arm-none-eabi/11.3.1/thumb/v7-m/nofp/crti.o
                0x000000000800d4d0                _init
 .init          0x000000000800d4d4        0x8 C:/ST/STM32CubeIDE_1.14.1/STM32CubeIDE/plugins/com.st.stm32cube.ide.mcu.externaltools.gnu-tools-for-stm32.11.3.rel1.win32_1.1.100.202309141235/tools/bin/../lib/gcc/arm-none-eabi/11.3.1/thumb/v7-m/nofp/crtn.o
 *(.fini)
 .fini          0x000000000800d4dc        0x4 C:/ST/STM32CubeIDE_1.14.1/STM32CubeIDE/plugins/com.st.stm32cube.ide.mcu.externaltools.gnu-tools-for-stm32.11.3.rel1.win32_1.1.100.202309141235/tools/bin/../lib/gcc/arm-none-eabi/11.3.1/thumb/v7-m/nofp/crti.o
                0x000000000800d4dc                _fini
 .fini          0x000000000800d4e0        0x8 C:/ST/STM32CubeIDE_1.14.1/STM32CubeIDE/plugins/com.st.stm32cube.ide.mcu.externaltools.gnu-tools-for-stm32.11.3.rel1.win32_1.1.100.202309141235/tools/bin/../lib/gcc/arm-none-eabi/11.3.1/thumb/v7-m/nofp/crtn.o
                0x000000000800d4e8                . = ALIGN (0x4)
                0x000000000800d4e8                _etext = .

.vfp11_veneer   0x000000000800d4e8        0x0
 .vfp11_veneer  0x000000000800d4e8        0x0 linker stubs

.v4_bx          0x000000000800d4e8        0x0
 .v4_bx         0x000000000800d4e8        0x0 linker stubs

.iplt           0x000000000800d4e8        0x0
 .iplt          0x000000000800d4e8        0x0 C:/ST/STM32CubeIDE_1.14.1/STM32CubeIDE/plugins/com.st.stm32cube.ide.mcu.externaltools.gnu-tools-for-stm32.11.3.rel1.win32_1.1.100.202309141235/tools/bin/../lib/gcc/arm-none-eabi/11.3.1/thumb/v7-m/nofp/crtbegin.o

.rodata         0x000000000800d4e8      0x28c
                0x000000000800d4e8                . = ALIGN (0x4)
 *(.rodata)
 .rodata        0x000000000800d4e8       0x12 ./Core/Src/main.o
 *fill*         0x000000000800d4fa        0x2 
 .rodata        0x000000000800d4fc       0x42 ./USB_DEVICE/App/usbd_desc.o
 *(.rodata*)
 *fill*         0x000000000800d53e        0x2 
 .rodata.auchCRCHi
                0x000000000800d540      0x100 ./Core/Src/main.o
                0x000000000800d540                auchCRCHi
 .rodata.auchCRCLo
                0x000000000800d640      0x100 ./Core/Src/main.o
                0x000000000800d640                auchCRCLo
 .rodata.AHBPrescTable
                0x000000000800d740       0x10 ./Core/Src/system_stm32f2xx.o
                0x000000000800d740                AHBPrescTable
 .rodata.APBPrescTable
                0x000000000800d750        0x8 ./Core/Src/system_stm32f2xx.o
                0x000000000800d750                APBPrescTable
 .rodata.flagBitshiftOffset.0
                0x000000000800d758        0x8 ./Drivers/STM32F2xx_HAL_Driver/Src/stm32f2xx_hal_dma.o
 .rodata.SD_Driver
                0x000000000800d760       0x14 ./Middlewares/Third_Party/FatFs/src/drivers/sd_diskio.o
                0x000000000800d760                SD_Driver
                0x000000000800d774                . = ALIGN (0x4)

.ARM.extab      0x000000000800d774        0x0
                0x000000000800d774                . = ALIGN (0x4)
 *(.ARM.extab* .gnu.linkonce.armextab.*)
                0x000000000800d774                . = ALIGN (0x4)

.ARM            0x000000000800d774        0x8
                0x000000000800d774                . = ALIGN (0x4)
                0x000000000800d774                __exidx_start = .
 *(.ARM.exidx*)
 .ARM.exidx     0x000000000800d774        0x8 C:/ST/STM32CubeIDE_1.14.1/STM32CubeIDE/plugins/com.st.stm32cube.ide.mcu.externaltools.gnu-tools-for-stm32.11.3.rel1.win32_1.1.100.202309141235/tools/bin/../lib/gcc/arm-none-eabi/11.3.1/thumb/v7-m/nofp\libgcc.a(_udivmoddi4.o)
                0x000000000800d77c                __exidx_end = .
                0x000000000800d77c                . = ALIGN (0x4)

.rel.dyn        0x000000000800d77c        0x0
 .rel.iplt      0x000000000800d77c        0x0 C:/ST/STM32CubeIDE_1.14.1/STM32CubeIDE/plugins/com.st.stm32cube.ide.mcu.externaltools.gnu-tools-for-stm32.11.3.rel1.win32_1.1.100.202309141235/tools/bin/../lib/gcc/arm-none-eabi/11.3.1/thumb/v7-m/nofp/crtbegin.o

.preinit_array  0x000000000800d77c        0x0
                0x000000000800d77c                . = ALIGN (0x4)
                0x000000000800d77c                PROVIDE (__preinit_array_start = .)
 *(.preinit_array*)
                0x000000000800d77c                PROVIDE (__preinit_array_end = .)
                0x000000000800d77c                . = ALIGN (0x4)

.init_array     0x000000000800d77c        0x4
                0x000000000800d77c                . = ALIGN (0x4)
                0x000000000800d77c                PROVIDE (__init_array_start = .)
 *(SORT_BY_NAME(.init_array.*))
 *(.init_array*)
 .init_array    0x000000000800d77c        0x4 C:/ST/STM32CubeIDE_1.14.1/STM32CubeIDE/plugins/com.st.stm32cube.ide.mcu.externaltools.gnu-tools-for-stm32.11.3.rel1.win32_1.1.100.202309141235/tools/bin/../lib/gcc/arm-none-eabi/11.3.1/thumb/v7-m/nofp/crtbegin.o
                0x000000000800d780                PROVIDE (__init_array_end = .)
                0x000000000800d780                . = ALIGN (0x4)

.fini_array     0x000000000800d780        0x4
                0x000000000800d780                . = ALIGN (0x4)
                [!provide]                        PROVIDE (__fini_array_start = .)
 *(SORT_BY_NAME(.fini_array.*))
 *(.fini_array*)
 .fini_array    0x000000000800d780        0x4 C:/ST/STM32CubeIDE_1.14.1/STM32CubeIDE/plugins/com.st.stm32cube.ide.mcu.externaltools.gnu-tools-for-stm32.11.3.rel1.win32_1.1.100.202309141235/tools/bin/../lib/gcc/arm-none-eabi/11.3.1/thumb/v7-m/nofp/crtbegin.o
                [!provide]                        PROVIDE (__fini_array_end = .)
                0x000000000800d784                . = ALIGN (0x4)
                0x000000000800d784                _sidata = LOADADDR (.data)

.data           0x0000000020000000      0x210 load address 0x000000000800d784
                0x0000000020000000                . = ALIGN (0x4)
                0x0000000020000000                _sdata = .
 *(.data)
 *(.data*)
 .data.ModbusReg
                0x0000000020000000       0x40 ./Core/Src/main.o
                0x0000000020000000                ModbusReg
 .data.SystemCoreClock
                0x0000000020000040        0x4 ./Core/Src/system_stm32f2xx.o
                0x0000000020000040                SystemCoreClock
 .data.uwTickPrio
                0x0000000020000044        0x4 ./Drivers/STM32F2xx_HAL_Driver/Src/stm32f2xx_hal.o
                0x0000000020000044                uwTickPrio
 .data.uwTickFreq
                0x0000000020000048        0x1 ./Drivers/STM32F2xx_HAL_Driver/Src/stm32f2xx_hal.o
                0x0000000020000048                uwTickFreq
 *fill*         0x0000000020000049        0x3 
 .data.USBD_CDC_DeviceQualifierDesc
                0x000000002000004c        0xa ./Middlewares/ST/STM32_USB_Device_Library/Class/CDC/Src/usbd_cdc.o
 *fill*         0x0000000020000056        0x2 
 .data.USBD_CDC
                0x0000000020000058       0x38 ./Middlewares/ST/STM32_USB_Device_Library/Class/CDC/Src/usbd_cdc.o
                0x0000000020000058                USBD_CDC
 .data.USBD_CDC_CfgHSDesc
                0x0000000020000090       0x43 ./Middlewares/ST/STM32_USB_Device_Library/Class/CDC/Src/usbd_cdc.o
                0x0000000020000090                USBD_CDC_CfgHSDesc
 *fill*         0x00000000200000d3        0x1 
 .data.USBD_CDC_CfgFSDesc
                0x00000000200000d4       0x43 ./Middlewares/ST/STM32_USB_Device_Library/Class/CDC/Src/usbd_cdc.o
                0x00000000200000d4                USBD_CDC_CfgFSDesc
 *fill*         0x0000000020000117        0x1 
 .data.USBD_CDC_OtherSpeedCfgDesc
                0x0000000020000118       0x43 ./Middlewares/ST/STM32_USB_Device_Library/Class/CDC/Src/usbd_cdc.o
                0x0000000020000118                USBD_CDC_OtherSpeedCfgDesc
 .data.Stat     0x000000002000015b        0x1 ./Middlewares/Third_Party/FatFs/src/drivers/sd_diskio.o
 .data.switch_timer.2
                0x000000002000015c        0x1 ./Module/Src/debug_LED.o
 *fill*         0x000000002000015d        0x1 
 .data.Frame_Delay
                0x000000002000015e        0x2 ./Module/Src/spi_LED.o
                0x000000002000015e                Frame_Delay
 .data.USBD_Interface_fops_FS
                0x0000000020000160       0x10 ./USB_DEVICE/App/usbd_cdc_if.o
                0x0000000020000160                USBD_Interface_fops_FS
 .data.FS_Desc  0x0000000020000170       0x1c ./USB_DEVICE/App/usbd_desc.o
                0x0000000020000170                FS_Desc
 .data.USBD_FS_DeviceDesc
                0x000000002000018c       0x12 ./USB_DEVICE/App/usbd_desc.o
                0x000000002000018c                USBD_FS_DeviceDesc
 *fill*         0x000000002000019e        0x2 
 .data.USBD_LangIDDesc
                0x00000000200001a0        0x4 ./USB_DEVICE/App/usbd_desc.o
                0x00000000200001a0                USBD_LangIDDesc
 .data.USBD_StringSerial
                0x00000000200001a4       0x1a ./USB_DEVICE/App/usbd_desc.o
                0x00000000200001a4                USBD_StringSerial
 *fill*         0x00000000200001be        0x2 
 .data._impure_data
                0x00000000200001c0       0x4c C:/ST/STM32CubeIDE_1.14.1/STM32CubeIDE/plugins/com.st.stm32cube.ide.mcu.externaltools.gnu-tools-for-stm32.11.3.rel1.win32_1.1.100.202309141235/tools/bin/../lib/gcc/arm-none-eabi/11.3.1/../../../../arm-none-eabi/lib/thumb/v7-m/nofp\libc_nano.a(libc_a-impure.o)
                0x00000000200001c0                _impure_data
 .data._impure_ptr
                0x000000002000020c        0x4 C:/ST/STM32CubeIDE_1.14.1/STM32CubeIDE/plugins/com.st.stm32cube.ide.mcu.externaltools.gnu-tools-for-stm32.11.3.rel1.win32_1.1.100.202309141235/tools/bin/../lib/gcc/arm-none-eabi/11.3.1/../../../../arm-none-eabi/lib/thumb/v7-m/nofp\libc_nano.a(libc_a-impure.o)
                0x000000002000020c                _impure_ptr
 *(.RamFunc)
 *(.RamFunc*)
                0x0000000020000210                . = ALIGN (0x4)
                0x0000000020000210                _edata = .

.igot.plt       0x0000000020000210        0x0 load address 0x000000000800d994
 .igot.plt      0x0000000020000210        0x0 C:/ST/STM32CubeIDE_1.14.1/STM32CubeIDE/plugins/com.st.stm32cube.ide.mcu.externaltools.gnu-tools-for-stm32.11.3.rel1.win32_1.1.100.202309141235/tools/bin/../lib/gcc/arm-none-eabi/11.3.1/thumb/v7-m/nofp/crtbegin.o
                0x0000000020000210                . = ALIGN (0x4)

.bss            0x0000000020000210     0x36a0 load address 0x000000000800d994
                0x0000000020000210                _sbss = .
                0x0000000020000210                __bss_start__ = _sbss
 *(.bss)
 .bss           0x0000000020000210       0x1c C:/ST/STM32CubeIDE_1.14.1/STM32CubeIDE/plugins/com.st.stm32cube.ide.mcu.externaltools.gnu-tools-for-stm32.11.3.rel1.win32_1.1.100.202309141235/tools/bin/../lib/gcc/arm-none-eabi/11.3.1/thumb/v7-m/nofp/crtbegin.o
 *(.bss*)
 .bss.hcrc      0x000000002000022c        0x8 ./Core/Src/crc.o
                0x000000002000022c                hcrc
 .bss.hdma_memtomem_dma2_stream0
                0x0000000020000234       0x60 ./Core/Src/dma.o
                0x0000000020000234                hdma_memtomem_dma2_stream0
 .bss.hi2c2     0x0000000020000294       0x54 ./Core/Src/i2c.o
                0x0000000020000294                hi2c2
 .bss.rx_byte   0x00000000200002e8        0x1 ./Core/Src/main.o
                0x00000000200002e8                rx_byte
 .bss.current_byte.5
                0x00000000200002e9        0x1 ./Core/Src/main.o
 *fill*         0x00000000200002ea        0x2 
 .bss.reseive_msg.4
                0x00000000200002ec       0x10 ./Core/Src/main.o
 .bss.timer_5_sec.3
                0x00000000200002fc        0x1 ./Core/Src/main.o
 *fill*         0x00000000200002fd        0x3 
 .bss.transmit_msg.2
                0x0000000020000300       0x10 ./Core/Src/main.o
 .bss.transmit_msg.1