../Drivers/STM32F2xx_HAL_Driver/Src/stm32f2xx_hal_rtc.c:237:19:HAL_RTC_Init	16	static
../Drivers/STM32F2xx_HAL_Driver/Src/stm32f2xx_hal_rtc.c:348:19:HAL_RTC_DeInit	24	static
../Drivers/STM32F2xx_HAL_Driver/Src/stm32f2xx_hal_rtc.c:639:13:HAL_RTC_MspInit	16	static
../Drivers/STM32F2xx_HAL_Driver/Src/stm32f2xx_hal_rtc.c:654:13:HAL_RTC_MspDeInit	16	static
../Drivers/STM32F2xx_HAL_Driver/Src/stm32f2xx_hal_rtc.c:692:19:HAL_RTC_SetTime	40	static
../Drivers/STM32F2xx_HAL_Driver/Src/stm32f2xx_hal_rtc.c:815:19:HAL_RTC_GetTime	32	static
../Drivers/STM32F2xx_HAL_Driver/Src/stm32f2xx_hal_rtc.c:854:19:HAL_RTC_SetDate	40	static
../Drivers/STM32F2xx_HAL_Driver/Src/stm32f2xx_hal_rtc.c:960:19:HAL_RTC_GetDate	32	static
../Drivers/STM32F2xx_HAL_Driver/Src/stm32f2xx_hal_rtc.c:993:6:HAL_RTC_DST_Add1Hour	16	static
../Drivers/STM32F2xx_HAL_Driver/Src/stm32f2xx_hal_rtc.c:1006:6:HAL_RTC_DST_Sub1Hour	16	static
../Drivers/STM32F2xx_HAL_Driver/Src/stm32f2xx_hal_rtc.c:1019:6:HAL_RTC_DST_SetStoreOperation	16	static
../Drivers/STM32F2xx_HAL_Driver/Src/stm32f2xx_hal_rtc.c:1031:6:HAL_RTC_DST_ClearStoreOperation	16	static
../Drivers/STM32F2xx_HAL_Driver/Src/stm32f2xx_hal_rtc.c:1043:10:HAL_RTC_DST_ReadStoreOperation	16	static
../Drivers/STM32F2xx_HAL_Driver/Src/stm32f2xx_hal_rtc.c:1076:19:HAL_RTC_SetAlarm	40	static
../Drivers/STM32F2xx_HAL_Driver/Src/stm32f2xx_hal_rtc.c:1250:19:HAL_RTC_SetAlarm_IT	40	static
../Drivers/STM32F2xx_HAL_Driver/Src/stm32f2xx_hal_rtc.c:1425:19:HAL_RTC_DeactivateAlarm	24	static
../Drivers/STM32F2xx_HAL_Driver/Src/stm32f2xx_hal_rtc.c:1522:19:HAL_RTC_GetAlarm	32	static
../Drivers/STM32F2xx_HAL_Driver/Src/stm32f2xx_hal_rtc.c:1570:6:HAL_RTC_AlarmIRQHandler	16	static
../Drivers/STM32F2xx_HAL_Driver/Src/stm32f2xx_hal_rtc.c:1621:13:HAL_RTC_AlarmAEventCallback	16	static
../Drivers/STM32F2xx_HAL_Driver/Src/stm32f2xx_hal_rtc.c:1637:19:HAL_RTC_PollForAlarmAEvent	24	static
../Drivers/STM32F2xx_HAL_Driver/Src/stm32f2xx_hal_rtc.c:1699:19:HAL_RTC_WaitForSynchro	24	static
../Drivers/STM32F2xx_HAL_Driver/Src/stm32f2xx_hal_rtc.c:1745:21:HAL_RTC_GetState	16	static
../Drivers/STM32F2xx_HAL_Driver/Src/stm32f2xx_hal_rtc.c:1762:19:RTC_EnterInitMode	24	static
../Drivers/STM32F2xx_HAL_Driver/Src/stm32f2xx_hal_rtc.c:1794:9:RTC_ByteToBcd2	24	static
../Drivers/STM32F2xx_HAL_Driver/Src/stm32f2xx_hal_rtc.c:1812:9:RTC_Bcd2ToByte	24	static
