../Core/Src/main.c:170:5:main	40	static
../Core/Src/main.c:273:6:SystemClock_Config	96	static
../Core/Src/main.c:320:6:HAL_UART_RxCpltCallback	24	static
../Core/Src/main.c:359:6:Main_IncTic	8	static
../Core/Src/main.c:368:6:Update_reg	16	static
../Core/Src/main.c:388:6:Buttons_Handler	16	static
../Core/Src/main.c:403:10:MRTU_CRC	24	static
../Core/Src/main.c:414:6:MRTU_Read	24	static
../Core/Src/main.c:431:6:MRTU_Write	24	static
../Core/Src/main.c:449:6:MRTU_Error	24	static
../Core/Src/main.c:472:6:Error_Handler	4	static
